
Running 10 tests using 1 worker

  x   1 [chromium] ÔÇ║ e2e\kelionai.spec.js:28:3 ÔÇ║ Server health ÔÇ║ GET /health returns 200 with status=ok (18ms)
  x   2 [chromium] ÔÇ║ e2e\kelionai.spec.js:28:3 ÔÇ║ Server health ÔÇ║ GET /health returns 200 with status=ok (retry #1) (48ms)
  x   3 [chromium] ÔÇ║ e2e\kelionai.spec.js:35:3 ÔÇ║ Server health ÔÇ║ GET /ping returns a pong (21ms)
  x   4 [chromium] ÔÇ║ e2e\kelionai.spec.js:35:3 ÔÇ║ Server health ÔÇ║ GET /ping returns a pong (retry #1) (52ms)
  x   5 [chromium] ÔÇ║ e2e\kelionai.spec.js:42:3 ÔÇ║ Server health ÔÇ║ GET /api/nonexistent returns JSON 404 (17ms)
  x   6 [chromium] ÔÇ║ e2e\kelionai.spec.js:42:3 ÔÇ║ Server health ÔÇ║ GET /api/nonexistent returns JSON 404 (retry #1) (45ms)
  x   7 [chromium] ÔÇ║ e2e\kelionai.spec.js:51:3 ÔÇ║ Frontend shell ÔÇ║ GET / returns HTML with the Vite bundle and a root element (20ms)
  x   8 [chromium] ÔÇ║ e2e\kelionai.spec.js:51:3 ÔÇ║ Frontend shell ÔÇ║ GET / returns HTML with the Vite bundle and a root element (retry #1) (62ms)
  x   9 [chromium] ÔÇ║ e2e\kelionai.spec.js:60:3 ÔÇ║ Frontend shell ÔÇ║ Unknown route serves the SPA shell (client-side router takes over) (21ms)
  x  10 [chromium] ÔÇ║ e2e\kelionai.spec.js:60:3 ÔÇ║ Frontend shell ÔÇ║ Unknown route serves the SPA shell (client-side router takes over) (retry #1) (51ms)
  x  11 [chromium] ÔÇ║ e2e\kelionai.spec.js:72:3 ÔÇ║ Frontend shell ÔÇ║ GET /studio serves the SPA shell so client router can mount KelionStudio (20ms)
  x  12 [chromium] ÔÇ║ e2e\kelionai.spec.js:72:3 ÔÇ║ Frontend shell ÔÇ║ GET /studio serves the SPA shell so client router can mount KelionStudio (retry #1) (50ms)
  x  13 [chromium] ÔÇ║ e2e\kelionai.spec.js:86:3 ÔÇ║ Kelion Studio API (DS-1 / DS-3) wiring ÔÇ║ GET /api/studio/usage rejects anonymous callers with JSON 401 (20ms)
  x  14 [chromium] ÔÇ║ e2e\kelionai.spec.js:86:3 ÔÇ║ Kelion Studio API (DS-1 / DS-3) wiring ÔÇ║ GET /api/studio/usage rejects anonymous callers with JSON 401 (retry #1) (49ms)
  x  15 [chromium] ÔÇ║ e2e\kelionai.spec.js:99:3 ÔÇ║ Kelion Studio API (DS-1 / DS-3) wiring ÔÇ║ GET /api/studio/workspaces rejects anonymous callers with JSON 401 (19ms)
  x  16 [chromium] ÔÇ║ e2e\kelionai.spec.js:99:3 ÔÇ║ Kelion Studio API (DS-1 / DS-3) wiring ÔÇ║ GET /api/studio/workspaces rejects anonymous callers with JSON 401 (retry #1) (43ms)
  x  17 [chromium] ÔÇ║ e2e\kelionai.spec.js:109:3 ÔÇ║ Gemini Live token endpoint (Stage 1 precondition) ÔÇ║ Default (aistudio) returns a token (prod) or honest 503 (unconfigured CI) (20ms)
  x  18 [chromium] ÔÇ║ e2e\kelionai.spec.js:109:3 ÔÇ║ Gemini Live token endpoint (Stage 1 precondition) ÔÇ║ Default (aistudio) returns a token (prod) or honest 503 (unconfigured CI) (retry #1) (48ms)
  x  19 [chromium] ÔÇ║ e2e\kelionai.spec.js:131:3 ÔÇ║ Gemini Live token endpoint (Stage 1 precondition) ÔÇ║ Forcing ?backend=vertex exercises the Vertex AI path (32ms)
  x  20 [chromium] ÔÇ║ e2e\kelionai.spec.js:131:3 ÔÇ║ Gemini Live token endpoint (Stage 1 precondition) ÔÇ║ Forcing ?backend=vertex exercises the Vertex AI path (retry #1) (47ms)


  1) [chromium] ÔÇ║ e2e\kelionai.spec.js:28:3 ÔÇ║ Server health ÔÇ║ GET /health returns 200 with status=ok 

    Error: apiRequestContext.get: connect ECONNREFUSED 127.0.0.1:5173
    Call log:
    [2m  - ÔåÆ GET http://127.0.0.1:5173/health[22m
    [2m    - user-agent: Mozilla/5.0 (Windows NT 10.0; Win64; x64) AppleWebKit/537.36 (KHTML, like Gecko) Chrome/147.0.7727.15 Safari/537.36[22m
    [2m    - accept: */*[22m
    [2m    - accept-encoding: gzip,deflate,br[22m


      27 | test.describe('Server health', () => {
      28 |   test('GET /health returns 200 with status=ok', async ({ request }) => {
    > 29 |     const res = await request.get(`${BASE}/health`);
         |                               ^
      30 |     expect(res.status()).toBe(200);
      31 |     const body = await res.json();
      32 |     expect(body.status).toBe('ok');
        at C:\Users\adria\.antigravity\extensions\kelionai-v2\e2e\kelionai.spec.js:29:31

    Error Context: test-results\kelionai-Server-health-GET-health-returns-200-with-status-ok-chromium\error-context.md

    Retry #1 ÔöÇÔöÇÔöÇÔöÇÔöÇÔöÇÔöÇÔöÇÔöÇÔöÇÔöÇÔöÇÔöÇÔöÇÔöÇÔöÇÔöÇÔöÇÔöÇÔöÇÔöÇÔöÇÔöÇÔöÇÔöÇÔöÇÔöÇÔöÇÔöÇÔöÇÔöÇÔöÇÔöÇÔöÇÔöÇÔöÇÔöÇÔöÇÔöÇÔöÇÔöÇÔöÇÔöÇÔöÇÔöÇÔöÇÔöÇÔöÇÔöÇÔöÇÔöÇÔöÇÔöÇÔöÇÔöÇÔöÇÔöÇÔöÇÔöÇÔöÇÔöÇÔöÇÔöÇÔöÇÔöÇÔöÇÔöÇÔöÇÔöÇÔöÇÔöÇÔöÇÔöÇÔöÇÔöÇÔöÇÔöÇÔöÇÔöÇÔöÇÔöÇÔöÇÔöÇÔöÇÔöÇÔöÇÔöÇ

    Error: apiRequestContext.get: connect ECONNREFUSED 127.0.0.1:5173
    Call log:
    [2m  - ÔåÆ GET http://127.0.0.1:5173/health[22m
    [2m    - user-agent: Mozilla/5.0 (Windows NT 10.0; Win64; x64) AppleWebKit/537.36 (KHTML, like Gecko) Chrome/147.0.7727.15 Safari/537.36[22m
    [2m    - accept: */*[22m
    [2m    - accept-encoding: gzip,deflate,br[22m


      27 | test.describe('Server health', () => {
      28 |   test('GET /health returns 200 with status=ok', async ({ request }) => {
    > 29 |     const res = await request.get(`${BASE}/health`);
         |                               ^
      30 |     expect(res.status()).toBe(200);
      31 |     const body = await res.json();
      32 |     expect(body.status).toBe('ok');
        at C:\Users\adria\.antigravity\extensions\kelionai-v2\e2e\kelionai.spec.js:29:31

    Error Context: test-results\kelionai-Server-health-GET-health-returns-200-with-status-ok-chromium-retry1\error-context.md

    attachment #2: trace (application/zip) ÔöÇÔöÇÔöÇÔöÇÔöÇÔöÇÔöÇÔöÇÔöÇÔöÇÔöÇÔöÇÔöÇÔöÇÔöÇÔöÇÔöÇÔöÇÔöÇÔöÇÔöÇÔöÇÔöÇÔöÇÔöÇÔöÇÔöÇÔöÇÔöÇÔöÇÔöÇÔöÇÔöÇÔöÇÔöÇÔöÇÔöÇÔöÇÔöÇÔöÇÔöÇÔöÇÔöÇÔöÇÔöÇÔöÇÔöÇÔöÇÔöÇÔöÇÔöÇÔöÇÔöÇÔöÇÔöÇÔöÇÔöÇ
    test-results\kelionai-Server-health-GET-health-returns-200-with-status-ok-chromium-retry1\trace.zip
    Usage:

        npx playwright show-trace test-results\kelionai-Server-health-GET-health-returns-200-with-status-ok-chromium-retry1\trace.zip

    ÔöÇÔöÇÔöÇÔöÇÔöÇÔöÇÔöÇÔöÇÔöÇÔöÇÔöÇÔöÇÔöÇÔöÇÔöÇÔöÇÔöÇÔöÇÔöÇÔöÇÔöÇÔöÇÔöÇÔöÇÔöÇÔöÇÔöÇÔöÇÔöÇÔöÇÔöÇÔöÇÔöÇÔöÇÔöÇÔöÇÔöÇÔöÇÔöÇÔöÇÔöÇÔöÇÔöÇÔöÇÔöÇÔöÇÔöÇÔöÇÔöÇÔöÇÔöÇÔöÇÔöÇÔöÇÔöÇÔöÇÔöÇÔöÇÔöÇÔöÇÔöÇÔöÇÔöÇÔöÇÔöÇÔöÇÔöÇÔöÇÔöÇÔöÇÔöÇÔöÇÔöÇÔöÇÔöÇÔöÇÔöÇÔöÇÔöÇÔöÇÔöÇÔöÇÔöÇÔöÇÔöÇÔöÇÔöÇÔöÇÔöÇÔöÇÔöÇÔöÇÔöÇÔöÇÔöÇÔöÇ

  2) [chromium] ÔÇ║ e2e\kelionai.spec.js:35:3 ÔÇ║ Server health ÔÇ║ GET /ping returns a pong ÔöÇÔöÇÔöÇÔöÇÔöÇÔöÇÔöÇÔöÇÔöÇÔöÇÔöÇÔöÇÔöÇ

    Error: apiRequestContext.get: connect ECONNREFUSED 127.0.0.1:5173
    Call log:
    [2m  - ÔåÆ GET http://127.0.0.1:5173/ping[22m
    [2m    - user-agent: Mozilla/5.0 (Windows NT 10.0; Win64; x64) AppleWebKit/537.36 (KHTML, like Gecko) Chrome/147.0.7727.15 Safari/537.36[22m
    [2m    - accept: */*[22m
    [2m    - accept-encoding: gzip,deflate,br[22m


      34 |
      35 |   test('GET /ping returns a pong', async ({ request }) => {
    > 36 |     const res = await request.get(`${BASE}/ping`);
         |                               ^
      37 |     expect(res.status()).toBe(200);
      38 |     const text = (await res.text()).toUpperCase();
      39 |     expect(text).toContain('PONG');
        at C:\Users\adria\.antigravity\extensions\kelionai-v2\e2e\kelionai.spec.js:36:31

    Error Context: test-results\kelionai-Server-health-GET-ping-returns-a-pong-chromium\error-context.md

    Retry #1 ÔöÇÔöÇÔöÇÔöÇÔöÇÔöÇÔöÇÔöÇÔöÇÔöÇÔöÇÔöÇÔöÇÔöÇÔöÇÔöÇÔöÇÔöÇÔöÇÔöÇÔöÇÔöÇÔöÇÔöÇÔöÇÔöÇÔöÇÔöÇÔöÇÔöÇÔöÇÔöÇÔöÇÔöÇÔöÇÔöÇÔöÇÔöÇÔöÇÔöÇÔöÇÔöÇÔöÇÔöÇÔöÇÔöÇÔöÇÔöÇÔöÇÔöÇÔöÇÔöÇÔöÇÔöÇÔöÇÔöÇÔöÇÔöÇÔöÇÔöÇÔöÇÔöÇÔöÇÔöÇÔöÇÔöÇÔöÇÔöÇÔöÇÔöÇÔöÇÔöÇÔöÇÔöÇÔöÇÔöÇÔöÇÔöÇÔöÇÔöÇÔöÇÔöÇÔöÇÔöÇÔöÇÔöÇÔöÇ

    Error: apiRequestContext.get: connect ECONNREFUSED 127.0.0.1:5173
    Call log:
    [2m  - ÔåÆ GET http://127.0.0.1:5173/ping[22m
    [2m    - user-agent: Mozilla/5.0 (Windows NT 10.0; Win64; x64) AppleWebKit/537.36 (KHTML, like Gecko) Chrome/147.0.7727.15 Safari/537.36[22m
    [2m    - accept: */*[22m
    [2m    - accept-encoding: gzip,deflate,br[22m


      34 |
      35 |   test('GET /ping returns a pong', async ({ request }) => {
    > 36 |     const res = await request.get(`${BASE}/ping`);
         |                               ^
      37 |     expect(res.status()).toBe(200);
      38 |     const text = (await res.text()).toUpperCase();
      39 |     expect(text).toContain('PONG');
        at C:\Users\adria\.antigravity\extensions\kelionai-v2\e2e\kelionai.spec.js:36:31

    Error Context: test-results\kelionai-Server-health-GET-ping-returns-a-pong-chromium-retry1\error-context.md

    attachment #2: trace (application/zip) ÔöÇÔöÇÔöÇÔöÇÔöÇÔöÇÔöÇÔöÇÔöÇÔöÇÔöÇÔöÇÔöÇÔöÇÔöÇÔöÇÔöÇÔöÇÔöÇÔöÇÔöÇÔöÇÔöÇÔöÇÔöÇÔöÇÔöÇÔöÇÔöÇÔöÇÔöÇÔöÇÔöÇÔöÇÔöÇÔöÇÔöÇÔöÇÔöÇÔöÇÔöÇÔöÇÔöÇÔöÇÔöÇÔöÇÔöÇÔöÇÔöÇÔöÇÔöÇÔöÇÔöÇÔöÇÔöÇÔöÇÔöÇ
    test-results\kelionai-Server-health-GET-ping-returns-a-pong-chromium-retry1\trace.zip
    Usage:

        npx playwright show-trace test-results\kelionai-Server-health-GET-ping-returns-a-pong-chromium-retry1\trace.zip

    ÔöÇÔöÇÔöÇÔöÇÔöÇÔöÇÔöÇÔöÇÔöÇÔöÇÔöÇÔöÇÔöÇÔöÇÔöÇÔöÇÔöÇÔöÇÔöÇÔöÇÔöÇÔöÇÔöÇÔöÇÔöÇÔöÇÔöÇÔöÇÔöÇÔöÇÔöÇÔöÇÔöÇÔöÇÔöÇÔöÇÔöÇÔöÇÔöÇÔöÇÔöÇÔöÇÔöÇÔöÇÔöÇÔöÇÔöÇÔöÇÔöÇÔöÇÔöÇÔöÇÔöÇÔöÇÔöÇÔöÇÔöÇÔöÇÔöÇÔöÇÔöÇÔöÇÔöÇÔöÇÔöÇÔöÇÔöÇÔöÇÔöÇÔöÇÔöÇÔöÇÔöÇÔöÇÔöÇÔöÇÔöÇÔöÇÔöÇÔöÇÔöÇÔöÇÔöÇÔöÇÔöÇÔöÇÔöÇÔöÇÔöÇÔöÇÔöÇÔöÇÔöÇÔöÇÔöÇÔöÇ

  3) [chromium] ÔÇ║ e2e\kelionai.spec.js:42:3 ÔÇ║ Server health ÔÇ║ GET /api/nonexistent returns JSON 404 

    Error: apiRequestContext.get: connect ECONNREFUSED 127.0.0.1:5173
    Call log:
    [2m  - ÔåÆ GET http://127.0.0.1:5173/api/nonexistent-endpoint[22m
    [2m    - user-agent: Mozilla/5.0 (Windows NT 10.0; Win64; x64) AppleWebKit/537.36 (KHTML, like Gecko) Chrome/147.0.7727.15 Safari/537.36[22m
    [2m    - accept: */*[22m
    [2m    - accept-encoding: gzip,deflate,br[22m


      41 |
      42 |   test('GET /api/nonexistent returns JSON 404', async ({ request }) => {
    > 43 |     const res = await request.get(`${BASE}/api/nonexistent-endpoint`);
         |                               ^
      44 |     expect(res.status()).toBe(404);
      45 |     const body = await res.json().catch(() => null);
      46 |     expect(body).toBeTruthy();
        at C:\Users\adria\.antigravity\extensions\kelionai-v2\e2e\kelionai.spec.js:43:31

    Error Context: test-results\kelionai-Server-health-GET-api-nonexistent-returns-JSON-404-chromium\error-context.md

    Retry #1 ÔöÇÔöÇÔöÇÔöÇÔöÇÔöÇÔöÇÔöÇÔöÇÔöÇÔöÇÔöÇÔöÇÔöÇÔöÇÔöÇÔöÇÔöÇÔöÇÔöÇÔöÇÔöÇÔöÇÔöÇÔöÇÔöÇÔöÇÔöÇÔöÇÔöÇÔöÇÔöÇÔöÇÔöÇÔöÇÔöÇÔöÇÔöÇÔöÇÔöÇÔöÇÔöÇÔöÇÔöÇÔöÇÔöÇÔöÇÔöÇÔöÇÔöÇÔöÇÔöÇÔöÇÔöÇÔöÇÔöÇÔöÇÔöÇÔöÇÔöÇÔöÇÔöÇÔöÇÔöÇÔöÇÔöÇÔöÇÔöÇÔöÇÔöÇÔöÇÔöÇÔöÇÔöÇÔöÇÔöÇÔöÇÔöÇÔöÇÔöÇÔöÇÔöÇÔöÇÔöÇÔöÇÔöÇÔöÇ

    Error: apiRequestContext.get: connect ECONNREFUSED 127.0.0.1:5173
    Call log:
    [2m  - ÔåÆ GET http://127.0.0.1:5173/api/nonexistent-endpoint[22m
    [2m    - user-agent: Mozilla/5.0 (Windows NT 10.0; Win64; x64) AppleWebKit/537.36 (KHTML, like Gecko) Chrome/147.0.7727.15 Safari/537.36[22m
    [2m    - accept: */*[22m
    [2m    - accept-encoding: gzip,deflate,br[22m


      41 |
      42 |   test('GET /api/nonexistent returns JSON 404', async ({ request }) => {
    > 43 |     const res = await request.get(`${BASE}/api/nonexistent-endpoint`);
         |                               ^
      44 |     expect(res.status()).toBe(404);
      45 |     const body = await res.json().catch(() => null);
      46 |     expect(body).toBeTruthy();
        at C:\Users\adria\.antigravity\extensions\kelionai-v2\e2e\kelionai.spec.js:43:31

    Error Context: test-results\kelionai-Server-health-GET-api-nonexistent-returns-JSON-404-chromium-retry1\error-context.md

    attachment #2: trace (application/zip) ÔöÇÔöÇÔöÇÔöÇÔöÇÔöÇÔöÇÔöÇÔöÇÔöÇÔöÇÔöÇÔöÇÔöÇÔöÇÔöÇÔöÇÔöÇÔöÇÔöÇÔöÇÔöÇÔöÇÔöÇÔöÇÔöÇÔöÇÔöÇÔöÇÔöÇÔöÇÔöÇÔöÇÔöÇÔöÇÔöÇÔöÇÔöÇÔöÇÔöÇÔöÇÔöÇÔöÇÔöÇÔöÇÔöÇÔöÇÔöÇÔöÇÔöÇÔöÇÔöÇÔöÇÔöÇÔöÇÔöÇÔöÇ
    test-results\kelionai-Server-health-GET-api-nonexistent-returns-JSON-404-chromium-retry1\trace.zip
    Usage:

        npx playwright show-trace test-results\kelionai-Server-health-GET-api-nonexistent-returns-JSON-404-chromium-retry1\trace.zip

    ÔöÇÔöÇÔöÇÔöÇÔöÇÔöÇÔöÇÔöÇÔöÇÔöÇÔöÇÔöÇÔöÇÔöÇÔöÇÔöÇÔöÇÔöÇÔöÇÔöÇÔöÇÔöÇÔöÇÔöÇÔöÇÔöÇÔöÇÔöÇÔöÇÔöÇÔöÇÔöÇÔöÇÔöÇÔöÇÔöÇÔöÇÔöÇÔöÇÔöÇÔöÇÔöÇÔöÇÔöÇÔöÇÔöÇÔöÇÔöÇÔöÇÔöÇÔöÇÔöÇÔöÇÔöÇÔöÇÔöÇÔöÇÔöÇÔöÇÔöÇÔöÇÔöÇÔöÇÔöÇÔöÇÔöÇÔöÇÔöÇÔöÇÔöÇÔöÇÔöÇÔöÇÔöÇÔöÇÔöÇÔöÇÔöÇÔöÇÔöÇÔöÇÔöÇÔöÇÔöÇÔöÇÔöÇÔöÇÔöÇÔöÇÔöÇÔöÇÔöÇÔöÇÔöÇÔöÇÔöÇ

  4) [chromium] ÔÇ║ e2e\kelionai.spec.js:51:3 ÔÇ║ Frontend shell ÔÇ║ GET / returns HTML with the Vite bundle and a root element 

    Error: apiRequestContext.get: connect ECONNREFUSED 127.0.0.1:5173
    Call log:
    [2m  - ÔåÆ GET http://127.0.0.1:5173/[22m
    [2m    - user-agent: Mozilla/5.0 (Windows NT 10.0; Win64; x64) AppleWebKit/537.36 (KHTML, like Gecko) Chrome/147.0.7727.15 Safari/537.36[22m
    [2m    - accept: */*[22m
    [2m    - accept-encoding: gzip,deflate,br[22m


      50 | test.describe('Frontend shell', () => {
      51 |   test('GET / returns HTML with the Vite bundle and a root element', async ({ request }) => {
    > 52 |     const res = await request.get(`${BASE}/`);
         |                               ^
      53 |     expect(res.status()).toBe(200);
      54 |     const html = await res.text();
      55 |     expect(html).toContain('<div id="root"');
        at C:\Users\adria\.antigravity\extensions\kelionai-v2\e2e\kelionai.spec.js:52:31

    Error Context: test-results\kelionai-Frontend-shell-GE-25ba4-e-bundle-and-a-root-element-chromium\error-context.md

    Retry #1 ÔöÇÔöÇÔöÇÔöÇÔöÇÔöÇÔöÇÔöÇÔöÇÔöÇÔöÇÔöÇÔöÇÔöÇÔöÇÔöÇÔöÇÔöÇÔöÇÔöÇÔöÇÔöÇÔöÇÔöÇÔöÇÔöÇÔöÇÔöÇÔöÇÔöÇÔöÇÔöÇÔöÇÔöÇÔöÇÔöÇÔöÇÔöÇÔöÇÔöÇÔöÇÔöÇÔöÇÔöÇÔöÇÔöÇÔöÇÔöÇÔöÇÔöÇÔöÇÔöÇÔöÇÔöÇÔöÇÔöÇÔöÇÔöÇÔöÇÔöÇÔöÇÔöÇÔöÇÔöÇÔöÇÔöÇÔöÇÔöÇÔöÇÔöÇÔöÇÔöÇÔöÇÔöÇÔöÇÔöÇÔöÇÔöÇÔöÇÔöÇÔöÇÔöÇÔöÇÔöÇÔöÇÔöÇÔöÇ

    Error: apiRequestContext.get: connect ECONNREFUSED 127.0.0.1:5173
    Call log:
    [2m  - ÔåÆ GET http://127.0.0.1:5173/[22m
    [2m    - user-agent: Mozilla/5.0 (Windows NT 10.0; Win64; x64) AppleWebKit/537.36 (KHTML, like Gecko) Chrome/147.0.7727.15 Safari/537.36[22m
    [2m    - accept: */*[22m
    [2m    - accept-encoding: gzip,deflate,br[22m


      50 | test.describe('Frontend shell', () => {
      51 |   test('GET / returns HTML with the Vite bundle and a root element', async ({ request }) => {
    > 52 |     const res = await request.get(`${BASE}/`);
         |                               ^
      53 |     expect(res.status()).toBe(200);
      54 |     const html = await res.text();
      55 |     expect(html).toContain('<div id="root"');
        at C:\Users\adria\.antigravity\extensions\kelionai-v2\e2e\kelionai.spec.js:52:31

    Error Context: test-results\kelionai-Frontend-shell-GE-25ba4-e-bundle-and-a-root-element-chromium-retry1\error-context.md

    attachment #2: trace (application/zip) ÔöÇÔöÇÔöÇÔöÇÔöÇÔöÇÔöÇÔöÇÔöÇÔöÇÔöÇÔöÇÔöÇÔöÇÔöÇÔöÇÔöÇÔöÇÔöÇÔöÇÔöÇÔöÇÔöÇÔöÇÔöÇÔöÇÔöÇÔöÇÔöÇÔöÇÔöÇÔöÇÔöÇÔöÇÔöÇÔöÇÔöÇÔöÇÔöÇÔöÇÔöÇÔöÇÔöÇÔöÇÔöÇÔöÇÔöÇÔöÇÔöÇÔöÇÔöÇÔöÇÔöÇÔöÇÔöÇÔöÇÔöÇ
    test-results\kelionai-Frontend-shell-GE-25ba4-e-bundle-and-a-root-element-chromium-retry1\trace.zip
    Usage:

        npx playwright show-trace test-results\kelionai-Frontend-shell-GE-25ba4-e-bundle-and-a-root-element-chromium-retry1\trace.zip

    ÔöÇÔöÇÔöÇÔöÇÔöÇÔöÇÔöÇÔöÇÔöÇÔöÇÔöÇÔöÇÔöÇÔöÇÔöÇÔöÇÔöÇÔöÇÔöÇÔöÇÔöÇÔöÇÔöÇÔöÇÔöÇÔöÇÔöÇÔöÇÔöÇÔöÇÔöÇÔöÇÔöÇÔöÇÔöÇÔöÇÔöÇÔöÇÔöÇÔöÇÔöÇÔöÇÔöÇÔöÇÔöÇÔöÇÔöÇÔöÇÔöÇÔöÇÔöÇÔöÇÔöÇÔöÇÔöÇÔöÇÔöÇÔöÇÔöÇÔöÇÔöÇÔöÇÔöÇÔöÇÔöÇÔöÇÔöÇÔöÇÔöÇÔöÇÔöÇÔöÇÔöÇÔöÇÔöÇÔöÇÔöÇÔöÇÔöÇÔöÇÔöÇÔöÇÔöÇÔöÇÔöÇÔöÇÔöÇÔöÇÔöÇÔöÇÔöÇÔöÇÔöÇÔöÇÔöÇÔöÇ

  5) [chromium] ÔÇ║ e2e\kelionai.spec.js:60:3 ÔÇ║ Frontend shell ÔÇ║ Unknown route serves the SPA shell (client-side router takes over) 

    Error: apiRequestContext.get: connect ECONNREFUSED 127.0.0.1:5173
    Call log:
    [2m  - ÔåÆ GET http://127.0.0.1:5173/definitely-not-a-route-xyz[22m
    [2m    - user-agent: Mozilla/5.0 (Windows NT 10.0; Win64; x64) AppleWebKit/537.36 (KHTML, like Gecko) Chrome/147.0.7727.15 Safari/537.36[22m
    [2m    - accept: */*[22m
    [2m    - accept-encoding: gzip,deflate,br[22m


      59 |
      60 |   test('Unknown route serves the SPA shell (client-side router takes over)', async ({ request }) => {
    > 61 |     const res = await request.get(`${BASE}/definitely-not-a-route-xyz`);
         |                               ^
      62 |     expect(res.status()).toBe(200);
      63 |     const html = await res.text();
      64 |     expect(html).toContain('<div id="root"');
        at C:\Users\adria\.antigravity\extensions\kelionai-v2\e2e\kelionai.spec.js:61:31

    Error Context: test-results\kelionai-Frontend-shell-Un-697bc-ent-side-router-takes-over--chromium\error-context.md

    Retry #1 ÔöÇÔöÇÔöÇÔöÇÔöÇÔöÇÔöÇÔöÇÔöÇÔöÇÔöÇÔöÇÔöÇÔöÇÔöÇÔöÇÔöÇÔöÇÔöÇÔöÇÔöÇÔöÇÔöÇÔöÇÔöÇÔöÇÔöÇÔöÇÔöÇÔöÇÔöÇÔöÇÔöÇÔöÇÔöÇÔöÇÔöÇÔöÇÔöÇÔöÇÔöÇÔöÇÔöÇÔöÇÔöÇÔöÇÔöÇÔöÇÔöÇÔöÇÔöÇÔöÇÔöÇÔöÇÔöÇÔöÇÔöÇÔöÇÔöÇÔöÇÔöÇÔöÇÔöÇÔöÇÔöÇÔöÇÔöÇÔöÇÔöÇÔöÇÔöÇÔöÇÔöÇÔöÇÔöÇÔöÇÔöÇÔöÇÔöÇÔöÇÔöÇÔöÇÔöÇÔöÇÔöÇÔöÇÔöÇ

    Error: apiRequestContext.get: connect ECONNREFUSED 127.0.0.1:5173
    Call log:
    [2m  - ÔåÆ GET http://127.0.0.1:5173/definitely-not-a-route-xyz[22m
    [2m    - user-agent: Mozilla/5.0 (Windows NT 10.0; Win64; x64) AppleWebKit/537.36 (KHTML, like Gecko) Chrome/147.0.7727.15 Safari/537.36[22m
    [2m    - accept: */*[22m
    [2m    - accept-encoding: gzip,deflate,br[22m


      59 |
      60 |   test('Unknown route serves the SPA shell (client-side router takes over)', async ({ request }) => {
    > 61 |     const res = await request.get(`${BASE}/definitely-not-a-route-xyz`);
         |                               ^
      62 |     expect(res.status()).toBe(200);
      63 |     const html = await res.text();
      64 |     expect(html).toContain('<div id="root"');
        at C:\Users\adria\.antigravity\extensions\kelionai-v2\e2e\kelionai.spec.js:61:31

    Error Context: test-results\kelionai-Frontend-shell-Un-697bc-ent-side-router-takes-over--chromium-retry1\error-context.md

    attachment #2: trace (application/zip) ÔöÇÔöÇÔöÇÔöÇÔöÇÔöÇÔöÇÔöÇÔöÇÔöÇÔöÇÔöÇÔöÇÔöÇÔöÇÔöÇÔöÇÔöÇÔöÇÔöÇÔöÇÔöÇÔöÇÔöÇÔöÇÔöÇÔöÇÔöÇÔöÇÔöÇÔöÇÔöÇÔöÇÔöÇÔöÇÔöÇÔöÇÔöÇÔöÇÔöÇÔöÇÔöÇÔöÇÔöÇÔöÇÔöÇÔöÇÔöÇÔöÇÔöÇÔöÇÔöÇÔöÇÔöÇÔöÇÔöÇÔöÇ
    test-results\kelionai-Frontend-shell-Un-697bc-ent-side-router-takes-over--chromium-retry1\trace.zip
    Usage:

        npx playwright show-trace test-results\kelionai-Frontend-shell-Un-697bc-ent-side-router-takes-over--chromium-retry1\trace.zip

    ÔöÇÔöÇÔöÇÔöÇÔöÇÔöÇÔöÇÔöÇÔöÇÔöÇÔöÇÔöÇÔöÇÔöÇÔöÇÔöÇÔöÇÔöÇÔöÇÔöÇÔöÇÔöÇÔöÇÔöÇÔöÇÔöÇÔöÇÔöÇÔöÇÔöÇÔöÇÔöÇÔöÇÔöÇÔöÇÔöÇÔöÇÔöÇÔöÇÔöÇÔöÇÔöÇÔöÇÔöÇÔöÇÔöÇÔöÇÔöÇÔöÇÔöÇÔöÇÔöÇÔöÇÔöÇÔöÇÔöÇÔöÇÔöÇÔöÇÔöÇÔöÇÔöÇÔöÇÔöÇÔöÇÔöÇÔöÇÔöÇÔöÇÔöÇÔöÇÔöÇÔöÇÔöÇÔöÇÔöÇÔöÇÔöÇÔöÇÔöÇÔöÇÔöÇÔöÇÔöÇÔöÇÔöÇÔöÇÔöÇÔöÇÔöÇÔöÇÔöÇÔöÇÔöÇÔöÇÔöÇ

  6) [chromium] ÔÇ║ e2e\kelionai.spec.js:72:3 ÔÇ║ Frontend shell ÔÇ║ GET /studio serves the SPA shell so client router can mount KelionStudio 

    Error: apiRequestContext.get: connect ECONNREFUSED 127.0.0.1:5173
    Call log:
    [2m  - ÔåÆ GET http://127.0.0.1:5173/studio[22m
    [2m    - user-agent: Mozilla/5.0 (Windows NT 10.0; Win64; x64) AppleWebKit/537.36 (KHTML, like Gecko) Chrome/147.0.7727.15 Safari/537.36[22m
    [2m    - accept: */*[22m
    [2m    - accept-encoding: gzip,deflate,br[22m


      71 |   // doesn't 404 or redirect away from the shell.
      72 |   test('GET /studio serves the SPA shell so client router can mount KelionStudio', async ({ request }) => {
    > 73 |     const res = await request.get(`${BASE}/studio`);
         |                               ^
      74 |     expect(res.status()).toBe(200);
      75 |     const html = await res.text();
      76 |     expect(html).toContain('<div id="root"');
        at C:\Users\adria\.antigravity\extensions\kelionai-v2\e2e\kelionai.spec.js:73:31

    Error Context: test-results\kelionai-Frontend-shell-GE-97d7b-uter-can-mount-KelionStudio-chromium\error-context.md

    Retry #1 ÔöÇÔöÇÔöÇÔöÇÔöÇÔöÇÔöÇÔöÇÔöÇÔöÇÔöÇÔöÇÔöÇÔöÇÔöÇÔöÇÔöÇÔöÇÔöÇÔöÇÔöÇÔöÇÔöÇÔöÇÔöÇÔöÇÔöÇÔöÇÔöÇÔöÇÔöÇÔöÇÔöÇÔöÇÔöÇÔöÇÔöÇÔöÇÔöÇÔöÇÔöÇÔöÇÔöÇÔöÇÔöÇÔöÇÔöÇÔöÇÔöÇÔöÇÔöÇÔöÇÔöÇÔöÇÔöÇÔöÇÔöÇÔöÇÔöÇÔöÇÔöÇÔöÇÔöÇÔöÇÔöÇÔöÇÔöÇÔöÇÔöÇÔöÇÔöÇÔöÇÔöÇÔöÇÔöÇÔöÇÔöÇÔöÇÔöÇÔöÇÔöÇÔöÇÔöÇÔöÇÔöÇÔöÇÔöÇ

    Error: apiRequestContext.get: connect ECONNREFUSED 127.0.0.1:5173
    Call log:
    [2m  - ÔåÆ GET http://127.0.0.1:5173/studio[22m
    [2m    - user-agent: Mozilla/5.0 (Windows NT 10.0; Win64; x64) AppleWebKit/537.36 (KHTML, like Gecko) Chrome/147.0.7727.15 Safari/537.36[22m
    [2m    - accept: */*[22m
    [2m    - accept-encoding: gzip,deflate,br[22m


      71 |   // doesn't 404 or redirect away from the shell.
      72 |   test('GET /studio serves the SPA shell so client router can mount KelionStudio', async ({ request }) => {
    > 73 |     const res = await request.get(`${BASE}/studio`);
         |                               ^
      74 |     expect(res.status()).toBe(200);
      75 |     const html = await res.text();
      76 |     expect(html).toContain('<div id="root"');
        at C:\Users\adria\.antigravity\extensions\kelionai-v2\e2e\kelionai.spec.js:73:31

    Error Context: test-results\kelionai-Frontend-shell-GE-97d7b-uter-can-mount-KelionStudio-chromium-retry1\error-context.md

    attachment #2: trace (application/zip) ÔöÇÔöÇÔöÇÔöÇÔöÇÔöÇÔöÇÔöÇÔöÇÔöÇÔöÇÔöÇÔöÇÔöÇÔöÇÔöÇÔöÇÔöÇÔöÇÔöÇÔöÇÔöÇÔöÇÔöÇÔöÇÔöÇÔöÇÔöÇÔöÇÔöÇÔöÇÔöÇÔöÇÔöÇÔöÇÔöÇÔöÇÔöÇÔöÇÔöÇÔöÇÔöÇÔöÇÔöÇÔöÇÔöÇÔöÇÔöÇÔöÇÔöÇÔöÇÔöÇÔöÇÔöÇÔöÇÔöÇÔöÇ
    test-results\kelionai-Frontend-shell-GE-97d7b-uter-can-mount-KelionStudio-chromium-retry1\trace.zip
    Usage:

        npx playwright show-trace test-results\kelionai-Frontend-shell-GE-97d7b-uter-can-mount-KelionStudio-chromium-retry1\trace.zip

    ÔöÇÔöÇÔöÇÔöÇÔöÇÔöÇÔöÇÔöÇÔöÇÔöÇÔöÇÔöÇÔöÇÔöÇÔöÇÔöÇÔöÇÔöÇÔöÇÔöÇÔöÇÔöÇÔöÇÔöÇÔöÇÔöÇÔöÇÔöÇÔöÇÔöÇÔöÇÔöÇÔöÇÔöÇÔöÇÔöÇÔöÇÔöÇÔöÇÔöÇÔöÇÔöÇÔöÇÔöÇÔöÇÔöÇÔöÇÔöÇÔöÇÔöÇÔöÇÔöÇÔöÇÔöÇÔöÇÔöÇÔöÇÔöÇÔöÇÔöÇÔöÇÔöÇÔöÇÔöÇÔöÇÔöÇÔöÇÔöÇÔöÇÔöÇÔöÇÔöÇÔöÇÔöÇÔöÇÔöÇÔöÇÔöÇÔöÇÔöÇÔöÇÔöÇÔöÇÔöÇÔöÇÔöÇÔöÇÔöÇÔöÇÔöÇÔöÇÔöÇÔöÇÔöÇÔöÇÔöÇ

  7) [chromium] ÔÇ║ e2e\kelionai.spec.js:86:3 ÔÇ║ Kelion Studio API (DS-1 / DS-3) wiring ÔÇ║ GET /api/studio/usage rejects anonymous callers with JSON 401 

    Error: apiRequestContext.get: connect ECONNREFUSED 127.0.0.1:5173
    Call log:
    [2m  - ÔåÆ GET http://127.0.0.1:5173/api/studio/usage[22m
    [2m    - user-agent: Mozilla/5.0 (Windows NT 10.0; Win64; x64) AppleWebKit/537.36 (KHTML, like Gecko) Chrome/147.0.7727.15 Safari/537.36[22m
    [2m    - accept: */*[22m
    [2m    - accept-encoding: gzip,deflate,br[22m


      85 |   // the router public or letting a handler throw on the unauth path.
      86 |   test('GET /api/studio/usage rejects anonymous callers with JSON 401', async ({ request }) => {
    > 87 |     const res = await request.get(`${BASE}/api/studio/usage`);
         |                               ^
      88 |     expect(res.status()).toBe(401);
      89 |     const body = await res.json().catch(() => null);
      90 |     expect(body).toBeTruthy();
        at C:\Users\adria\.antigravity\extensions\kelionai-v2\e2e\kelionai.spec.js:87:31

    Error Context: test-results\kelionai-Kelion-Studio-API-477aa-ymous-callers-with-JSON-401-chromium\error-context.md

    Retry #1 ÔöÇÔöÇÔöÇÔöÇÔöÇÔöÇÔöÇÔöÇÔöÇÔöÇÔöÇÔöÇÔöÇÔöÇÔöÇÔöÇÔöÇÔöÇÔöÇÔöÇÔöÇÔöÇÔöÇÔöÇÔöÇÔöÇÔöÇÔöÇÔöÇÔöÇÔöÇÔöÇÔöÇÔöÇÔöÇÔöÇÔöÇÔöÇÔöÇÔöÇÔöÇÔöÇÔöÇÔöÇÔöÇÔöÇÔöÇÔöÇÔöÇÔöÇÔöÇÔöÇÔöÇÔöÇÔöÇÔöÇÔöÇÔöÇÔöÇÔöÇÔöÇÔöÇÔöÇÔöÇÔöÇÔöÇÔöÇÔöÇÔöÇÔöÇÔöÇÔöÇÔöÇÔöÇÔöÇÔöÇÔöÇÔöÇÔöÇÔöÇÔöÇÔöÇÔöÇÔöÇÔöÇÔöÇÔöÇ

    Error: apiRequestContext.get: connect ECONNREFUSED 127.0.0.1:5173
    Call log:
    [2m  - ÔåÆ GET http://127.0.0.1:5173/api/studio/usage[22m
    [2m    - user-agent: Mozilla/5.0 (Windows NT 10.0; Win64; x64) AppleWebKit/537.36 (KHTML, like Gecko) Chrome/147.0.7727.15 Safari/537.36[22m
    [2m    - accept: */*[22m
    [2m    - accept-encoding: gzip,deflate,br[22m


      85 |   // the router public or letting a handler throw on the unauth path.
      86 |   test('GET /api/studio/usage rejects anonymous callers with JSON 401', async ({ request }) => {
    > 87 |     const res = await request.get(`${BASE}/api/studio/usage`);
         |                               ^
      88 |     expect(res.status()).toBe(401);
      89 |     const body = await res.json().catch(() => null);
      90 |     expect(body).toBeTruthy();
        at C:\Users\adria\.antigravity\extensions\kelionai-v2\e2e\kelionai.spec.js:87:31

    Error Context: test-results\kelionai-Kelion-Studio-API-477aa-ymous-callers-with-JSON-401-chromium-retry1\error-context.md

    attachment #2: trace (application/zip) ÔöÇÔöÇÔöÇÔöÇÔöÇÔöÇÔöÇÔöÇÔöÇÔöÇÔöÇÔöÇÔöÇÔöÇÔöÇÔöÇÔöÇÔöÇÔöÇÔöÇÔöÇÔöÇÔöÇÔöÇÔöÇÔöÇÔöÇÔöÇÔöÇÔöÇÔöÇÔöÇÔöÇÔöÇÔöÇÔöÇÔöÇÔöÇÔöÇÔöÇÔöÇÔöÇÔöÇÔöÇÔöÇÔöÇÔöÇÔöÇÔöÇÔöÇÔöÇÔöÇÔöÇÔöÇÔöÇÔöÇÔöÇ
    test-results\kelionai-Kelion-Studio-API-477aa-ymous-callers-with-JSON-401-chromium-retry1\trace.zip
    Usage:

        npx playwright show-trace test-results\kelionai-Kelion-Studio-API-477aa-ymous-callers-with-JSON-401-chromium-retry1\trace.zip

    ÔöÇÔöÇÔöÇÔöÇÔöÇÔöÇÔöÇÔöÇÔöÇÔöÇÔöÇÔöÇÔöÇÔöÇÔöÇÔöÇÔöÇÔöÇÔöÇÔöÇÔöÇÔöÇÔöÇÔöÇÔöÇÔöÇÔöÇÔöÇÔöÇÔöÇÔöÇÔöÇÔöÇÔöÇÔöÇÔöÇÔöÇÔöÇÔöÇÔöÇÔöÇÔöÇÔöÇÔöÇÔöÇÔöÇÔöÇÔöÇÔöÇÔöÇÔöÇÔöÇÔöÇÔöÇÔöÇÔöÇÔöÇÔöÇÔöÇÔöÇÔöÇÔöÇÔöÇÔöÇÔöÇÔöÇÔöÇÔöÇÔöÇÔöÇÔöÇÔöÇÔöÇÔöÇÔöÇÔöÇÔöÇÔöÇÔöÇÔöÇÔöÇÔöÇÔöÇÔöÇÔöÇÔöÇÔöÇÔöÇÔöÇÔöÇÔöÇÔöÇÔöÇÔöÇÔöÇÔöÇ

  8) [chromium] ÔÇ║ e2e\kelionai.spec.js:99:3 ÔÇ║ Kelion Studio API (DS-1 / DS-3) wiring ÔÇ║ GET /api/studio/workspaces rejects anonymous callers with JSON 401 

    Error: apiRequestContext.get: connect ECONNREFUSED 127.0.0.1:5173
    Call log:
    [2m  - ÔåÆ GET http://127.0.0.1:5173/api/studio/workspaces[22m
    [2m    - user-agent: Mozilla/5.0 (Windows NT 10.0; Win64; x64) AppleWebKit/537.36 (KHTML, like Gecko) Chrome/147.0.7727.15 Safari/537.36[22m
    [2m    - accept: */*[22m
    [2m    - accept-encoding: gzip,deflate,br[22m


       98 |
       99 |   test('GET /api/studio/workspaces rejects anonymous callers with JSON 401', async ({ request }) => {
    > 100 |     const res = await request.get(`${BASE}/api/studio/workspaces`);
          |                               ^
      101 |     expect(res.status()).toBe(401);
      102 |     const body = await res.json().catch(() => null);
      103 |     expect(body).toBeTruthy();
        at C:\Users\adria\.antigravity\extensions\kelionai-v2\e2e\kelionai.spec.js:100:31

    Error Context: test-results\kelionai-Kelion-Studio-API-890d1-ymous-callers-with-JSON-401-chromium\error-context.md

    Retry #1 ÔöÇÔöÇÔöÇÔöÇÔöÇÔöÇÔöÇÔöÇÔöÇÔöÇÔöÇÔöÇÔöÇÔöÇÔöÇÔöÇÔöÇÔöÇÔöÇÔöÇÔöÇÔöÇÔöÇÔöÇÔöÇÔöÇÔöÇÔöÇÔöÇÔöÇÔöÇÔöÇÔöÇÔöÇÔöÇÔöÇÔöÇÔöÇÔöÇÔöÇÔöÇÔöÇÔöÇÔöÇÔöÇÔöÇÔöÇÔöÇÔöÇÔöÇÔöÇÔöÇÔöÇÔöÇÔöÇÔöÇÔöÇÔöÇÔöÇÔöÇÔöÇÔöÇÔöÇÔöÇÔöÇÔöÇÔöÇÔöÇÔöÇÔöÇÔöÇÔöÇÔöÇÔöÇÔöÇÔöÇÔöÇÔöÇÔöÇÔöÇÔöÇÔöÇÔöÇÔöÇÔöÇÔöÇÔöÇ

    Error: apiRequestContext.get: connect ECONNREFUSED 127.0.0.1:5173
    Call log:
    [2m  - ÔåÆ GET http://127.0.0.1:5173/api/studio/workspaces[22m
    [2m    - user-agent: Mozilla/5.0 (Windows NT 10.0; Win64; x64) AppleWebKit/537.36 (KHTML, like Gecko) Chrome/147.0.7727.15 Safari/537.36[22m
    [2m    - accept: */*[22m
    [2m    - accept-encoding: gzip,deflate,br[22m


       98 |
       99 |   test('GET /api/studio/workspaces rejects anonymous callers with JSON 401', async ({ request }) => {
    > 100 |     const res = await request.get(`${BASE}/api/studio/workspaces`);
          |                               ^
      101 |     expect(res.status()).toBe(401);
      102 |     const body = await res.json().catch(() => null);
      103 |     expect(body).toBeTruthy();
        at C:\Users\adria\.antigravity\extensions\kelionai-v2\e2e\kelionai.spec.js:100:31

    Error Context: test-results\kelionai-Kelion-Studio-API-890d1-ymous-callers-with-JSON-401-chromium-retry1\error-context.md

    attachment #2: trace (application/zip) ÔöÇÔöÇÔöÇÔöÇÔöÇÔöÇÔöÇÔöÇÔöÇÔöÇÔöÇÔöÇÔöÇÔöÇÔöÇÔöÇÔöÇÔöÇÔöÇÔöÇÔöÇÔöÇÔöÇÔöÇÔöÇÔöÇÔöÇÔöÇÔöÇÔöÇÔöÇÔöÇÔöÇÔöÇÔöÇÔöÇÔöÇÔöÇÔöÇÔöÇÔöÇÔöÇÔöÇÔöÇÔöÇÔöÇÔöÇÔöÇÔöÇÔöÇÔöÇÔöÇÔöÇÔöÇÔöÇÔöÇÔöÇ
    test-results\kelionai-Kelion-Studio-API-890d1-ymous-callers-with-JSON-401-chromium-retry1\trace.zip
    Usage:

        npx playwright show-trace test-results\kelionai-Kelion-Studio-API-890d1-ymous-callers-with-JSON-401-chromium-retry1\trace.zip

    ÔöÇÔöÇÔöÇÔöÇÔöÇÔöÇÔöÇÔöÇÔöÇÔöÇÔöÇÔöÇÔöÇÔöÇÔöÇÔöÇÔöÇÔöÇÔöÇÔöÇÔöÇÔöÇÔöÇÔöÇÔöÇÔöÇÔöÇÔöÇÔöÇÔöÇÔöÇÔöÇÔöÇÔöÇÔöÇÔöÇÔöÇÔöÇÔöÇÔöÇÔöÇÔöÇÔöÇÔöÇÔöÇÔöÇÔöÇÔöÇÔöÇÔöÇÔöÇÔöÇÔöÇÔöÇÔöÇÔöÇÔöÇÔöÇÔöÇÔöÇÔöÇÔöÇÔöÇÔöÇÔöÇÔöÇÔöÇÔöÇÔöÇÔöÇÔöÇÔöÇÔöÇÔöÇÔöÇÔöÇÔöÇÔöÇÔöÇÔöÇÔöÇÔöÇÔöÇÔöÇÔöÇÔöÇÔöÇÔöÇÔöÇÔöÇÔöÇÔöÇÔöÇÔöÇÔöÇÔöÇ

  9) [chromium] ÔÇ║ e2e\kelionai.spec.js:109:3 ÔÇ║ Gemini Live token endpoint (Stage 1 precondition) ÔÇ║ Default (aistudio) returns a token (prod) or honest 503 (unconfigured CI) 

    Error: apiRequestContext.get: connect ECONNREFUSED 127.0.0.1:5173
    Call log:
    [2m  - ÔåÆ GET http://127.0.0.1:5173/api/realtime/gemini-token?lang=en-US[22m
    [2m    - user-agent: Mozilla/5.0 (Windows NT 10.0; Win64; x64) AppleWebKit/537.36 (KHTML, like Gecko) Chrome/147.0.7727.15 Safari/537.36[22m
    [2m    - accept: */*[22m
    [2m    - accept-encoding: gzip,deflate,br[22m


      116 |     //     a token string, and a setup block.
      117 |     //   - CI / fresh dev box (no key): 503 with a clear error.
    > 118 |     const res = await request.get(`${BASE}/api/realtime/gemini-token?lang=en-US`);
          |                               ^
      119 |     if (res.status() === 503) {
      120 |       const body = await res.json();
      121 |       expect(body.error).toMatch(/GEMINI_API_KEY/i);
        at C:\Users\adria\.antigravity\extensions\kelionai-v2\e2e\kelionai.spec.js:118:31

    Error Context: test-results\kelionai-Gemini-Live-token-3ad89-honest-503-unconfigured-CI--chromium\error-context.md

    Retry #1 ÔöÇÔöÇÔöÇÔöÇÔöÇÔöÇÔöÇÔöÇÔöÇÔöÇÔöÇÔöÇÔöÇÔöÇÔöÇÔöÇÔöÇÔöÇÔöÇÔöÇÔöÇÔöÇÔöÇÔöÇÔöÇÔöÇÔöÇÔöÇÔöÇÔöÇÔöÇÔöÇÔöÇÔöÇÔöÇÔöÇÔöÇÔöÇÔöÇÔöÇÔöÇÔöÇÔöÇÔöÇÔöÇÔöÇÔöÇÔöÇÔöÇÔöÇÔöÇÔöÇÔöÇÔöÇÔöÇÔöÇÔöÇÔöÇÔöÇÔöÇÔöÇÔöÇÔöÇÔöÇÔöÇÔöÇÔöÇÔöÇÔöÇÔöÇÔöÇÔöÇÔöÇÔöÇÔöÇÔöÇÔöÇÔöÇÔöÇÔöÇÔöÇÔöÇÔöÇÔöÇÔöÇÔöÇÔöÇ

    Error: apiRequestContext.get: connect ECONNREFUSED 127.0.0.1:5173
    Call log:
    [2m  - ÔåÆ GET http://127.0.0.1:5173/api/realtime/gemini-token?lang=en-US[22m
    [2m    - user-agent: Mozilla/5.0 (Windows NT 10.0; Win64; x64) AppleWebKit/537.36 (KHTML, like Gecko) Chrome/147.0.7727.15 Safari/537.36[22m
    [2m    - accept: */*[22m
    [2m    - accept-encoding: gzip,deflate,br[22m


      116 |     //     a token string, and a setup block.
      117 |     //   - CI / fresh dev box (no key): 503 with a clear error.
    > 118 |     const res = await request.get(`${BASE}/api/realtime/gemini-token?lang=en-US`);
          |                               ^
      119 |     if (res.status() === 503) {
      120 |       const body = await res.json();
      121 |       expect(body.error).toMatch(/GEMINI_API_KEY/i);
        at C:\Users\adria\.antigravity\extensions\kelionai-v2\e2e\kelionai.spec.js:118:31

    Error Context: test-results\kelionai-Gemini-Live-token-3ad89-honest-503-unconfigured-CI--chromium-retry1\error-context.md

    attachment #2: trace (application/zip) ÔöÇÔöÇÔöÇÔöÇÔöÇÔöÇÔöÇÔöÇÔöÇÔöÇÔöÇÔöÇÔöÇÔöÇÔöÇÔöÇÔöÇÔöÇÔöÇÔöÇÔöÇÔöÇÔöÇÔöÇÔöÇÔöÇÔöÇÔöÇÔöÇÔöÇÔöÇÔöÇÔöÇÔöÇÔöÇÔöÇÔöÇÔöÇÔöÇÔöÇÔöÇÔöÇÔöÇÔöÇÔöÇÔöÇÔöÇÔöÇÔöÇÔöÇÔöÇÔöÇÔöÇÔöÇÔöÇÔöÇÔöÇ
    test-results\kelionai-Gemini-Live-token-3ad89-honest-503-unconfigured-CI--chromium-retry1\trace.zip
    Usage:

        npx playwright show-trace test-results\kelionai-Gemini-Live-token-3ad89-honest-503-unconfigured-CI--chromium-retry1\trace.zip

    ÔöÇÔöÇÔöÇÔöÇÔöÇÔöÇÔöÇÔöÇÔöÇÔöÇÔöÇÔöÇÔöÇÔöÇÔöÇÔöÇÔöÇÔöÇÔöÇÔöÇÔöÇÔöÇÔöÇÔöÇÔöÇÔöÇÔöÇÔöÇÔöÇÔöÇÔöÇÔöÇÔöÇÔöÇÔöÇÔöÇÔöÇÔöÇÔöÇÔöÇÔöÇÔöÇÔöÇÔöÇÔöÇÔöÇÔöÇÔöÇÔöÇÔöÇÔöÇÔöÇÔöÇÔöÇÔöÇÔöÇÔöÇÔöÇÔöÇÔöÇÔöÇÔöÇÔöÇÔöÇÔöÇÔöÇÔöÇÔöÇÔöÇÔöÇÔöÇÔöÇÔöÇÔöÇÔöÇÔöÇÔöÇÔöÇÔöÇÔöÇÔöÇÔöÇÔöÇÔöÇÔöÇÔöÇÔöÇÔöÇÔöÇÔöÇÔöÇÔöÇÔöÇÔöÇÔöÇÔöÇ

  10) [chromium] ÔÇ║ e2e\kelionai.spec.js:131:3 ÔÇ║ Gemini Live token endpoint (Stage 1 precondition) ÔÇ║ Forcing ?backend=vertex exercises the Vertex AI path 

    Error: apiRequestContext.get: connect ECONNREFUSED 127.0.0.1:5173
    Call log:
    [2m  - ÔåÆ GET http://127.0.0.1:5173/api/realtime/gemini-token?lang=en-US&backend=vertex[22m
    [2m    - user-agent: Mozilla/5.0 (Windows NT 10.0; Win64; x64) AppleWebKit/537.36 (KHTML, like Gecko) Chrome/147.0.7727.15 Safari/537.36[22m
    [2m    - accept: */*[22m
    [2m    - accept-encoding: gzip,deflate,br[22m


      133 |     // is set ÔåÆ 503 is the honest response. In production with the project
      134 |     // configured we accept a 200 with token=null and a setup block.
    > 135 |     const res = await request.get(`${BASE}/api/realtime/gemini-token?lang=en-US&backend=vertex`);
          |                               ^
      136 |     if (res.status() === 503) {
      137 |       const body = await res.json();
      138 |       expect(body.error).toMatch(/Vertex backend is unconfigured/i);
        at C:\Users\adria\.antigravity\extensions\kelionai-v2\e2e\kelionai.spec.js:135:31

    Error Context: test-results\kelionai-Gemini-Live-token-4f1d7-xercises-the-Vertex-AI-path-chromium\error-context.md

    Retry #1 ÔöÇÔöÇÔöÇÔöÇÔöÇÔöÇÔöÇÔöÇÔöÇÔöÇÔöÇÔöÇÔöÇÔöÇÔöÇÔöÇÔöÇÔöÇÔöÇÔöÇÔöÇÔöÇÔöÇÔöÇÔöÇÔöÇÔöÇÔöÇÔöÇÔöÇÔöÇÔöÇÔöÇÔöÇÔöÇÔöÇÔöÇÔöÇÔöÇÔöÇÔöÇÔöÇÔöÇÔöÇÔöÇÔöÇÔöÇÔöÇÔöÇÔöÇÔöÇÔöÇÔöÇÔöÇÔöÇÔöÇÔöÇÔöÇÔöÇÔöÇÔöÇÔöÇÔöÇÔöÇÔöÇÔöÇÔöÇÔöÇÔöÇÔöÇÔöÇÔöÇÔöÇÔöÇÔöÇÔöÇÔöÇÔöÇÔöÇÔöÇÔöÇÔöÇÔöÇÔöÇÔöÇÔöÇÔöÇ

    Error: apiRequestContext.get: connect ECONNREFUSED 127.0.0.1:5173
    Call log:
    [2m  - ÔåÆ GET http://127.0.0.1:5173/api/realtime/gemini-token?lang=en-US&backend=vertex[22m
    [2m    - user-agent: Mozilla/5.0 (Windows NT 10.0; Win64; x64) AppleWebKit/537.36 (KHTML, like Gecko) Chrome/147.0.7727.15 Safari/537.36[22m
    [2m    - accept: */*[22m
    [2m    - accept-encoding: gzip,deflate,br[22m


      133 |     // is set ÔåÆ 503 is the honest response. In production with the project
      134 |     // configured we accept a 200 with token=null and a setup block.
    > 135 |     const res = await request.get(`${BASE}/api/realtime/gemini-token?lang=en-US&backend=vertex`);
          |                               ^
      136 |     if (res.status() === 503) {
      137 |       const body = await res.json();
      138 |       expect(body.error).toMatch(/Vertex backend is unconfigured/i);
        at C:\Users\adria\.antigravity\extensions\kelionai-v2\e2e\kelionai.spec.js:135:31

    Error Context: test-results\kelionai-Gemini-Live-token-4f1d7-xercises-the-Vertex-AI-path-chromium-retry1\error-context.md

    attachment #2: trace (application/zip) ÔöÇÔöÇÔöÇÔöÇÔöÇÔöÇÔöÇÔöÇÔöÇÔöÇÔöÇÔöÇÔöÇÔöÇÔöÇÔöÇÔöÇÔöÇÔöÇÔöÇÔöÇÔöÇÔöÇÔöÇÔöÇÔöÇÔöÇÔöÇÔöÇÔöÇÔöÇÔöÇÔöÇÔöÇÔöÇÔöÇÔöÇÔöÇÔöÇÔöÇÔöÇÔöÇÔöÇÔöÇÔöÇÔöÇÔöÇÔöÇÔöÇÔöÇÔöÇÔöÇÔöÇÔöÇÔöÇÔöÇÔöÇ
    test-results\kelionai-Gemini-Live-token-4f1d7-xercises-the-Vertex-AI-path-chromium-retry1\trace.zip
    Usage:

        npx playwright show-trace test-results\kelionai-Gemini-Live-token-4f1d7-xercises-the-Vertex-AI-path-chromium-retry1\trace.zip

    ÔöÇÔöÇÔöÇÔöÇÔöÇÔöÇÔöÇÔöÇÔöÇÔöÇÔöÇÔöÇÔöÇÔöÇÔöÇÔöÇÔöÇÔöÇÔöÇÔöÇÔöÇÔöÇÔöÇÔöÇÔöÇÔöÇÔöÇÔöÇÔöÇÔöÇÔöÇÔöÇÔöÇÔöÇÔöÇÔöÇÔöÇÔöÇÔöÇÔöÇÔöÇÔöÇÔöÇÔöÇÔöÇÔöÇÔöÇÔöÇÔöÇÔöÇÔöÇÔöÇÔöÇÔöÇÔöÇÔöÇÔöÇÔöÇÔöÇÔöÇÔöÇÔöÇÔöÇÔöÇÔöÇÔöÇÔöÇÔöÇÔöÇÔöÇÔöÇÔöÇÔöÇÔöÇÔöÇÔöÇÔöÇÔöÇÔöÇÔöÇÔöÇÔöÇÔöÇÔöÇÔöÇÔöÇÔöÇÔöÇÔöÇÔöÇÔöÇÔöÇÔöÇÔöÇÔöÇÔöÇ

  10 failed
    [chromium] ÔÇ║ e2e\kelionai.spec.js:28:3 ÔÇ║ Server health ÔÇ║ GET /health returns 200 with status=ok 
    [chromium] ÔÇ║ e2e\kelionai.spec.js:35:3 ÔÇ║ Server health ÔÇ║ GET /ping returns a pong ÔöÇÔöÇÔöÇÔöÇÔöÇÔöÇÔöÇÔöÇÔöÇÔöÇÔöÇÔöÇÔöÇÔöÇ
    [chromium] ÔÇ║ e2e\kelionai.spec.js:42:3 ÔÇ║ Server health ÔÇ║ GET /api/nonexistent returns JSON 404 ÔöÇ
    [chromium] ÔÇ║ e2e\kelionai.spec.js:51:3 ÔÇ║ Frontend shell ÔÇ║ GET / returns HTML with the Vite bundle and a root element 
    [chromium] ÔÇ║ e2e\kelionai.spec.js:60:3 ÔÇ║ Frontend shell ÔÇ║ Unknown route serves the SPA shell (client-side router takes over) 
    [chromium] ÔÇ║ e2e\kelionai.spec.js:72:3 ÔÇ║ Frontend shell ÔÇ║ GET /studio serves the SPA shell so client router can mount KelionStudio 
    [chromium] ÔÇ║ e2e\kelionai.spec.js:86:3 ÔÇ║ Kelion Studio API (DS-1 / DS-3) wiring ÔÇ║ GET /api/studio/usage rejects anonymous callers with JSON 401 
    [chromium] ÔÇ║ e2e\kelionai.spec.js:99:3 ÔÇ║ Kelion Studio API (DS-1 / DS-3) wiring ÔÇ║ GET /api/studio/workspaces rejects anonymous callers with JSON 401 
    [chromium] ÔÇ║ e2e\kelionai.spec.js:109:3 ÔÇ║ Gemini Live token endpoint (Stage 1 precondition) ÔÇ║ Default (aistudio) returns a token (prod) or honest 503 (unconfigured CI) 
    [chromium] ÔÇ║ e2e\kelionai.spec.js:131:3 ÔÇ║ Gemini Live token endpoint (Stage 1 precondition) ÔÇ║ Forcing ?backend=vertex exercises the Vertex AI path 
