{"level":40,"time":1772721869364,"pid":15556,"hostname":"AE","component":"WhatsApp","msg":"WhatsApp token not set. Set WA_ACCESS_TOKEN (or WHATSAPP_TOKEN) ÔÇö bot will not send messages"}
{"level":40,"time":1772721869365,"pid":15556,"hostname":"AE","component":"WhatsApp","msg":"WhatsApp Phone Number ID not set. Set WA_PHONE_NUMBER_ID ÔÇö bot will not send messages"}
{"level":40,"time":1772721869365,"pid":15556,"hostname":"AE","component":"WhatsApp","msg":"WA_VERIFY_TOKEN not set ÔÇö webhook verification is DISABLED. Set WA_VERIFY_TOKEN env var to enable it."}
{"level":30,"time":1772721869554,"pid":15556,"hostname":"AE","component":"Brain","msg":"­ƒºá Engine initialized"}
{"level":30,"time":1772721869586,"pid":15556,"hostname":"AE","component":"News","msg":"­ƒô░ News scheduler started (checks every 15min)"}
{"level":30,"time":1772721870007,"pid":15556,"hostname":"AE","component":"TradeExecutor","msg":"­ƒôØ No Binance API keys ÔÇö PAPER MODE"}
{"level":30,"time":1772721870039,"pid":15556,"hostname":"AE","component":"HTTP","method":"GET","path":"/webhook","statusCode":403,"duration":9,"msg":"GET /webhook 403 9ms"}
{"level":30,"time":1772721870048,"pid":15556,"hostname":"AE","component":"HTTP","method":"GET","path":"/webhook","statusCode":403,"duration":1,"msg":"GET /webhook 403 1ms"}
{"level":30,"time":1772721870052,"pid":15556,"hostname":"AE","component":"Messenger","msg":"Webhook verified"}
{"level":30,"time":1772721870053,"pid":15556,"hostname":"AE","component":"HTTP","method":"GET","path":"/webhook","statusCode":200,"duration":2,"msg":"GET /webhook 200 2ms"}
{"level":30,"time":1772721870063,"pid":15556,"hostname":"AE","component":"HTTP","method":"POST","path":"/webhook","statusCode":200,"duration":2,"msg":"POST /webhook 200 2ms"}
{"level":40,"time":1772721869385,"pid":6456,"hostname":"AE","component":"WhatsApp","msg":"WhatsApp token not set. Set WA_ACCESS_TOKEN (or WHATSAPP_TOKEN) ÔÇö bot will not send messages"}
{"level":40,"time":1772721869386,"pid":6456,"hostname":"AE","component":"WhatsApp","msg":"WhatsApp Phone Number ID not set. Set WA_PHONE_NUMBER_ID ÔÇö bot will not send messages"}
{"level":40,"time":1772721869386,"pid":6456,"hostname":"AE","component":"WhatsApp","msg":"WA_VERIFY_TOKEN not set ÔÇö webhook verification is DISABLED. Set WA_VERIFY_TOKEN env var to enable it."}
{"level":30,"time":1772721869576,"pid":6456,"hostname":"AE","component":"Brain","msg":"­ƒºá Engine initialized"}
{"level":30,"time":1772721869603,"pid":6456,"hostname":"AE","component":"News","msg":"­ƒô░ News scheduler started (checks every 15min)"}
{"level":30,"time":1772721870049,"pid":6456,"hostname":"AE","component":"TradeExecutor","msg":"­ƒôØ No Binance API keys ÔÇö PAPER MODE"}
{"level":30,"time":1772721870076,"pid":6456,"hostname":"AE","component":"HTTP","method":"GET","path":"/health","statusCode":200,"duration":2,"msg":"GET /health 200 2ms"}
{"level":30,"time":1772721870090,"pid":6456,"hostname":"AE","component":"HTTP","method":"GET","path":"/","statusCode":200,"duration":7,"msg":"GET / 200 7ms"}
{"level":30,"time":1772721870100,"pid":6456,"hostname":"AE","component":"HTTP","method":"GET","path":"/","statusCode":200,"duration":1,"msg":"GET / 200 1ms"}
{"level":30,"time":1772721870105,"pid":6456,"hostname":"AE","component":"HTTP","method":"GET","path":"/some/unknown/path","statusCode":404,"duration":1,"msg":"GET /some/unknown/path 404 1ms"}
{"level":30,"time":1772721870110,"pid":6456,"hostname":"AE","component":"HTTP","method":"GET","path":"/health","statusCode":200,"duration":0,"msg":"GET /health 200 0ms"}
{"level":30,"time":1772721870127,"pid":6456,"hostname":"AE","component":"HTTP","method":"POST","path":"/speak","statusCode":400,"duration":3,"msg":"POST /speak 400 3ms"}
{"level":30,"time":1772721870133,"pid":6456,"hostname":"AE","component":"HTTP","method":"POST","path":"/speak","statusCode":400,"duration":1,"msg":"POST /speak 400 1ms"}
{"level":30,"time":1772721870137,"pid":6456,"hostname":"AE","component":"HTTP","method":"POST","path":"/speak","statusCode":503,"duration":1,"msg":"POST /speak 503 1ms"}
{"level":30,"time":1772721870143,"pid":6456,"hostname":"AE","component":"HTTP","method":"POST","path":"/chat","statusCode":400,"duration":2,"msg":"POST /chat 400 2ms"}
{"level":30,"time":1772721870151,"pid":6456,"hostname":"AE","component":"HTTP","method":"POST","path":"/chat","statusCode":400,"duration":1,"msg":"POST /chat 400 1ms"}
{"level":30,"time":1772721870159,"pid":6456,"hostname":"AE","component":"HTTP","method":"POST","path":"/","statusCode":400,"duration":3,"msg":"POST / 400 3ms"}
{"level":30,"time":1772721870164,"pid":6456,"hostname":"AE","component":"HTTP","method":"POST","path":"/","statusCode":400,"duration":1,"msg":"POST / 400 1ms"}
{"level":30,"time":1772721870167,"pid":6456,"hostname":"AE","component":"HTTP","method":"POST","path":"/","statusCode":400,"duration":0,"msg":"POST / 400 0ms"}
{"level":30,"time":1772721870173,"pid":6456,"hostname":"AE","component":"HTTP","method":"POST","path":"/speak","statusCode":400,"duration":1,"msg":"POST /speak 400 1ms"}
{"level":30,"time":1772721870176,"pid":6456,"hostname":"AE","component":"HTTP","method":"GET","path":"/admin/health-check","statusCode":401,"duration":1,"msg":"GET /admin/health-check 401 1ms"}
{"level":30,"time":1772721870180,"pid":6456,"hostname":"AE","component":"Admin","msg":"­ƒÅÑ Health check performed"}
{"level":30,"time":1772721870181,"pid":6456,"hostname":"AE","component":"HTTP","method":"GET","path":"/admin/health-check","statusCode":200,"duration":2,"msg":"GET /admin/health-check 200 2ms"}
{"level":30,"time":1772721870187,"pid":6456,"hostname":"AE","component":"Admin","msg":"­ƒÅÑ Health check performed"}
{"level":30,"time":1772721870188,"pid":6456,"hostname":"AE","component":"HTTP","method":"GET","path":"/admin/health-check","statusCode":200,"duration":2,"msg":"GET /admin/health-check 200 2ms"}
{"level":30,"time":1772721870191,"pid":6456,"hostname":"AE","component":"Admin","msg":"­ƒÅÑ Health check performed"}
{"level":30,"time":1772721870191,"pid":6456,"hostname":"AE","component":"HTTP","method":"GET","path":"/admin/health-check","statusCode":200,"duration":1,"msg":"GET /admin/health-check 200 1ms"}
{"level":30,"time":1772721870198,"pid":6456,"hostname":"AE","component":"HTTP","method":"GET","path":"/metrics","statusCode":200,"duration":3,"msg":"GET /metrics 200 3ms"}
{"level":30,"time":1772721870202,"pid":6456,"hostname":"AE","component":"HTTP","method":"GET","path":"/nonexistent","statusCode":404,"duration":1,"msg":"GET /nonexistent 404 1ms"}
{"level":50,"time":1772721870208,"pid":6456,"hostname":"AE","component":"Error","method":"GET","path":"/test","msg":"Test internal error"}
{"level":30,"time":1772721870212,"pid":6456,"hostname":"AE","component":"HTTP","method":"GET","path":"/plans","statusCode":200,"duration":1,"msg":"GET /plans 200 1ms"}
{"level":30,"time":1772721870216,"pid":6456,"hostname":"AE","component":"HTTP","method":"GET","path":"/plans","statusCode":200,"duration":1,"msg":"GET /plans 200 1ms"}
{"level":30,"time":1772721870220,"pid":6456,"hostname":"AE","component":"HTTP","method":"GET","path":"/status","statusCode":200,"duration":1,"msg":"GET /status 200 1ms"}
{"level":50,"time":1772721870068,"pid":15556,"hostname":"AE","component":"Error","method":"GET","path":"/api/messenger/health","err":"TypeError: Cannot read properties of undefined (reading 'size')\n    at size (C:\\Users\\adria\\.gemini\\antigravity\\scratch\\kelionai-v2\\server\\messenger.js:1536:40)\n    at getStats (C:\\Users\\adria\\.gemini\\antigravity\\scratch\\kelionai-v2\\server\\messenger.js:1525:12)\n    at Layer.handle [as handle_request] (C:\\Users\\adria\\.gemini\\antigravity\\scratch\\kelionai-v2\\node_modules\\express\\lib\\router\\layer.js:95:5)\n    at next (C:\\Users\\adria\\.gemini\\antigravity\\scratch\\kelionai-v2\\node_modules\\express\\lib\\router\\route.js:149:13)\n    at Route.dispatch (C:\\Users\\adria\\.gemini\\antigravity\\scratch\\kelionai-v2\\node_modules\\express\\lib\\router\\route.js:119:3)\n    at Layer.handle [as handle_request] (C:\\Users\\adria\\.gemini\\antigravity\\scratch\\kelionai-v2\\node_modules\\express\\lib\\router\\layer.js:95:5)\n    at C:\\Users\\adria\\.gemini\\antigravity\\scratch\\kelionai-v2\\node_modules\\express\\lib\\router\\index.js:284:15\n    at Function.process_params (C:\\Users\\adria\\.gemini\\antigravity\\scratch\\kelionai-v2\\node_modules\\express\\lib\\router\\index.js:346:12)\n    at next (C:\\Users\\adria\\.gemini\\antigravity\\scratch\\kelionai-v2\\node_modules\\express\\lib\\router\\index.js:280:10)\n    at Function.handle (C:\\Users\\adria\\.gemini\\antigravity\\scratch\\kelionai-v2\\node_modules\\express\\lib\\router\\index.js:175:3)\n    at router (C:\\Users\\adria\\.gemini\\antigravity\\scratch\\kelionai-v2\\node_modules\\express\\lib\\router\\index.js:47:12)\n    at Layer.handle [as handle_request] (C:\\Users\\adria\\.gemini\\antigravity\\scratch\\kelionai-v2\\node_modules\\express\\lib\\router\\layer.js:95:5)\n    at trim_prefix (C:\\Users\\adria\\.gemini\\antigravity\\scratch\\kelionai-v2\\node_modules\\express\\lib\\router\\index.js:328:13)\n    at C:\\Users\\adria\\.gemini\\antigravity\\scratch\\kelionai-v2\\node_modules\\express\\lib\\router\\index.js:286:9\n    at Function.process_params (C:\\Users\\adria\\.gemini\\antigravity\\scratch\\kelionai-v2\\node_modules\\express\\lib\\router\\index.js:346:12)\n    at next (C:\\Users\\adria\\.gemini\\antigravity\\scratch\\kelionai-v2\\node_modules\\express\\lib\\router\\index.js:280:10)\n    at C:\\Users\\adria\\.gemini\\antigravity\\scratch\\kelionai-v2\\node_modules\\express\\lib\\router\\index.js:646:15\n    at next (C:\\Users\\adria\\.gemini\\antigravity\\scratch\\kelionai-v2\\node_modules\\express\\lib\\router\\index.js:265:14)\n    at Function.handle (C:\\Users\\adria\\.gemini\\antigravity\\scratch\\kelionai-v2\\node_modules\\express\\lib\\router\\index.js:175:3)\n    at router (C:\\Users\\adria\\.gemini\\antigravity\\scratch\\kelionai-v2\\node_modules\\express\\lib\\router\\index.js:47:12)\n    at Layer.handle [as handle_request] (C:\\Users\\adria\\.gemini\\antigravity\\scratch\\kelionai-v2\\node_modules\\express\\lib\\router\\layer.js:95:5)\n    at trim_prefix (C:\\Users\\adria\\.gemini\\antigravity\\scratch\\kelionai-v2\\node_modules\\express\\lib\\router\\index.js:328:13)\n    at C:\\Users\\adria\\.gemini\\antigravity\\scratch\\kelionai-v2\\node_modules\\express\\lib\\router\\index.js:286:9\n    at Function.process_params (C:\\Users\\adria\\.gemini\\antigravity\\scratch\\kelionai-v2\\node_modules\\express\\lib\\router\\index.js:346:12)\n    at next (C:\\Users\\adria\\.gemini\\antigravity\\scratch\\kelionai-v2\\node_modules\\express\\lib\\router\\index.js:280:10)\n    at C:\\Users\\adria\\.gemini\\antigravity\\scratch\\kelionai-v2\\node_modules\\express\\lib\\router\\index.js:646:15\n    at next (C:\\Users\\adria\\.gemini\\antigravity\\scratch\\kelionai-v2\\node_modules\\express\\lib\\router\\index.js:265:14)\n    at Function.handle (C:\\Users\\adria\\.gemini\\antigravity\\scratch\\kelionai-v2\\node_modules\\express\\lib\\router\\index.js:175:3)\n    at router (C:\\Users\\adria\\.gemini\\antigravity\\scratch\\kelionai-v2\\node_modules\\express\\lib\\router\\index.js:47:12)\n    at Layer.handle [as handle_request] (C:\\Users\\adria\\.gemini\\antigravity\\scratch\\kelionai-v2\\node_modules\\express\\lib\\router\\layer.js:95:5)\n    at trim_prefix (C:\\Users\\adria\\.gemini\\antigravity\\scratch\\kelionai-v2\\node_modules\\express\\lib\\router\\index.js:328:13)\n    at C:\\Users\\adria\\.gemini\\antigravity\\scratch\\kelionai-v2\\node_modules\\express\\lib\\router\\index.js:286:9\n    at Function.process_params (C:\\Users\\adria\\.gemini\\antigravity\\scratch\\kelionai-v2\\node_modules\\express\\lib\\router\\index.js:346:12)\n    at next (C:\\Users\\adria\\.gemini\\antigravity\\scratch\\kelionai-v2\\node_modules\\express\\lib\\router\\index.js:280:10)\n    at C:\\Users\\adria\\.gemini\\antigravity\\scratch\\kelionai-v2\\node_modules\\express\\lib\\router\\index.js:646:15\n    at next (C:\\Users\\adria\\.gemini\\antigravity\\scratch\\kelionai-v2\\node_modules\\express\\lib\\router\\index.js:265:14)\n    at Function.handle (C:\\Users\\adria\\.gemini\\antigravity\\scratch\\kelionai-v2\\node_modules\\express\\lib\\router\\index.js:175:3)\n    at router (C:\\Users\\adria\\.gemini\\antigravity\\scratch\\kelionai-v2\\node_modules\\express\\lib\\router\\index.js:47:12)\n    at Layer.handle [as handle_request] (C:\\Users\\adria\\.gemini\\antigravity\\scratch\\kelionai-v2\\node_modules\\express\\lib\\router\\layer.js:95:5)\n    at trim_prefix (C:\\Users\\adria\\.gemini\\antigravity\\scratch\\kelionai-v2\\node_modules\\express\\lib\\router\\index.js:328:13)\n    at C:\\Users\\adria\\.gemini\\antigravity\\scratch\\kelionai-v2\\node_modules\\express\\lib\\router\\index.js:286:9\n    at Function.process_params (C:\\Users\\adria\\.gemini\\antigravity\\scratch\\kelionai-v2\\node_modules\\express\\lib\\router\\index.js:346:12)\n    at next (C:\\Users\\adria\\.gemini\\antigravity\\scratch\\kelionai-v2\\node_modules\\express\\lib\\router\\index.js:280:10)\n    at C:\\Users\\adria\\.gemini\\antigravity\\scratch\\kelionai-v2\\node_modules\\express\\lib\\router\\index.js:646:15\n    at next (C:\\Users\\adria\\.gemini\\antigravity\\scratch\\kelionai-v2\\node_modules\\express\\lib\\router\\index.js:265:14)\n    at Function.handle (C:\\Users\\adria\\.gemini\\antigravity\\scratch\\kelionai-v2\\node_modules\\express\\lib\\router\\index.js:175:3)\n    at router (C:\\Users\\adria\\.gemini\\antigravity\\scratch\\kelionai-v2\\node_modules\\express\\lib\\router\\index.js:47:12)\n    at Layer.handle [as handle_request] (C:\\Users\\adria\\.gemini\\antigravity\\scratch\\kelionai-v2\\node_modules\\express\\lib\\router\\layer.js:95:5)\n    at trim_prefix (C:\\Users\\adria\\.gemini\\antigravity\\scratch\\kelionai-v2\\node_modules\\express\\lib\\router\\index.js:328:13)\n    at C:\\Users\\adria\\.gemini\\antigravity\\scratch\\kelionai-v2\\node_modules\\express\\lib\\router\\index.js:286:9\n    at Function.process_params (C:\\Users\\adria\\.gemini\\antigravity\\scratch\\kelionai-v2\\node_modules\\express\\lib\\router\\index.js:346:12)\n    at next (C:\\Users\\adria\\.gemini\\antigravity\\scratch\\kelionai-v2\\node_modules\\express\\lib\\router\\index.js:280:10)\n    at C:\\Users\\adria\\.gemini\\antigravity\\scratch\\kelionai-v2\\node_modules\\express\\lib\\router\\index.js:646:15\n    at next (C:\\Users\\adria\\.gemini\\antigravity\\scratch\\kelionai-v2\\node_modules\\express\\lib\\router\\index.js:265:14)\n    at Function.handle (C:\\Users\\adria\\.gemini\\antigravity\\scratch\\kelionai-v2\\node_modules\\express\\lib\\router\\index.js:175:3)\n    at router (C:\\Users\\adria\\.gemini\\antigravity\\scratch\\kelionai-v2\\node_modules\\express\\lib\\router\\index.js:47:12)\n    at Layer.handle [as handle_request] (C:\\Users\\adria\\.gemini\\antigravity\\scratch\\kelionai-v2\\node_modules\\express\\lib\\router\\layer.js:95:5)\n    at trim_prefix (C:\\Users\\adria\\.gemini\\antigravity\\scratch\\kelionai-v2\\node_modules\\express\\lib\\router\\index.js:328:13)\n    at C:\\Users\\adria\\.gemini\\antigravity\\scratch\\kelionai-v2\\node_modules\\express\\lib\\router\\index.js:286:9\n    at Function.process_params (C:\\Users\\adria\\.gemini\\antigravity\\scratch\\kelionai-v2\\node_modules\\express\\lib\\router\\index.js:346:12)\n    at next (C:\\Users\\adria\\.gemini\\antigravity\\scratch\\kelionai-v2\\node_modules\\express\\lib\\router\\index.js:280:10)\n    at C:\\Users\\adria\\.gemini\\antigravity\\scratch\\kelionai-v2\\node_modules\\express-rate-limit\\dist\\index.cjs:942:7\n    at C:\\Users\\adria\\.gemini\\antigravity\\scratch\\kelionai-v2\\node_modules\\express-rate-limit\\dist\\index.cjs:825:5","msg":"Cannot read properties of undefined (reading 'size')"}
{"level":30,"time":1772721870069,"pid":15556,"hostname":"AE","component":"HTTP","method":"GET","path":"/api/messenger/health","statusCode":500,"duration":3,"msg":"GET /api/messenger/health 500 3ms"}
{"level":30,"time":1772721870224,"pid":6456,"hostname":"AE","component":"HTTP","method":"POST","path":"/checkout","statusCode":503,"duration":1,"msg":"POST /checkout 503 1ms"}
FAIL __tests__/messenger.test.js
  ÔùÅ Console

    console.log
      [dotenv@17.3.1] injecting env (0) from .env -- tip: ­ƒöÉ prevent building .env in docker: https://dotenvx.com/prebuild

      at _log (node_modules/dotenv/lib/main.js:139:11)

  ÔùÅ getStats() ÔÇ║ returns an object with numeric messagesReceived and repliesSent

    TypeError: Cannot read properties of undefined (reading 'size')

      1534 |     messagesReceived: stats.messagesReceived,
      1535 |     repliesSent: stats.repliesSent,
    > 1536 |     activeSenders: stats.activeSenders.size,
           |                                        ^
      1537 |     subscribers: subscribedUsers.size,
      1538 |   };
      1539 | }

      at size (server/messenger.js:1536:40)
      at Object.getStats (__tests__/messenger.test.js:13:19)

  ÔùÅ getStats() ÔÇ║ initial counts start at 0

    TypeError: Cannot read properties of undefined (reading 'size')

      1534 |     messagesReceived: stats.messagesReceived,
      1535 |     repliesSent: stats.repliesSent,
    > 1536 |     activeSenders: stats.activeSenders.size,
           |                                        ^
      1537 |     subscribers: subscribedUsers.size,
      1538 |   };
      1539 | }

      at size (server/messenger.js:1536:40)
      at Object.getStats (__tests__/messenger.test.js:20:19)

  ÔùÅ GET /api/messenger/health ÔÇ║ returns health status object

    expect(received).toBe(expected) // Object.is equality

    Expected: 200
    Received: 500

      70 |   test("returns health status object", async () => {
      71 |     const res = await request(app).get("/api/messenger/health");
    > 72 |     expect(res.status).toBe(200);
         |                        ^
      73 |     expect(res.body).toHaveProperty("status");
      74 |     expect(res.body).toHaveProperty("graphApiVersion", "v21.0");
      75 |     expect(res.body).toHaveProperty("hasPageToken");

      at Object.toBe (__tests__/messenger.test.js:72:24)

PASS __tests__/server.test.js
  ÔùÅ Console

    console.log
      [dotenv@17.3.1] injecting env (0) from .env -- tip: ­ƒöÉ prevent building .env in docker: https://dotenvx.com/prebuild

      at _log (node_modules/dotenv/lib/main.js:139:11)

{"level":40,"time":1772721870962,"pid":15556,"hostname":"AE","component":"WhatsApp","msg":"WhatsApp token not set. Set WA_ACCESS_TOKEN (or WHATSAPP_TOKEN) ÔÇö bot will not send messages"}
{"level":40,"time":1772721870963,"pid":15556,"hostname":"AE","component":"WhatsApp","msg":"WhatsApp Phone Number ID not set. Set WA_PHONE_NUMBER_ID ÔÇö bot will not send messages"}
{"level":40,"time":1772721870963,"pid":15556,"hostname":"AE","component":"WhatsApp","msg":"WA_VERIFY_TOKEN not set ÔÇö webhook verification is DISABLED. Set WA_VERIFY_TOKEN env var to enable it."}
{"level":30,"time":1772721871103,"pid":15556,"hostname":"AE","component":"Brain","msg":"­ƒºá Engine initialized"}
{"level":30,"time":1772721871127,"pid":15556,"hostname":"AE","component":"News","msg":"­ƒô░ News scheduler started (checks every 15min)"}
{"level":30,"time":1772721871475,"pid":15556,"hostname":"AE","component":"TradeExecutor","msg":"­ƒôØ No Binance API keys ÔÇö PAPER MODE"}
{"level":30,"time":1772721871498,"pid":15556,"hostname":"AE","component":"HTTP","method":"GET","path":"/latest","statusCode":401,"duration":8,"msg":"GET /latest 401 8ms"}
{"level":30,"time":1772721871510,"pid":15556,"hostname":"AE","component":"HTTP","method":"GET","path":"/latest","statusCode":200,"duration":3,"msg":"GET /latest 200 3ms"}
{"level":30,"time":1772721871517,"pid":15556,"hostname":"AE","component":"HTTP","method":"GET","path":"/latest","statusCode":200,"duration":1,"msg":"GET /latest 200 1ms"}
{"level":30,"time":1772721871523,"pid":15556,"hostname":"AE","component":"HTTP","method":"GET","path":"/breaking","statusCode":401,"duration":1,"msg":"GET /breaking 401 1ms"}
{"level":30,"time":1772721871529,"pid":15556,"hostname":"AE","component":"HTTP","method":"GET","path":"/breaking","statusCode":200,"duration":1,"msg":"GET /breaking 200 1ms"}
{"level":30,"time":1772721871533,"pid":15556,"hostname":"AE","component":"HTTP","method":"GET","path":"/schedule","statusCode":401,"duration":1,"msg":"GET /schedule 401 1ms"}
{"level":30,"time":1772721871549,"pid":15556,"hostname":"AE","component":"HTTP","method":"GET","path":"/schedule","statusCode":200,"duration":14,"msg":"GET /schedule 200 14ms"}
{"level":30,"time":1772721871559,"pid":15556,"hostname":"AE","component":"HTTP","method":"GET","path":"/schedule","statusCode":200,"duration":2,"msg":"GET /schedule 200 2ms"}
{"level":30,"time":1772721871571,"pid":15556,"hostname":"AE","component":"HTTP","method":"POST","path":"/config","statusCode":401,"duration":0,"msg":"POST /config 401 0ms"}
{"level":30,"time":1772721871575,"pid":15556,"hostname":"AE","component":"HTTP","method":"POST","path":"/config","statusCode":200,"duration":0,"msg":"POST /config 200 0ms"}
PASS __tests__/news.test.js
  ÔùÅ Console

    console.log
      [dotenv@17.3.1] injecting env (0) from .env -- tip: ÔÜÖ´©Å  write to custom object with { processEnv: myObject }

      at _log (node_modules/dotenv/lib/main.js:139:11)

{"level":40,"time":1772721871086,"pid":6456,"hostname":"AE","component":"WhatsApp","msg":"WhatsApp token not set. Set WA_ACCESS_TOKEN (or WHATSAPP_TOKEN) ÔÇö bot will not send messages"}
{"level":40,"time":1772721871087,"pid":6456,"hostname":"AE","component":"WhatsApp","msg":"WhatsApp Phone Number ID not set. Set WA_PHONE_NUMBER_ID ÔÇö bot will not send messages"}
{"level":40,"time":1772721871087,"pid":6456,"hostname":"AE","component":"WhatsApp","msg":"WA_VERIFY_TOKEN not set ÔÇö webhook verification is DISABLED. Set WA_VERIFY_TOKEN env var to enable it."}
{"level":30,"time":1772721871240,"pid":6456,"hostname":"AE","component":"Brain","msg":"­ƒºá Engine initialized"}
{"level":30,"time":1772721871263,"pid":6456,"hostname":"AE","component":"News","msg":"­ƒô░ News scheduler started (checks every 15min)"}
{"level":30,"time":1772721871639,"pid":6456,"hostname":"AE","component":"TradeExecutor","msg":"­ƒôØ No Binance API keys ÔÇö PAPER MODE"}
{"level":30,"time":1772721871658,"pid":6456,"hostname":"AE","component":"HTTP","method":"GET","path":"/terms","statusCode":200,"duration":4,"msg":"GET /terms 200 4ms"}
{"level":30,"time":1772721871665,"pid":6456,"hostname":"AE","component":"HTTP","method":"GET","path":"/terms","statusCode":200,"duration":2,"msg":"GET /terms 200 2ms"}
{"level":30,"time":1772721871670,"pid":6456,"hostname":"AE","component":"HTTP","method":"GET","path":"/privacy","statusCode":200,"duration":1,"msg":"GET /privacy 200 1ms"}
{"level":30,"time":1772721871673,"pid":6456,"hostname":"AE","component":"HTTP","method":"GET","path":"/privacy","statusCode":200,"duration":1,"msg":"GET /privacy 200 1ms"}
{"level":30,"time":1772721871676,"pid":6456,"hostname":"AE","component":"HTTP","method":"GET","path":"/gdpr/export","statusCode":401,"duration":1,"msg":"GET /gdpr/export 401 1ms"}
{"level":30,"time":1772721871679,"pid":6456,"hostname":"AE","component":"HTTP","method":"DELETE","path":"/gdpr/delete","statusCode":401,"duration":1,"msg":"DELETE /gdpr/delete 401 1ms"}
{"level":30,"time":1772721871688,"pid":6456,"hostname":"AE","component":"HTTP","method":"POST","path":"/gdpr/consent","statusCode":401,"duration":1,"msg":"POST /gdpr/consent 401 1ms"}
PASS __tests__/legal.test.js
  ÔùÅ Console

    console.log
      [dotenv@17.3.1] injecting env (0) from .env -- tip: ­ƒñû agentic secret storage: https://dotenvx.com/as2

      at _log (node_modules/dotenv/lib/main.js:139:11)

PASS __tests__/trading.test.js
{"level":30,"time":1772721872351,"pid":6456,"hostname":"AE","component":"TradeExecutor","msg":"­ƒôØ No Binance API keys ÔÇö PAPER MODE"}
PASS __tests__/referral.test.js
{"level":40,"time":1772721872664,"pid":6456,"hostname":"AE","component":"Referral","msg":"ÔÜá´©Å  No REFERRAL_SECRET or SESSION_SECRET set ÔÇö referral codes use insecure fallback. Set one of these env vars in production."}
{"level":40,"time":1772721872665,"pid":6456,"hostname":"AE","component":"Referral","msg":"ÔÜá´©Å  No REFERRAL_SECRET or SESSION_SECRET set ÔÇö referral codes use insecure fallback. Set one of these env vars in production."}
{"level":40,"time":1772721872666,"pid":6456,"hostname":"AE","component":"Referral","msg":"ÔÜá´©Å  No REFERRAL_SECRET or SESSION_SECRET set ÔÇö referral codes use insecure fallback. Set one of these env vars in production."}
{"level":40,"time":1772721872666,"pid":6456,"hostname":"AE","component":"Referral","msg":"ÔÜá´©Å  No REFERRAL_SECRET or SESSION_SECRET set ÔÇö referral codes use insecure fallback. Set one of these env vars in production."}
{"level":40,"time":1772721872667,"pid":6456,"hostname":"AE","component":"Referral","msg":"ÔÜá´©Å  No REFERRAL_SECRET or SESSION_SECRET set ÔÇö referral codes use insecure fallback. Set one of these env vars in production."}
{"level":40,"time":1772721872667,"pid":6456,"hostname":"AE","component":"Referral","msg":"ÔÜá´©Å  No REFERRAL_SECRET or SESSION_SECRET set ÔÇö referral codes use insecure fallback. Set one of these env vars in production."}
{"level":40,"time":1772721872668,"pid":6456,"hostname":"AE","component":"Referral","msg":"ÔÜá´©Å  No REFERRAL_SECRET or SESSION_SECRET set ÔÇö referral codes use insecure fallback. Set one of these env vars in production."}
{"level":40,"time":1772721872668,"pid":6456,"hostname":"AE","component":"Referral","msg":"ÔÜá´©Å  No REFERRAL_SECRET or SESSION_SECRET set ÔÇö referral codes use insecure fallback. Set one of these env vars in production."}
{"level":40,"time":1772721872669,"pid":6456,"hostname":"AE","component":"Referral","msg":"ÔÜá´©Å  No REFERRAL_SECRET or SESSION_SECRET set ÔÇö referral codes use insecure fallback. Set one of these env vars in production."}
{"level":40,"time":1772721872669,"pid":6456,"hostname":"AE","component":"Referral","msg":"ÔÜá´©Å  No REFERRAL_SECRET or SESSION_SECRET set ÔÇö referral codes use insecure fallback. Set one of these env vars in production."}
{"level":40,"time":1772721872669,"pid":6456,"hostname":"AE","component":"Referral","msg":"ÔÜá´©Å  No REFERRAL_SECRET or SESSION_SECRET set ÔÇö referral codes use insecure fallback. Set one of these env vars in production."}
{"level":30,"time":1772721872673,"pid":6456,"hostname":"AE","component":"Referral","userId":"user-1","days":5,"msg":"Ô£à Receiver bonus applied"}
{"level":30,"time":1772721872673,"pid":6456,"hostname":"AE","component":"Referral","userId":"sender-1","days":10,"msg":"Ô£à Sender bonus applied"}
PASS __tests__/brain.test.js
PASS __tests__/cache.test.js
PASS __tests__/payments.test.js
PASS __tests__/validation.test.js
PASS __tests__/persona.test.js
------------------------|---------|----------|---------|---------|---------------------------------------------------------------------------------------------------------------------------------------------------------------------------------------------------------------------------------------------------------------------------------------------------------------------------------------------------------------------------------------------------------------
File                    | % Stmts | % Branch | % Funcs | % Lines | Uncovered Line #s                                                                                                                                                                                                                                                                                                                                                                                             
------------------------|---------|----------|---------|---------|---------------------------------------------------------------------------------------------------------------------------------------------------------------------------------------------------------------------------------------------------------------------------------------------------------------------------------------------------------------------------------------------------------------
All files               |   18.26 |    11.39 |   16.33 |   18.85 |                                                                                                                                                                                                                                                                                                                                                                                                               
 server                 |   18.18 |     9.16 |   18.07 |   18.75 |                                                                                                                                                                                                                                                                                                                                                                                                               
  brain.js              |    15.2 |    14.34 |   22.04 |   15.26 | 85-312,343,499-574,623-756,921-922,929-930,1041-1042,1045-1046,1049-1050,1054-1059,1062-1063,1066-1067,1070-1071,1074-1079,1082-1087,1091-1092,1095-1096,1099-1100,1103-1104,1108-1129,1134-1139,1142-1143,1146-1147,1150-1151,1154-1155,1158-1159,1162-1163,1166-1167,1171-1172,1175-1176,1179-1180,1190-1192,1206-1465,1482,1497-1501,1512-1513,1523-1564,1587-3680,3693-3700,3719,3723-3724,3728,3751-3980 
  cache.js              |   37.03 |    37.93 |   44.44 |   36.53 | 17-19,29-65,77-81,103-107,120-124                                                                                                                                                                                                                                                                                                                                                                             
  facebook-page.js      |    8.69 |        0 |       0 |      10 | 14-98                                                                                                                                                                                                                                                                                                                                                                                                         
  index.js              |   55.66 |    23.43 |   36.73 |   56.94 | 9,15,126,133-143,197,276-282,287-293,304-309,337-343,371,559,564,567,570,599-619,630-640,648-664,672-674,692-731,753-765,769-781,803-808,840-912,921-993                                                                                                                                                                                                                                                      
  instagram.js          |    11.3 |     2.81 |   15.38 |   12.26 | 33-40,45-289                                                                                                                                                                                                                                                                                                                                                                                                  
  legal.js              |   29.67 |     6.52 |   55.55 |   28.91 | 111-175,185-250,256-275,285-307                                                                                                                                                                                                                                                                                                                                                                               
  logger.js             |     100 |    83.33 |     100 |     100 | 8                                                                                                                                                                                                                                                                                                                                                                                                             
  messenger.js          |    8.73 |     2.61 |    9.43 |    9.41 | 22-48,66-82,95-254,264-279,292-972,977-981,998-1031,1037-1038,1051-1060,1066-1079,1086-1504                                                                                                                                                                                                                                                                                                                   
  metrics.js            |      75 |       70 |   66.66 |   74.28 | 16-44                                                                                                                                                                                                                                                                                                                                                                                                         
  migrate.js            |   14.28 |        0 |       0 |   14.28 | 209-265                                                                                                                                                                                                                                                                                                                                                                                                       
  news.js               |   20.91 |     6.85 |   21.81 |   22.67 | 72-153,161-215,223-511,562-564,575-586,607,619,631,647-665,681-693,702-724                                                                                                                                                                                                                                                                                                                                    
  payments.js           |   22.64 |    19.01 |   46.15 |   22.58 | 10-11,18-21,73,113,144-154,214-240,250-336,342-369,378-561,568-589,595-661                                                                                                                                                                                                                                                                                                                                    
  persona.js            |   92.15 |    59.25 |     100 |   92.15 | 455,460-461,503                                                                                                                                                                                                                                                                                                                                                                                               
  referral.js           |   26.28 |    18.77 |      24 |   25.34 | 53,128-130,138-242,313,343-347,357-364,393-460,470-530,537-598,604-702,708-751,757-815,821-858                                                                                                                                                                                                                                                                                                                
  supabase.js           |   63.63 |       50 |     100 |   63.63 | 7-11,14-21                                                                                                                                                                                                                                                                                                                                                                                                    
  telegram.js           |    8.04 |     0.45 |     3.7 |    8.77 | 17-37,72-207,216-259,266-449,454-632,641-661,667-692                                                                                                                                                                                                                                                                                                                                                          
  trade-executor.js     |    3.79 |     0.29 |    1.56 |    4.33 | 130-161,181-1112,1146-1457,1490-1496                                                                                                                                                                                                                                                                                                                                                                          
  trade-intelligence.js |    1.55 |        0 |       0 |    1.69 | 20-327,338-919                                                                                                                                                                                                                                                                                                                                                                                                
  trading.js            |   22.93 |    18.66 |   15.29 |   22.03 | 84,125,160-161,192-209,243-268,389,414-657,694-751,757-812,818-909,915-1078,1084-1108,1114-1159,1165-1207,1213,1230-1438,1444-1509,1515,1519,1528-1536,1540-1541,1545,1555,1559-1570,1574-1597                                                                                                                                                                                                                
  validation.js         |     100 |      100 |     100 |     100 |                                                                                                                                                                                                                                                                                                                                                                                                               
  whatsapp.js           |    9.84 |     3.14 |    3.44 |   10.89 | 60-99,117-240,253-492,497-512,517-882,901-904,909-925                                                                                                                                                                                                                                                                                                                                                         
 server/config          |      30 |    91.89 |       0 |      30 |                                                                                                                                                                                                                                                                                                                                                                                                               
  voices.js             |      30 |    91.89 |       0 |      30 | 196-210                                                                                                                                                                                                                                                                                                                                                                                                       
 server/middleware      |   22.22 |    18.42 |    8.33 |   23.18 |                                                                                                                                                                                                                                                                                                                                                                                                               
  apiKeyAuth.js         |   12.19 |        0 |       0 |   12.82 | 13-21,27-29,37-98                                                                                                                                                                                                                                                                                                                                                                                             
  auth.js               |   84.61 |     87.5 |     100 |   84.61 | 27-30                                                                                                                                                                                                                                                                                                                                                                                                         
  checkSubscription.js  |       0 |        0 |       0 |       0 | 9-47                                                                                                                                                                                                                                                                                                                                                                                                          
 server/routes          |   18.29 |     7.16 |    4.87 |   18.93 |                                                                                                                                                                                                                                                                                                                                                                                                               
  admin.js              |    45.8 |    33.33 |    12.5 |    45.9 | 15-46,51-52,57-61,150-171,183-184,196,218-225,247,265,294,300-367                                                                                                                                                                                                                                                                                                                                             
  auth.js               |   13.79 |        0 |       0 |   15.09 | 34-65,72-99,105-114,119-127,133-151,161-178,189-206,217-228,239-252                                                                                                                                                                                                                                                                                                                                           
  chat.js               |    5.83 |        0 |       0 |    6.22 | 48-97,104-347,357-650,657-674,680-705,715-779                                                                                                                                                                                                                                                                                                                                                                 
  developer.js          |   12.04 |        0 |       0 |   12.65 | 35,44-64,70-120,126-158,164-192,198-226,232-249,259,294-323,328-350,356-444                                                                                                                                                                                                                                                                                                                                   
  health.js             |     100 |    63.63 |     100 |     100 | 13,58-59                                                                                                                                                                                                                                                                                                                                                                                                      
  identity.js           |   17.02 |        0 |       0 |   18.18 | 28-64,76-173                                                                                                                                                                                                                                                                                                                                                                                                  
  images.js             |   28.57 |        0 |       0 |   29.62 | 23-68                                                                                                                                                                                                                                                                                                                                                                                                         
  search.js             |   13.04 |        0 |       0 |   13.23 | 24-200                                                                                                                                                                                                                                                                                                                                                                                                        
  vision.js             |   33.33 |        0 |       0 |   33.33 | 24-89                                                                                                                                                                                                                                                                                                                                                                                                         
  voice-clone.js        |   11.39 |        0 |       0 |   11.84 | 18-30,37-150,156-212,218-242                                                                                                                                                                                                                                                                                                                                                                                  
  voice.js              |   28.35 |    21.87 |      25 |   29.68 | 40-117,123-166                                                                                                                                                                                                                                                                                                                                                                                                
  weather.js            |   33.33 |        0 |       0 |      35 | 22-80                                                                                                                                                                                                                                                                                                                                                                                                         
------------------------|---------|----------|---------|---------|---------------------------------------------------------------------------------------------------------------------------------------------------------------------------------------------------------------------------------------------------------------------------------------------------------------------------------------------------------------------------------------------------------------

=============================== Coverage summary ===============================
Statements   : 18.26% ( 1229/6729 )
Branches     : 11.39% ( 579/5083 )
Functions    : 16.33% ( 114/698 )
Lines        : 18.85% ( 1176/6238 )
================================================================================

Test Suites: 1 failed, 10 passed, 11 total
Tests:       3 failed, 236 passed, 239 total
Snapshots:   0 total
Time:        5.786 s
Ran all test suites.
Force exiting Jest: Have you considered using `--detectOpenHandles` to detect async operations that kept running after all tests finished?
