
> kelion-server@1.0.0 test
> jest --coverage

node.exe : PASS __tests__/auth.routes.test.js
At line:1 char:1
+ & "C:\Program Files\nodejs/node.exe" "C:\Program Files\nodejs/node_mo ...
+ ~~~~~~~~~~~~~~~~~~~~~~~~~~~~~~~~~~~~~~~~~~~~~~~~~~~~~~~~~~~~~~~~~~~~~
    + CategoryInfo          : NotSpecified: (PASS __tests__/auth.routes.test.js:String) [], RemoteException
    + FullyQualifiedErrorId : NativeCommandError
 
  ÔùÅ Console

    console.log
      [kelion-startup] dist folder FOUND. Files: ["assets","audio-capture-worklet.js","favicon.svg","icons.svg","index.
html","kelion-rpm_e27cb94d.glb","manifest.webmanifest","sw.js"]

      at Object.log (src/index.js:100:11)

    console.log
      [kelion-startup] Database initialized

      at log (src/index.js:60:11)

    console.log
      [adminBootstrap] skipped ÔÇö ADMIN_BOOTSTRAP_PASSWORD not set (target email: adrianenc11@gmail.com)

      at log (src/services/adminBootstrap.js:62:13)

    console.warn
      [adminBootstrap] credit heal skipped ÔÇö admin user not found (adrianenc11@gmail.com)

    [0m [90m 150 |[39m       [36mconst[39m r [33m=[39m { healed[33m:[39m [36mfalse[39m[33m,[39m 
reason[33m:[39m [32m'admin user missing'[39m[33m,[39m email[33m,[39m floor }[33m;[39m
     [90m 151 |[39m       lastCreditHealResult [33m=[39m { ranAt[33m:[39m [36mnew[39m 
[33mDate[39m()[33m.[39mtoISOString()[33m,[39m result[33m:[39m r }[33m;[39m
    [31m[1m>[22m[39m[90m 152 |[39m       console[33m.[39mwarn([32m`[adminBootstrap] credit heal skipped ÔÇö 
admin user not found (${email})`[39m)[33m;[39m
     [90m     |[39m               [31m[1m^[22m[39m
     [90m 153 |[39m       [36mreturn[39m r[33m;[39m
     [90m 154 |[39m     }
     [90m 155 |[39m     [36mconst[39m current [33m=[39m [36mawait[39m 
getCreditsBalance(user[33m.[39mid)[33m;[39m[0m

      at warn (src/services/adminBootstrap.js:152:15)
      at src/index.js:75:15

PASS __tests__/referral.test.js
  ÔùÅ Console

    console.log
      [kelion-startup] dist folder FOUND. Files: ["assets","audio-capture-worklet.js","favicon.svg","icons.svg","index.
html","kelion-rpm_e27cb94d.glb","manifest.webmanifest","sw.js"]

      at Object.log (src/index.js:100:11)

    console.log
      [kelion-startup] Database initialized

      at log (src/index.js:60:11)

    console.log
      [adminBootstrap] skipped ÔÇö ADMIN_BOOTSTRAP_PASSWORD not set (target email: adrianenc11@gmail.com)

      at log (src/services/adminBootstrap.js:62:13)

    console.warn
      [adminBootstrap] credit heal skipped ÔÇö admin user not found (adrianenc11@gmail.com)

    [0m [90m 150 |[39m       [36mconst[39m r [33m=[39m { healed[33m:[39m [36mfalse[39m[33m,[39m 
reason[33m:[39m [32m'admin user missing'[39m[33m,[39m email[33m,[39m floor }[33m;[39m
     [90m 151 |[39m       lastCreditHealResult [33m=[39m { ranAt[33m:[39m [36mnew[39m 
[33mDate[39m()[33m.[39mtoISOString()[33m,[39m result[33m:[39m r }[33m;[39m
    [31m[1m>[22m[39m[90m 152 |[39m       console[33m.[39mwarn([32m`[adminBootstrap] credit heal skipped ÔÇö 
admin user not found (${email})`[39m)[33m;[39m
     [90m     |[39m               [31m[1m^[22m[39m
     [90m 153 |[39m       [36mreturn[39m r[33m;[39m
     [90m 154 |[39m     }
     [90m 155 |[39m     [36mconst[39m current [33m=[39m [36mawait[39m 
getCreditsBalance(user[33m.[39mid)[33m;[39m[0m

      at warn (src/services/adminBootstrap.js:152:15)
      at src/index.js:75:15

PASS __tests__/local-auth.test.js
  ÔùÅ Console

    console.log
      [kelion-startup] dist folder FOUND. Files: ["assets","audio-capture-worklet.js","favicon.svg","icons.svg","index.
html","kelion-rpm_e27cb94d.glb","manifest.webmanifest","sw.js"]

      at Object.log (src/index.js:100:11)

    console.log
      [kelion-startup] Database initialized

      at log (src/index.js:60:11)

    console.log
      [adminBootstrap] skipped ÔÇö ADMIN_BOOTSTRAP_PASSWORD not set (target email: adrianenc11@gmail.com)

      at log (src/services/adminBootstrap.js:62:13)

    console.warn
      [adminBootstrap] credit heal skipped ÔÇö admin user not found (adrianenc11@gmail.com)

    [0m [90m 150 |[39m       [36mconst[39m r [33m=[39m { healed[33m:[39m [36mfalse[39m[33m,[39m 
reason[33m:[39m [32m'admin user missing'[39m[33m,[39m email[33m,[39m floor }[33m;[39m
     [90m 151 |[39m       lastCreditHealResult [33m=[39m { ranAt[33m:[39m [36mnew[39m 
[33mDate[39m()[33m.[39mtoISOString()[33m,[39m result[33m:[39m r }[33m;[39m
    [31m[1m>[22m[39m[90m 152 |[39m       console[33m.[39mwarn([32m`[adminBootstrap] credit heal skipped ÔÇö 
admin user not found (${email})`[39m)[33m;[39m
     [90m     |[39m               [31m[1m^[22m[39m
     [90m 153 |[39m       [36mreturn[39m r[33m;[39m
     [90m 154 |[39m     }
     [90m 155 |[39m     [36mconst[39m current [33m=[39m [36mawait[39m 
getCreditsBalance(user[33m.[39mid)[33m;[39m[0m

      at warn (src/services/adminBootstrap.js:152:15)
      at src/index.js:75:15

PASS __tests__/studio-workspaces.test.js
  ÔùÅ Console

    console.log
      [db] using SQLite at C:\Users\adria\.antigravity\extensions\kelionai-v2\server\:memory: (exists=false, 
looksPersistent=false)

      at log (src/db/index.js:46:13)

    console.warn
      [db] *** WARNING: SQLite path is NOT under a typical Railway volume mount.

    [0m [90m 46 |[39m     console[33m.[39mlog([32m`[db] using SQLite at ${absPath} 
(exists=${fs.existsSync(absPath)}, looksPersistent=${looksPersistent})`[39m)[33m;[39m
     [90m 47 |[39m     [36mif[39m ([33m![39mlooksPersistent) {
    [31m[1m>[22m[39m[90m 48 |[39m       console[33m.[39mwarn([32m'[db] *** WARNING: SQLite path is NOT under 
a typical Railway volume mount.'[39m)[33m;[39m
     [90m    |[39m               [31m[1m^[22m[39m
     [90m 49 |[39m       console[33m.[39mwarn([32m'[db] *** Data WILL be wiped on every redeploy. Attach a 
Railway Volume to /app/server/data, OR set DATABASE_URL to a managed Postgres and redeploy.'[39m)[33m;[39m
     [90m 50 |[39m     }
     [90m 51 |[39m   } [36mcatch[39m (err) {[0m

      at warn (src/db/index.js:48:15)
      at Object.logAndMigrateDbLocation [as initDb] (src/db/index.js:65:3)
      at Object.initDb (__tests__/studio-workspaces.test.js:45:20)

    console.warn
      [db] *** Data WILL be wiped on every redeploy. Attach a Railway Volume to /app/server/data, OR set DATABASE_URL 
to a managed Postgres and redeploy.

    [0m [90m 47 |[39m     [36mif[39m ([33m![39mlooksPersistent) {
     [90m 48 |[39m       console[33m.[39mwarn([32m'[db] *** WARNING: SQLite path is NOT under a typical Railway 
volume mount.'[39m)[33m;[39m
    [31m[1m>[22m[39m[90m 49 |[39m       console[33m.[39mwarn([32m'[db] *** Data WILL be wiped on every 
redeploy. Attach a Railway Volume to /app/server/data, OR set DATABASE_URL to a managed Postgres and 
redeploy.'[39m)[33m;[39m
     [90m    |[39m               [31m[1m^[22m[39m
     [90m 50 |[39m     }
     [90m 51 |[39m   } [36mcatch[39m (err) {
     [90m 52 |[39m     console[33m.[39mwarn([32m'[db] startup location check failed:'[39m[33m,[39m err 
[33m&&[39m err[33m.[39mmessage)[33m;[39m[0m

      at warn (src/db/index.js:49:15)
      at Object.logAndMigrateDbLocation [as initDb] (src/db/index.js:65:3)
      at Object.initDb (__tests__/studio-workspaces.test.js:45:20)

PASS __tests__/ssrf-forecast-unitconvert.test.js
PASS __tests__/admin.test.js
  ÔùÅ Console

    console.log
      [kelion-startup] dist folder FOUND. Files: ["assets","audio-capture-worklet.js","favicon.svg","icons.svg","index.
html","kelion-rpm_e27cb94d.glb","manifest.webmanifest","sw.js"]

      at Object.log (src/index.js:100:11)

    console.log
      [kelion-startup] Database initialized

      at log (src/index.js:60:11)

    console.log
      [adminBootstrap] skipped ÔÇö ADMIN_BOOTSTRAP_PASSWORD not set (target email: adrianenc11@gmail.com)

      at log (src/services/adminBootstrap.js:62:13)

    console.warn
      [adminBootstrap] credit heal skipped ÔÇö admin user not found (adrianenc11@gmail.com)

    [0m [90m 150 |[39m       [36mconst[39m r [33m=[39m { healed[33m:[39m [36mfalse[39m[33m,[39m 
reason[33m:[39m [32m'admin user missing'[39m[33m,[39m email[33m,[39m floor }[33m;[39m
     [90m 151 |[39m       lastCreditHealResult [33m=[39m { ranAt[33m:[39m [36mnew[39m 
[33mDate[39m()[33m.[39mtoISOString()[33m,[39m result[33m:[39m r }[33m;[39m
    [31m[1m>[22m[39m[90m 152 |[39m       console[33m.[39mwarn([32m`[adminBootstrap] credit heal skipped ÔÇö 
admin user not found (${email})`[39m)[33m;[39m
     [90m     |[39m               [31m[1m^[22m[39m
     [90m 153 |[39m       [36mreturn[39m r[33m;[39m
     [90m 154 |[39m     }
     [90m 155 |[39m     [36mconst[39m current [33m=[39m [36mawait[39m 
getCreditsBalance(user[33m.[39mid)[33m;[39m[0m

      at warn (src/services/adminBootstrap.js:152:15)
      at src/index.js:75:15

PASS __tests__/kelion-tools.test.js
PASS __tests__/action-history-tool.test.js (5.225 s)
PASS __tests__/client-error-endpoint.test.js
  ÔùÅ Console

    console.log
      [kelion-startup] dist folder FOUND. Files: ["assets","audio-capture-worklet.js","favicon.svg","icons.svg","index.
html","kelion-rpm_e27cb94d.glb","manifest.webmanifest","sw.js"]

      at Object.log (src/index.js:100:11)

    console.log
      [kelion-startup] Database initialized

      at log (src/index.js:60:11)

    console.log
      [adminBootstrap] skipped ÔÇö ADMIN_BOOTSTRAP_PASSWORD not set (target email: adrianenc11@gmail.com)

      at log (src/services/adminBootstrap.js:62:13)

    console.warn
      [adminBootstrap] credit heal skipped ÔÇö admin user not found (adrianenc11@gmail.com)

    [0m [90m 150 |[39m       [36mconst[39m r [33m=[39m { healed[33m:[39m [36mfalse[39m[33m,[39m 
reason[33m:[39m [32m'admin user missing'[39m[33m,[39m email[33m,[39m floor }[33m;[39m
     [90m 151 |[39m       lastCreditHealResult [33m=[39m { ranAt[33m:[39m [36mnew[39m 
[33mDate[39m()[33m.[39mtoISOString()[33m,[39m result[33m:[39m r }[33m;[39m
    [31m[1m>[22m[39m[90m 152 |[39m       console[33m.[39mwarn([32m`[adminBootstrap] credit heal skipped ÔÇö 
admin user not found (${email})`[39m)[33m;[39m
     [90m     |[39m               [31m[1m^[22m[39m
     [90m 153 |[39m       [36mreturn[39m r[33m;[39m
     [90m 154 |[39m     }
     [90m 155 |[39m     [36mconst[39m current [33m=[39m [36mawait[39m 
getCreditsBalance(user[33m.[39mid)[33m;[39m[0m

      at warn (src/services/adminBootstrap.js:152:15)
      at src/index.js:75:15

    console.warn
      [client-error] {"kind":"unhandledrejection","message":"TypeError: x is not a 
function","filename":null,"lineno":null,"colno":null,"url":"https://kelion.app/","userAgent":"Mozilla/5.0 (Test)"}

    [0m [90m 363 |[39m   }
     [90m 364 |[39m
    [31m[1m>[22m[39m[90m 365 |[39m   console[33m.[39mwarn([32m'[client-error]'[39m[33m,[39m 
[33mJSON[39m[33m.[39mstringify({
     [90m     |[39m           [31m[1m^[22m[39m
     [90m 366 |[39m     kind[33m,[39m message[33m,[39m filename[33m,[39m lineno[33m,[39m colno[33m,[39m 
url[33m,[39m userAgent[33m,[39m
     [90m 367 |[39m     [90m// stack goes on its own line so Railway log UI doesn't collapse it.[39m
     [90m 368 |[39m   }))[33m;[39m[0m

      at warn (src/routes/diag.js:365:11)
      at Layer.handle [as handle_request] (node_modules/express/lib/router/layer.js:95:5)
      at next (node_modules/express/lib/router/route.js:149:13)
      at next (src/routes/diag.js:34:27)
      at Layer.handle [as handle_request] (node_modules/express/lib/router/layer.js:95:5)
      at next (node_modules/express/lib/router/route.js:149:13)
      at Route.dispatch (node_modules/express/lib/router/route.js:119:3)
      at Layer.handle [as handle_request] (node_modules/express/lib/router/layer.js:95:5)
      at node_modules/express/lib/router/index.js:284:15
      at router.process_params (node_modules/express/lib/router/index.js:346:12)
      at next (node_modules/express/lib/router/index.js:280:10)
      at router.handle (node_modules/express/lib/router/index.js:175:3)
      at router (node_modules/express/lib/router/index.js:47:12)
      at Layer.handle [as handle_request] (node_modules/express/lib/router/layer.js:95:5)
      at trim_prefix (node_modules/express/lib/router/index.js:328:13)
      at node_modules/express/lib/router/index.js:286:9
      at router.process_params (node_modules/express/lib/router/index.js:346:12)
      at next (node_modules/express/lib/router/index.js:280:10)
      at next (src/middleware/visitorLog.js:101:41)
      at Layer.handle [as handle_request] (node_modules/express/lib/router/layer.js:95:5)
      at trim_prefix (node_modules/express/lib/router/index.js:328:13)
      at node_modules/express/lib/router/index.js:286:9
      at router.process_params (node_modules/express/lib/router/index.js:346:12)
      at next (node_modules/express/lib/router/index.js:280:10)
      at next (src/middleware/csrf.js:37:47)
      at csrfProtection (src/index.js:205:10)
      at Layer.handle [as handle_request] (node_modules/express/lib/router/layer.js:95:5)
      at trim_prefix (node_modules/express/lib/router/index.js:328:13)
      at node_modules/express/lib/router/index.js:286:9
      at router.process_params (node_modules/express/lib/router/index.js:346:12)
      at next (node_modules/express/lib/router/index.js:280:10)
      at next (src/middleware/csrf.js:14:47)
      at Layer.handle [as handle_request] (node_modules/express/lib/router/layer.js:95:5)
      at trim_prefix (node_modules/express/lib/router/index.js:328:13)
      at node_modules/express/lib/router/index.js:286:9
      at router.process_params (node_modules/express/lib/router/index.js:346:12)
      at next (node_modules/express/lib/router/index.js:280:10)
      at cookieParser (node_modules/cookie-parser/index.js:57:14)
      at Layer.handle [as handle_request] (node_modules/express/lib/router/layer.js:95:5)
      at trim_prefix (node_modules/express/lib/router/index.js:328:13)
      at node_modules/express/lib/router/index.js:286:9
      at router.process_params (node_modules/express/lib/router/index.js:346:12)
      at next (node_modules/express/lib/router/index.js:280:10)
      at urlencodedParser (node_modules/body-parser/lib/types/urlencoded.js:82:7)
      at Layer.handle [as handle_request] (node_modules/express/lib/router/layer.js:95:5)
      at trim_prefix (node_modules/express/lib/router/index.js:328:13)
      at node_modules/express/lib/router/index.js:286:9
      at router.process_params (node_modules/express/lib/router/index.js:346:12)
      at next (node_modules/express/lib/router/index.js:280:10)
      at node_modules/body-parser/lib/read.js:137:5
      at invokeCallback (node_modules/raw-body/index.js:238:16)
      at done (node_modules/raw-body/index.js:227:7)
      at IncomingMessage.onEnd (node_modules/raw-body/index.js:287:7)

    console.warn
      [client-error] stack:
      TypeError: x is not a function
          at foo (app.js:42:5)

    [0m [90m 367 |[39m     [90m// stack goes on its own line so Railway log UI doesn't collapse it.[39m
     [90m 368 |[39m   }))[33m;[39m
    [31m[1m>[22m[39m[90m 369 |[39m   [36mif[39m (stack) console[33m.[39mwarn([32m'[client-error] 
stack:\n'[39m [33m+[39m stack)[33m;[39m
     [90m     |[39m                      [31m[1m^[22m[39m
     [90m 370 |[39m
     [90m 371 |[39m   res[33m.[39mstatus([35m204[39m)[33m.[39mend()[33m;[39m
     [90m 372 |[39m })[33m;[39m[0m

      at warn (src/routes/diag.js:369:22)
      at Layer.handle [as handle_request] (node_modules/express/lib/router/layer.js:95:5)
      at next (node_modules/express/lib/router/route.js:149:13)
      at next (src/routes/diag.js:34:27)
      at Layer.handle [as handle_request] (node_modules/express/lib/router/layer.js:95:5)
      at next (node_modules/express/lib/router/route.js:149:13)
      at Route.dispatch (node_modules/express/lib/router/route.js:119:3)
      at Layer.handle [as handle_request] (node_modules/express/lib/router/layer.js:95:5)
      at node_modules/express/lib/router/index.js:284:15
      at router.process_params (node_modules/express/lib/router/index.js:346:12)
      at next (node_modules/express/lib/router/index.js:280:10)
      at router.handle (node_modules/express/lib/router/index.js:175:3)
      at router (node_modules/express/lib/router/index.js:47:12)
      at Layer.handle [as handle_request] (node_modules/express/lib/router/layer.js:95:5)
      at trim_prefix (node_modules/express/lib/router/index.js:328:13)
      at node_modules/express/lib/router/index.js:286:9
      at router.process_params (node_modules/express/lib/router/index.js:346:12)
      at next (node_modules/express/lib/router/index.js:280:10)
      at next (src/middleware/visitorLog.js:101:41)
      at Layer.handle [as handle_request] (node_modules/express/lib/router/layer.js:95:5)
      at trim_prefix (node_modules/express/lib/router/index.js:328:13)
      at node_modules/express/lib/router/index.js:286:9
      at router.process_params (node_modules/express/lib/router/index.js:346:12)
      at next (node_modules/express/lib/router/index.js:280:10)
      at next (src/middleware/csrf.js:37:47)
      at csrfProtection (src/index.js:205:10)
      at Layer.handle [as handle_request] (node_modules/express/lib/router/layer.js:95:5)
      at trim_prefix (node_modules/express/lib/router/index.js:328:13)
      at node_modules/express/lib/router/index.js:286:9
      at router.process_params (node_modules/express/lib/router/index.js:346:12)
      at next (node_modules/express/lib/router/index.js:280:10)
      at next (src/middleware/csrf.js:14:47)
      at Layer.handle [as handle_request] (node_modules/express/lib/router/layer.js:95:5)
      at trim_prefix (node_modules/express/lib/router/index.js:328:13)
      at node_modules/express/lib/router/index.js:286:9
      at router.process_params (node_modules/express/lib/router/index.js:346:12)
      at next (node_modules/express/lib/router/index.js:280:10)
      at cookieParser (node_modules/cookie-parser/index.js:57:14)
      at Layer.handle [as handle_request] (node_modules/express/lib/router/layer.js:95:5)
      at trim_prefix (node_modules/express/lib/router/index.js:328:13)
      at node_modules/express/lib/router/index.js:286:9
      at router.process_params (node_modules/express/lib/router/index.js:346:12)
      at next (node_modules/express/lib/router/index.js:280:10)
      at urlencodedParser (node_modules/body-parser/lib/types/urlencoded.js:82:7)
      at Layer.handle [as handle_request] (node_modules/express/lib/router/layer.js:95:5)
      at trim_prefix (node_modules/express/lib/router/index.js:328:13)
      at node_modules/express/lib/router/index.js:286:9
      at router.process_params (node_modules/express/lib/router/index.js:346:12)
      at next (node_modules/express/lib/router/index.js:280:10)
      at node_modules/body-parser/lib/read.js:137:5
      at invokeCallback (node_modules/raw-body/index.js:238:16)
      at done (node_modules/raw-body/index.js:227:7)
      at IncomingMessage.onEnd (node_modules/raw-body/index.js:287:7)

    console.warn
      [client-error] 
{"kind":"unknown","message":"meh","filename":null,"lineno":null,"colno":null,"url":null,"userAgent":null}

    [0m [90m 363 |[39m   }
     [90m 364 |[39m
    [31m[1m>[22m[39m[90m 365 |[39m   console[33m.[39mwarn([32m'[client-error]'[39m[33m,[39m 
[33mJSON[39m[33m.[39mstringify({
     [90m     |[39m           [31m[1m^[22m[39m
     [90m 366 |[39m     kind[33m,[39m message[33m,[39m filename[33m,[39m lineno[33m,[39m colno[33m,[39m 
url[33m,[39m userAgent[33m,[39m
     [90m 367 |[39m     [90m// stack goes on its own line so Railway log UI doesn't collapse it.[39m
     [90m 368 |[39m   }))[33m;[39m[0m

      at warn (src/routes/diag.js:365:11)
      at Layer.handle [as handle_request] (node_modules/express/lib/router/layer.js:95:5)
      at next (node_modules/express/lib/router/route.js:149:13)
      at next (src/routes/diag.js:34:27)
      at Layer.handle [as handle_request] (node_modules/express/lib/router/layer.js:95:5)
      at next (node_modules/express/lib/router/route.js:149:13)
      at Route.dispatch (node_modules/express/lib/router/route.js:119:3)
      at Layer.handle [as handle_request] (node_modules/express/lib/router/layer.js:95:5)
      at node_modules/express/lib/router/index.js:284:15
      at router.process_params (node_modules/express/lib/router/index.js:346:12)
      at next (node_modules/express/lib/router/index.js:280:10)
      at router.handle (node_modules/express/lib/router/index.js:175:3)
      at router (node_modules/express/lib/router/index.js:47:12)
      at Layer.handle [as handle_request] (node_modules/express/lib/router/layer.js:95:5)
      at trim_prefix (node_modules/express/lib/router/index.js:328:13)
      at node_modules/express/lib/router/index.js:286:9
      at router.process_params (node_modules/express/lib/router/index.js:346:12)
      at next (node_modules/express/lib/router/index.js:280:10)
      at next (src/middleware/visitorLog.js:101:41)
      at Layer.handle [as handle_request] (node_modules/express/lib/router/layer.js:95:5)
      at trim_prefix (node_modules/express/lib/router/index.js:328:13)
      at node_modules/express/lib/router/index.js:286:9
      at router.process_params (node_modules/express/lib/router/index.js:346:12)
      at next (node_modules/express/lib/router/index.js:280:10)
      at next (src/middleware/csrf.js:37:47)
      at csrfProtection (src/index.js:205:10)
      at Layer.handle [as handle_request] (node_modules/express/lib/router/layer.js:95:5)
      at trim_prefix (node_modules/express/lib/router/index.js:328:13)
      at node_modules/express/lib/router/index.js:286:9
      at router.process_params (node_modules/express/lib/router/index.js:346:12)
      at next (node_modules/express/lib/router/index.js:280:10)
      at next (src/middleware/csrf.js:14:47)
      at Layer.handle [as handle_request] (node_modules/express/lib/router/layer.js:95:5)
      at trim_prefix (node_modules/express/lib/router/index.js:328:13)
      at node_modules/express/lib/router/index.js:286:9
      at router.process_params (node_modules/express/lib/router/index.js:346:12)
      at next (node_modules/express/lib/router/index.js:280:10)
      at cookieParser (node_modules/cookie-parser/index.js:57:14)
      at Layer.handle [as handle_request] (node_modules/express/lib/router/layer.js:95:5)
      at trim_prefix (node_modules/express/lib/router/index.js:328:13)
      at node_modules/express/lib/router/index.js:286:9
      at router.process_params (node_modules/express/lib/router/index.js:346:12)
      at next (node_modules/express/lib/router/index.js:280:10)
      at urlencodedParser (node_modules/body-parser/lib/types/urlencoded.js:82:7)
      at Layer.handle [as handle_request] (node_modules/express/lib/router/layer.js:95:5)
      at trim_prefix (node_modules/express/lib/router/index.js:328:13)
      at node_modules/express/lib/router/index.js:286:9
      at router.process_params (node_modules/express/lib/router/index.js:346:12)
      at next (node_modules/express/lib/router/index.js:280:10)
      at node_modules/body-parser/lib/read.js:137:5
      at invokeCallback (node_modules/raw-body/index.js:238:16)
      at done (node_modules/raw-body/index.js:227:7)
      at IncomingMessage.onEnd (node_modules/raw-body/index.js:287:7)

    console.warn
      [client-error] {"kind":"error","message":"(no 
message)","filename":null,"lineno":null,"colno":null,"url":null,"userAgent":null}

    [0m [90m 363 |[39m   }
     [90m 364 |[39m
    [31m[1m>[22m[39m[90m 365 |[39m   console[33m.[39mwarn([32m'[client-error]'[39m[33m,[39m 
[33mJSON[39m[33m.[39mstringify({
     [90m     |[39m           [31m[1m^[22m[39m
     [90m 366 |[39m     kind[33m,[39m message[33m,[39m filename[33m,[39m lineno[33m,[39m colno[33m,[39m 
url[33m,[39m userAgent[33m,[39m
     [90m 367 |[39m     [90m// stack goes on its own line so Railway log UI doesn't collapse it.[39m
     [90m 368 |[39m   }))[33m;[39m[0m

      at warn (src/routes/diag.js:365:11)
      at Layer.handle [as handle_request] (node_modules/express/lib/router/layer.js:95:5)
      at next (node_modules/express/lib/router/route.js:149:13)
      at next (src/routes/diag.js:34:27)
      at Layer.handle [as handle_request] (node_modules/express/lib/router/layer.js:95:5)
      at next (node_modules/express/lib/router/route.js:149:13)
      at Route.dispatch (node_modules/express/lib/router/route.js:119:3)
      at Layer.handle [as handle_request] (node_modules/express/lib/router/layer.js:95:5)
      at node_modules/express/lib/router/index.js:284:15
      at router.process_params (node_modules/express/lib/router/index.js:346:12)
      at next (node_modules/express/lib/router/index.js:280:10)
      at router.handle (node_modules/express/lib/router/index.js:175:3)
      at router (node_modules/express/lib/router/index.js:47:12)
      at Layer.handle [as handle_request] (node_modules/express/lib/router/layer.js:95:5)
      at trim_prefix (node_modules/express/lib/router/index.js:328:13)
      at node_modules/express/lib/router/index.js:286:9
      at router.process_params (node_modules/express/lib/router/index.js:346:12)
      at next (node_modules/express/lib/router/index.js:280:10)
      at next (src/middleware/visitorLog.js:101:41)
      at Layer.handle [as handle_request] (node_modules/express/lib/router/layer.js:95:5)
      at trim_prefix (node_modules/express/lib/router/index.js:328:13)
      at node_modules/express/lib/router/index.js:286:9
      at router.process_params (node_modules/express/lib/router/index.js:346:12)
      at next (node_modules/express/lib/router/index.js:280:10)
      at next (src/middleware/csrf.js:37:47)
      at csrfProtection (src/index.js:205:10)
      at Layer.handle [as handle_request] (node_modules/express/lib/router/layer.js:95:5)
      at trim_prefix (node_modules/express/lib/router/index.js:328:13)
      at node_modules/express/lib/router/index.js:286:9
      at router.process_params (node_modules/express/lib/router/index.js:346:12)
      at next (node_modules/express/lib/router/index.js:280:10)
      at next (src/middleware/csrf.js:14:47)
      at Layer.handle [as handle_request] (node_modules/express/lib/router/layer.js:95:5)
      at trim_prefix (node_modules/express/lib/router/index.js:328:13)
      at node_modules/express/lib/router/index.js:286:9
      at router.process_params (node_modules/express/lib/router/index.js:346:12)
      at next (node_modules/express/lib/router/index.js:280:10)
      at cookieParser (node_modules/cookie-parser/index.js:57:14)
      at Layer.handle [as handle_request] (node_modules/express/lib/router/layer.js:95:5)
      at trim_prefix (node_modules/express/lib/router/index.js:328:13)
      at node_modules/express/lib/router/index.js:286:9
      at router.process_params (node_modules/express/lib/router/index.js:346:12)
      at next (node_modules/express/lib/router/index.js:280:10)
      at urlencodedParser (node_modules/body-parser/lib/types/urlencoded.js:82:7)
      at Layer.handle [as handle_request] (node_modules/express/lib/router/layer.js:95:5)
      at trim_prefix (node_modules/express/lib/router/index.js:328:13)
      at node_modules/express/lib/router/index.js:286:9
      at router.process_params (node_modules/express/lib/router/index.js:346:12)
      at next (node_modules/express/lib/router/index.js:280:10)
      at node_modules/body-parser/lib/read.js:137:5
      at invokeCallback (node_modules/raw-body/index.js:238:16)
      at done (node_modules/raw-body/index.js:227:7)
      at IncomingMessage.onEnd (node_modules/raw-body/index.js:287:7)

    console.warn
      [client-error] {"kind":"error","message":"AAAAAAAAAAAAAAAAAAAAAAAAAAAAAAAAAAAAAAAAAAAAAAAAAAAAAAAAAAAAAAAAAAAAAAA
AAAAAAAAAAAAAAAAAAAAAAAAAAAAAAAAAAAAAAAAAAAAAAAAAAAAAAAAAAAAAAAAAAAAAAAAAAAAAAAAAAAAAAAAAAAAAAAAAAAAAAAAAAAAAAAAAAAAAAA
AAAAAAAAAAAAAAAAAAAAAAAAAAAAAAAAAAAAAAAAAAAAAAAAAAAAAAAAAAAAAAAAAAAAAAAAAAAAAAAAAAAAAAAAAAAAAAAAAAAAAAAAAAAAAAAAAAAAAAA
AAAAAAAAAAAAAAAAAAAAAAAAAAAAAAAAAAAAAAAAAAAAAAAAAAAAAAAAAAAAAAAAAAAAAAAAAAAAAAAAAAAAAAAAAAAAAAAAAAAAAAAAAAAAAAAAAAAAAAA
AAAAAAAAAAAAAAAAAAAAAAAAAAAAAAAAAAAAAAAAAAAAAAAAAAAAAAAAAAAAAAAAAAAAAAAAAAAAAAAAAAAAAAAAAAAAAAAAAAAAAAAAAAAAAAAAAAAAAAA
AAAAAAAAAAAAAAAAAAAAAAAAAAAAAAAAAAAAAAAAAAAAAAAAAAAAAAAAAAAAAAAAAAAAAAAAAAAAAAAAAAAAAAAAAAAAAAAAAAAAAAAAAAAAAAAAAAAAAAA
AAAAAAAAAAAAAAAAAAAAAAAAAAAAAAAAAAAAAAAAAAAAAAAAAAAAAAAAAAAAAAAAAAAAAAAAAAAAAAAAAAAAAAAAAAAAAAAAAAAAAAAAAAAAAAAAAAAAAAA
AAAAAAAAAAAAAAAAAAAAAAAAAAAAAAAAAAAAAAAAAAAAAAAAAAAAAAAAAAAAAAAAAAAAAAAAAAAAAAAAAAAAAAAAAAAAAAAAAAAAAAAAAAAAAAAAAAAAAAA
AAAAAAAAAAAAAAAAAAAAAAAAAAAAAAAAAAAAAAAAAAAAAAAAAAAAAAAAAAAAAAAAAAAAAAAAAAAAAAAAAAAAAAAAAAAAAAAAÔÇª 
[truncated-server]","filename":null,"lineno":null,"colno":null,"url":null,"userAgent":null}

    [0m [90m 363 |[39m   }
     [90m 364 |[39m
    [31m[1m>[22m[39m[90m 365 |[39m   console[33m.[39mwarn([32m'[client-error]'[39m[33m,[39m 
[33mJSON[39m[33m.[39mstringify({
     [90m     |[39m           [31m[1m^[22m[39m
     [90m 366 |[39m     kind[33m,[39m message[33m,[39m filename[33m,[39m lineno[33m,[39m colno[33m,[39m 
url[33m,[39m userAgent[33m,[39m
     [90m 367 |[39m     [90m// stack goes on its own line so Railway log UI doesn't collapse it.[39m
     [90m 368 |[39m   }))[33m;[39m[0m

      at warn (src/routes/diag.js:365:11)
      at Layer.handle [as handle_request] (node_modules/express/lib/router/layer.js:95:5)
      at next (node_modules/express/lib/router/route.js:149:13)
      at next (src/routes/diag.js:34:27)
      at Layer.handle [as handle_request] (node_modules/express/lib/router/layer.js:95:5)
      at next (node_modules/express/lib/router/route.js:149:13)
      at Route.dispatch (node_modules/express/lib/router/route.js:119:3)
      at Layer.handle [as handle_request] (node_modules/express/lib/router/layer.js:95:5)
      at node_modules/express/lib/router/index.js:284:15
      at router.process_params (node_modules/express/lib/router/index.js:346:12)
      at next (node_modules/express/lib/router/index.js:280:10)
      at router.handle (node_modules/express/lib/router/index.js:175:3)
      at router (node_modules/express/lib/router/index.js:47:12)
      at Layer.handle [as handle_request] (node_modules/express/lib/router/layer.js:95:5)
      at trim_prefix (node_modules/express/lib/router/index.js:328:13)
      at node_modules/express/lib/router/index.js:286:9
      at router.process_params (node_modules/express/lib/router/index.js:346:12)
      at next (node_modules/express/lib/router/index.js:280:10)
      at next (src/middleware/visitorLog.js:101:41)
      at Layer.handle [as handle_request] (node_modules/express/lib/router/layer.js:95:5)
      at trim_prefix (node_modules/express/lib/router/index.js:328:13)
      at node_modules/express/lib/router/index.js:286:9
      at router.process_params (node_modules/express/lib/router/index.js:346:12)
      at next (node_modules/express/lib/router/index.js:280:10)
      at next (src/middleware/csrf.js:37:47)
      at csrfProtection (src/index.js:205:10)
      at Layer.handle [as handle_request] (node_modules/express/lib/router/layer.js:95:5)
      at trim_prefix (node_modules/express/lib/router/index.js:328:13)
      at node_modules/express/lib/router/index.js:286:9
      at router.process_params (node_modules/express/lib/router/index.js:346:12)
      at next (node_modules/express/lib/router/index.js:280:10)
      at next (src/middleware/csrf.js:14:47)
      at Layer.handle [as handle_request] (node_modules/express/lib/router/layer.js:95:5)
      at trim_prefix (node_modules/express/lib/router/index.js:328:13)
      at node_modules/express/lib/router/index.js:286:9
      at router.process_params (node_modules/express/lib/router/index.js:346:12)
      at next (node_modules/express/lib/router/index.js:280:10)
      at cookieParser (node_modules/cookie-parser/index.js:57:14)
      at Layer.handle [as handle_request] (node_modules/express/lib/router/layer.js:95:5)
      at trim_prefix (node_modules/express/lib/router/index.js:328:13)
      at node_modules/express/lib/router/index.js:286:9
      at router.process_params (node_modules/express/lib/router/index.js:346:12)
      at next (node_modules/express/lib/router/index.js:280:10)
      at urlencodedParser (node_modules/body-parser/lib/types/urlencoded.js:82:7)
      at Layer.handle [as handle_request] (node_modules/express/lib/router/layer.js:95:5)
      at trim_prefix (node_modules/express/lib/router/index.js:328:13)
      at node_modules/express/lib/router/index.js:286:9
      at router.process_params (node_modules/express/lib/router/index.js:346:12)
      at next (node_modules/express/lib/router/index.js:280:10)
      at node_modules/body-parser/lib/read.js:137:5
      at invokeCallback (node_modules/raw-body/index.js:238:16)
      at done (node_modules/raw-body/index.js:227:7)
      at IncomingMessage.onEnd (node_modules/raw-body/index.js:287:7)

    console.warn
      [client-error] stack:
      BBBBBBBBBBBBBBBBBBBBBBBBBBBBBBBBBBBBBBBBBBBBBBBBBBBBBBBBBBBBBBBBBBBBBBBBBBBBBBBBBBBBBBBBBBBBBBBBBBBBBBBBBBBBBBBBB
BBBBBBBBBBBBBBBBBBBBBBBBBBBBBBBBBBBBBBBBBBBBBBBBBBBBBBBBBBBBBBBBBBBBBBBBBBBBBBBBBBBBBBBBBBBBBBBBBBBBBBBBBBBBBBBBBBBBBBB
BBBBBBBBBBBBBBBBBBBBBBBBBBBBBBBBBBBBBBBBBBBBBBBBBBBBBBBBBBBBBBBBBBBBBBBBBBBBBBBBBBBBBBBBBBBBBBBBBBBBBBBBBBBBBBBBBBBBBBB
BBBBBBBBBBBBBBBBBBBBBBBBBBBBBBBBBBBBBBBBBBBBBBBBBBBBBBBBBBBBBBBBBBBBBBBBBBBBBBBBBBBBBBBBBBBBBBBBBBBBBBBBBBBBBBBBBBBBBBB
BBBBBBBBBBBBBBBBBBBBBBBBBBBBBBBBBBBBBBBBBBBBBBBBBBBBBBBBBBBBBBBBBBBBBBBBBBBBBBBBBBBBBBBBBBBBBBBBBBBBBBBBBBBBBBBBBBBBBBB
BBBBBBBBBBBBBBBBBBBBBBBBBBBBBBBBBBBBBBBBBBBBBBBBBBBBBBBBBBBBBBBBBBBBBBBBBBBBBBBBBBBBBBBBBBBBBBBBBBBBBBBBBBBBBBBBBBBBBBB
BBBBBBBBBBBBBBBBBBBBBBBBBBBBBBBBBBBBBBBBBBBBBBBBBBBBBBBBBBBBBBBBBBBBBBBBBBBBBBBBBBBBBBBBBBBBBBBBBBBBBBBBBBBBBBBBBBBBBBB
BBBBBBBBBBBBBBBBBBBBBBBBBBBBBBBBBBBBBBBBBBBBBBBBBBBBBBBBBBBBBBBBBBBBBBBBBBBBBBBBBBBBBBBBBBBBBBBBBBBBBBBBBBBBBBBBBBBBBBB
BBBBBBBBBBBBBBBBBBBBBBBBBBBBBBBBBBBBBBBBBBBBBBBBBBBBBBBBBBBBBBBBBBBBBBBBBBBBBBBBBBBBBBBBBBBBBBBBBBBBBBBBBBBBBBBBBBBBBBB
BBBBBBBBBBBBBBBBBBBBBBBBBBBBBBBBBBBBBBBBBBBBBBBBBBBBBBBBBBBBBBBBBBBBBBBBBBBBBBBBBBBBBBBBBBBBBBBBBBBBBBBBBBBBBBBBBBBBBBB
BBBBBBBBBBBBBBBBBBBBBBBBBBBBBBBBBBBBBBBBBBBBBBBBBBBBBBBBBBBBBBBBBBBBBBBBBBBBBBBBBBBBBBBBBBBBBBBBBBBBBBBBBBBBBBBBBBBBBBB
BBBBBBBBBBBBBBBBBBBBBBBBBBBBBBBBBBBBBBBBBBBBBBBBBBBBBBBBBBBBBBBBBBBBBBBBBBBBBBBBBBBBBBBBBBBBBBBBBBBBBBBBBBBBBBBBBBBBBBB
BBBBBBBBBBBBBBBBBBBBBBBBBBBBBBBBBBBBBBBBBBBBBBBBBBBBBBBBBBBBBBBBBBBBBBBBBBBBBBBBBBBBBBBBBBBBBBBBBBBBBBBBBBBBBBBBBBBBBBB
BBBBBBBBBBBBBBBBBBBBBBBBBBBBBBBBBBBBBBBBBBBBBBBBBBBBBBBBBBBBBBBBBBBBBBBBBBBBBBBBBBBBBBBBBBBBBBBBBBBBBBBBBBBBBBBBBBBBBBB
BBBBBBBBBBBBBBBBBBBBBBBBBBBBBBBBBBBBBBBBBBBBBBBBBBBBBBBBBBBBBBBBBBBBBBBBBBBBBBBBBBBBBBBBBBBBBBBBBBBBBBBBBBBBBBBBBBBBBBB
BBBBBBBBBBBBBBBBBBBBBBBBBBBBBBBBBBBBBBBBBBBBBBBBBBBBBBBBBBBBBBBBBBBBBBBBBBBBBBBBBBBBBBBBBBBBBBBBBBBBBBBBBBBBBBBBBBBBBBB
BBBBBBBBBBBBBBBBBBBBBBBBBBBBBBBBBBBBBBBBBBBBBBBBBBBBBBBBBBBBBBBBBBBBBBBBBBBBBBBBBBBBBBBBBBBBBBBBBBBBBBBBBBBBBBBBBBBBBBB
BBBBBBBBBBBBBBBBBBBBBBBBBBBBBBBBBBBBBBBBBBBBBBBBBBBBBBBBBBBBBBBBBBBBBBBBBBBBBBBBBBBBBBBBBBBBBBBBBBBBBBBBBBBBBBBBBBBBBBB
BBBBBBBBBBBBBBBBBBBBBBBBBBBBBBBBBBBBBBBBBBBBBBBBBBBBBBBBBBBBBBBBBBBBBBBBBBBBBBBBBBBBBBBBBBBBBBBBBBBBBBBBBBBBBBBBBBBBBBB
BBBBBBBBBBBBBBBBBBBBBBBBBBBBBBBBBBBBBBBBBBBBBBBBBBBBBBBBBBBBBBBBBBBBBBBBBBBBBBBBBBBBBBBBBBBBBBBBBBBBBBBBBBBBBBBBBBBBBBB
BBBBBBBBBBBBBBBBBBBBBBBBBBBBBBBBBBBBBBBBBBBBBBBBBBBBBBBBBBBBBBBBBBBBBBBBBBBBBBBBBBBBBBBBBBBBBBBBBBBBBBBBBBBBBBBBBBBBBBB
BBBBBBBBBBBBBBBBBBBBBBBBBBBBBBBBBBBBBBBBBBBBBBBBBBBBBBBBBBBBBBBBBBBBBBBBBBBBBBBBBBBBBBBBBBBBBBBBBBBBBBBBBBBBBBBBBBBBBBB
BBBBBBBBBBBBBBBBBBBBBBBBBBBBBBBBBBBBBBBBBBBBBBBBBBBBBBBBBBBBBBBBBBBBBBBBBBBBBBBBBBBBBBBBBBBBBBBBBBBBBBBBBBBBBBBBBBBBBBB
BBBBBBBBBBBBBBBBBBBBBBBBBBBBBBBBBBBBBBBBBBBBBBBBBBBBBBBBBBBBBBBBBBBBBBBBBBBBBBBBBBBBBBBBBBBBBBBBBBBBBBBBBBBBBBBBBBBBBBB
BBBBBBBBBBBBBBBBBBBBBBBBBBBBBBBBBBBBBBBBBBBBBBBBBBBBBBBBBBBBBBBBBBBBBBBBBBBBBBBBBBBBBBBBBBBBBBBBBBBBBBBBBBBBBBBBBBBBBBB
BBBBBBBBBBBBBBBBBBBBBBBBBBBBBBBBBBBBBBBBBBBBBBBBBBBBBBBBBBBBBBBBBBBBBBBBBBBBBBBBBBBBBBBBBBBBBBBBBBBBBBBBBBBBBBBBBBBBBBB
BBBBBBBBBBBBBBBBBBBBBBBBBBBBBBBBBBBBBBBBBBBBBBBBBBBBBBBBBBBBBBBBBBBBBBBBBBBBBBBBBBBBBBBBBBBBBBBBBBBBBBBBBBBBBBBBBBBBBBB
BBBBBBBBBBBBBBBBBBBBBBBBBBBBBBBBBBBBBBBBBBBBBBBBBBBBBBBBBBBBBBBBBBBBBBBBBBBBBBBBBBBBBBBBBBBBBBBBBBBBBBBBBBBBBBBBBBBBBBB
BBBBBBBBBBBBBBBBBBBBBBBBBBBBBBBBBBBBBBBBBBBBBBBBBBBBBBBBBBBBBBBBBBBBBBBBBBBBBBBBBBBBBBBBBBBBBBBBBBBBBBBBBBBBBBBBBBBBBBB
BBBBBBBBBBBBBBBBBBBBBBBBBBBBBBBBBBBBBBBBBBBBBBBBBBBBBBBBBBBBBBBBBBBBBBBBBBBBBBBBBBBBBBBBBBBBBBBBBBBBBBBBBBBBBBBBBBBBBBB
BBBBBBBBBBBBBBBBBBBBBBBBBBBBBBBBBBBBBBBBBBBBBBBBBBBBBBBBBBBBBBBBBBBBBBBBBBBBBBBBBBBBBBBBBBBBBBBBBBBBBBBBBBBBBBBBBBBBBBB
BBBBBBBBBBBBBBBBBBBBBBBBBBBBBBBBBBBBBBBBBBBBBBBBBBBBBBBBBBBBBBBBBBBBBBBBBBBBBBBBBBBBBBBBBBBBBBBBBBBBBBBBBBBBBBBBBBBBBBB
BBBBBBBBBBBBBBBBBBBBBBBBBBBBBBBBBBBBBBBBBBBBBBBBBBBBBBBBBBBBBBBBBBBBBBBBBBBBBBBBBBBBBBBBBBBBBBBBBBBBBBBBBBBBBBBBBBBBBBB
BBBBBBBBBBBBBBBBBBBBBBBBBBBBBBBBBBBBBBBBBBBBBBBBBBBBBBBBBBBBBBBBBBBBBBBBBBBBBBBÔÇª [truncated-server]

    [0m [90m 367 |[39m     [90m// stack goes on its own line so Railway log UI doesn't collapse it.[39m
     [90m 368 |[39m   }))[33m;[39m
    [31m[1m>[22m[39m[90m 369 |[39m   [36mif[39m (stack) console[33m.[39mwarn([32m'[client-error] 
stack:\n'[39m [33m+[39m stack)[33m;[39m
     [90m     |[39m                      [31m[1m^[22m[39m
     [90m 370 |[39m
     [90m 371 |[39m   res[33m.[39mstatus([35m204[39m)[33m.[39mend()[33m;[39m
     [90m 372 |[39m })[33m;[39m[0m

      at warn (src/routes/diag.js:369:22)
      at Layer.handle [as handle_request] (node_modules/express/lib/router/layer.js:95:5)
      at next (node_modules/express/lib/router/route.js:149:13)
      at next (src/routes/diag.js:34:27)
      at Layer.handle [as handle_request] (node_modules/express/lib/router/layer.js:95:5)
      at next (node_modules/express/lib/router/route.js:149:13)
      at Route.dispatch (node_modules/express/lib/router/route.js:119:3)
      at Layer.handle [as handle_request] (node_modules/express/lib/router/layer.js:95:5)
      at node_modules/express/lib/router/index.js:284:15
      at router.process_params (node_modules/express/lib/router/index.js:346:12)
      at next (node_modules/express/lib/router/index.js:280:10)
      at router.handle (node_modules/express/lib/router/index.js:175:3)
      at router (node_modules/express/lib/router/index.js:47:12)
      at Layer.handle [as handle_request] (node_modules/express/lib/router/layer.js:95:5)
      at trim_prefix (node_modules/express/lib/router/index.js:328:13)
      at node_modules/express/lib/router/index.js:286:9
      at router.process_params (node_modules/express/lib/router/index.js:346:12)
      at next (node_modules/express/lib/router/index.js:280:10)
      at next (src/middleware/visitorLog.js:101:41)
      at Layer.handle [as handle_request] (node_modules/express/lib/router/layer.js:95:5)
      at trim_prefix (node_modules/express/lib/router/index.js:328:13)
      at node_modules/express/lib/router/index.js:286:9
      at router.process_params (node_modules/express/lib/router/index.js:346:12)
      at next (node_modules/express/lib/router/index.js:280:10)
      at next (src/middleware/csrf.js:37:47)
      at csrfProtection (src/index.js:205:10)
      at Layer.handle [as handle_request] (node_modules/express/lib/router/layer.js:95:5)
      at trim_prefix (node_modules/express/lib/router/index.js:328:13)
      at node_modules/express/lib/router/index.js:286:9
      at router.process_params (node_modules/express/lib/router/index.js:346:12)
      at next (node_modules/express/lib/router/index.js:280:10)
      at next (src/middleware/csrf.js:14:47)
      at Layer.handle [as handle_request] (node_modules/express/lib/router/layer.js:95:5)
      at trim_prefix (node_modules/express/lib/router/index.js:328:13)
      at node_modules/express/lib/router/index.js:286:9
      at router.process_params (node_modules/express/lib/router/index.js:346:12)
      at next (node_modules/express/lib/router/index.js:280:10)
      at cookieParser (node_modules/cookie-parser/index.js:57:14)
      at Layer.handle [as handle_request] (node_modules/express/lib/router/layer.js:95:5)
      at trim_prefix (node_modules/express/lib/router/index.js:328:13)
      at node_modules/express/lib/router/index.js:286:9
      at router.process_params (node_modules/express/lib/router/index.js:346:12)
      at next (node_modules/express/lib/router/index.js:280:10)
      at urlencodedParser (node_modules/body-parser/lib/types/urlencoded.js:82:7)
      at Layer.handle [as handle_request] (node_modules/express/lib/router/layer.js:95:5)
      at trim_prefix (node_modules/express/lib/router/index.js:328:13)
      at node_modules/express/lib/router/index.js:286:9
      at router.process_params (node_modules/express/lib/router/index.js:346:12)
      at next (node_modules/express/lib/router/index.js:280:10)
      at node_modules/body-parser/lib/read.js:137:5
      at invokeCallback (node_modules/raw-body/index.js:238:16)
      at done (node_modules/raw-body/index.js:227:7)
      at IncomingMessage.onEnd (node_modules/raw-body/index.js:287:7)

    console.warn
      [client-error] 
{"kind":"error","message":"x","filename":null,"lineno":null,"colno":null,"url":null,"userAgent":null}

    [0m [90m 363 |[39m   }
     [90m 364 |[39m
    [31m[1m>[22m[39m[90m 365 |[39m   console[33m.[39mwarn([32m'[client-error]'[39m[33m,[39m 
[33mJSON[39m[33m.[39mstringify({
     [90m     |[39m           [31m[1m^[22m[39m
     [90m 366 |[39m     kind[33m,[39m message[33m,[39m filename[33m,[39m lineno[33m,[39m colno[33m,[39m 
url[33m,[39m userAgent[33m,[39m
     [90m 367 |[39m     [90m// stack goes on its own line so Railway log UI doesn't collapse it.[39m
     [90m 368 |[39m   }))[33m;[39m[0m

      at warn (src/routes/diag.js:365:11)
      at Layer.handle [as handle_request] (node_modules/express/lib/router/layer.js:95:5)
      at next (node_modules/express/lib/router/route.js:149:13)
      at next (src/routes/diag.js:34:27)
      at Layer.handle [as handle_request] (node_modules/express/lib/router/layer.js:95:5)
      at next (node_modules/express/lib/router/route.js:149:13)
      at Route.dispatch (node_modules/express/lib/router/route.js:119:3)
      at Layer.handle [as handle_request] (node_modules/express/lib/router/layer.js:95:5)
      at node_modules/express/lib/router/index.js:284:15
      at router.process_params (node_modules/express/lib/router/index.js:346:12)
      at next (node_modules/express/lib/router/index.js:280:10)
      at router.handle (node_modules/express/lib/router/index.js:175:3)
      at router (node_modules/express/lib/router/index.js:47:12)
      at Layer.handle [as handle_request] (node_modules/express/lib/router/layer.js:95:5)
      at trim_prefix (node_modules/express/lib/router/index.js:328:13)
      at node_modules/express/lib/router/index.js:286:9
      at router.process_params (node_modules/express/lib/router/index.js:346:12)
      at next (node_modules/express/lib/router/index.js:280:10)
      at next (src/middleware/visitorLog.js:101:41)
      at Layer.handle [as handle_request] (node_modules/express/lib/router/layer.js:95:5)
      at trim_prefix (node_modules/express/lib/router/index.js:328:13)
      at node_modules/express/lib/router/index.js:286:9
      at router.process_params (node_modules/express/lib/router/index.js:346:12)
      at next (node_modules/express/lib/router/index.js:280:10)
      at next (src/middleware/csrf.js:37:47)
      at csrfProtection (src/index.js:205:10)
      at Layer.handle [as handle_request] (node_modules/express/lib/router/layer.js:95:5)
      at trim_prefix (node_modules/express/lib/router/index.js:328:13)
      at node_modules/express/lib/router/index.js:286:9
      at router.process_params (node_modules/express/lib/router/index.js:346:12)
      at next (node_modules/express/lib/router/index.js:280:10)
      at next (src/middleware/csrf.js:14:47)
      at Layer.handle [as handle_request] (node_modules/express/lib/router/layer.js:95:5)
      at trim_prefix (node_modules/express/lib/router/index.js:328:13)
      at node_modules/express/lib/router/index.js:286:9
      at router.process_params (node_modules/express/lib/router/index.js:346:12)
      at next (node_modules/express/lib/router/index.js:280:10)
      at cookieParser (node_modules/cookie-parser/index.js:57:14)
      at Layer.handle [as handle_request] (node_modules/express/lib/router/layer.js:95:5)
      at trim_prefix (node_modules/express/lib/router/index.js:328:13)
      at node_modules/express/lib/router/index.js:286:9
      at router.process_params (node_modules/express/lib/router/index.js:346:12)
      at next (node_modules/express/lib/router/index.js:280:10)
      at urlencodedParser (node_modules/body-parser/lib/types/urlencoded.js:82:7)
      at Layer.handle [as handle_request] (node_modules/express/lib/router/layer.js:95:5)
      at trim_prefix (node_modules/express/lib/router/index.js:328:13)
      at node_modules/express/lib/router/index.js:286:9
      at router.process_params (node_modules/express/lib/router/index.js:346:12)
      at next (node_modules/express/lib/router/index.js:280:10)
      at node_modules/body-parser/lib/read.js:137:5
      at invokeCallback (node_modules/raw-body/index.js:238:16)
      at done (node_modules/raw-body/index.js:227:7)
      at IncomingMessage.onEnd (node_modules/raw-body/index.js:287:7)

    console.warn
      [client-error] 
{"kind":"error","message":"e0","filename":null,"lineno":null,"colno":null,"url":null,"userAgent":null}

    [0m [90m 363 |[39m   }
     [90m 364 |[39m
    [31m[1m>[22m[39m[90m 365 |[39m   console[33m.[39mwarn([32m'[client-error]'[39m[33m,[39m 
[33mJSON[39m[33m.[39mstringify({
     [90m     |[39m           [31m[1m^[22m[39m
     [90m 366 |[39m     kind[33m,[39m message[33m,[39m filename[33m,[39m lineno[33m,[39m colno[33m,[39m 
url[33m,[39m userAgent[33m,[39m
     [90m 367 |[39m     [90m// stack goes on its own line so Railway log UI doesn't collapse it.[39m
     [90m 368 |[39m   }))[33m;[39m[0m

      at warn (src/routes/diag.js:365:11)
      at Layer.handle [as handle_request] (node_modules/express/lib/router/layer.js:95:5)
      at next (node_modules/express/lib/router/route.js:149:13)
      at next (src/routes/diag.js:34:27)
      at Layer.handle [as handle_request] (node_modules/express/lib/router/layer.js:95:5)
      at next (node_modules/express/lib/router/route.js:149:13)
      at Route.dispatch (node_modules/express/lib/router/route.js:119:3)
      at Layer.handle [as handle_request] (node_modules/express/lib/router/layer.js:95:5)
      at node_modules/express/lib/router/index.js:284:15
      at router.process_params (node_modules/express/lib/router/index.js:346:12)
      at next (node_modules/express/lib/router/index.js:280:10)
      at router.handle (node_modules/express/lib/router/index.js:175:3)
      at router (node_modules/express/lib/router/index.js:47:12)
      at Layer.handle [as handle_request] (node_modules/express/lib/router/layer.js:95:5)
      at trim_prefix (node_modules/express/lib/router/index.js:328:13)
      at node_modules/express/lib/router/index.js:286:9
      at router.process_params (node_modules/express/lib/router/index.js:346:12)
      at next (node_modules/express/lib/router/index.js:280:10)
      at next (src/middleware/visitorLog.js:101:41)
      at Layer.handle [as handle_request] (node_modules/express/lib/router/layer.js:95:5)
      at trim_prefix (node_modules/express/lib/router/index.js:328:13)
      at node_modules/express/lib/router/index.js:286:9
      at router.process_params (node_modules/express/lib/router/index.js:346:12)
      at next (node_modules/express/lib/router/index.js:280:10)
      at next (src/middleware/csrf.js:37:47)
      at csrfProtection (src/index.js:205:10)
      at Layer.handle [as handle_request] (node_modules/express/lib/router/layer.js:95:5)
      at trim_prefix (node_modules/express/lib/router/index.js:328:13)
      at node_modules/express/lib/router/index.js:286:9
      at router.process_params (node_modules/express/lib/router/index.js:346:12)
      at next (node_modules/express/lib/router/index.js:280:10)
      at next (src/middleware/csrf.js:14:47)
      at Layer.handle [as handle_request] (node_modules/express/lib/router/layer.js:95:5)
      at trim_prefix (node_modules/express/lib/router/index.js:328:13)
      at node_modules/express/lib/router/index.js:286:9
      at router.process_params (node_modules/express/lib/router/index.js:346:12)
      at next (node_modules/express/lib/router/index.js:280:10)
      at cookieParser (node_modules/cookie-parser/index.js:57:14)
      at Layer.handle [as handle_request] (node_modules/express/lib/router/layer.js:95:5)
      at trim_prefix (node_modules/express/lib/router/index.js:328:13)
      at node_modules/express/lib/router/index.js:286:9
      at router.process_params (node_modules/express/lib/router/index.js:346:12)
      at next (node_modules/express/lib/router/index.js:280:10)
      at urlencodedParser (node_modules/body-parser/lib/types/urlencoded.js:82:7)
      at Layer.handle [as handle_request] (node_modules/express/lib/router/layer.js:95:5)
      at trim_prefix (node_modules/express/lib/router/index.js:328:13)
      at node_modules/express/lib/router/index.js:286:9
      at router.process_params (node_modules/express/lib/router/index.js:346:12)
      at next (node_modules/express/lib/router/index.js:280:10)
      at node_modules/body-parser/lib/read.js:137:5
      at invokeCallback (node_modules/raw-body/index.js:238:16)
      at done (node_modules/raw-body/index.js:227:7)
      at IncomingMessage.onEnd (node_modules/raw-body/index.js:287:7)

    console.warn
      [client-error] 
{"kind":"error","message":"e1","filename":null,"lineno":null,"colno":null,"url":null,"userAgent":null}

    [0m [90m 363 |[39m   }
     [90m 364 |[39m
    [31m[1m>[22m[39m[90m 365 |[39m   console[33m.[39mwarn([32m'[client-error]'[39m[33m,[39m 
[33mJSON[39m[33m.[39mstringify({
     [90m     |[39m           [31m[1m^[22m[39m
     [90m 366 |[39m     kind[33m,[39m message[33m,[39m filename[33m,[39m lineno[33m,[39m colno[33m,[39m 
url[33m,[39m userAgent[33m,[39m
     [90m 367 |[39m     [90m// stack goes on its own line so Railway log UI doesn't collapse it.[39m
     [90m 368 |[39m   }))[33m;[39m[0m

      at warn (src/routes/diag.js:365:11)
      at Layer.handle [as handle_request] (node_modules/express/lib/router/layer.js:95:5)
      at next (node_modules/express/lib/router/route.js:149:13)
      at next (src/routes/diag.js:34:27)
      at Layer.handle [as handle_request] (node_modules/express/lib/router/layer.js:95:5)
      at next (node_modules/express/lib/router/route.js:149:13)
      at Route.dispatch (node_modules/express/lib/router/route.js:119:3)
      at Layer.handle [as handle_request] (node_modules/express/lib/router/layer.js:95:5)
      at node_modules/express/lib/router/index.js:284:15
      at router.process_params (node_modules/express/lib/router/index.js:346:12)
      at next (node_modules/express/lib/router/index.js:280:10)
      at router.handle (node_modules/express/lib/router/index.js:175:3)
      at router (node_modules/express/lib/router/index.js:47:12)
      at Layer.handle [as handle_request] (node_modules/express/lib/router/layer.js:95:5)
      at trim_prefix (node_modules/express/lib/router/index.js:328:13)
      at node_modules/express/lib/router/index.js:286:9
      at router.process_params (node_modules/express/lib/router/index.js:346:12)
      at next (node_modules/express/lib/router/index.js:280:10)
      at next (src/middleware/visitorLog.js:101:41)
      at Layer.handle [as handle_request] (node_modules/express/lib/router/layer.js:95:5)
      at trim_prefix (node_modules/express/lib/router/index.js:328:13)
      at node_modules/express/lib/router/index.js:286:9
      at router.process_params (node_modules/express/lib/router/index.js:346:12)
      at next (node_modules/express/lib/router/index.js:280:10)
      at next (src/middleware/csrf.js:37:47)
      at csrfProtection (src/index.js:205:10)
      at Layer.handle [as handle_request] (node_modules/express/lib/router/layer.js:95:5)
      at trim_prefix (node_modules/express/lib/router/index.js:328:13)
      at node_modules/express/lib/router/index.js:286:9
      at router.process_params (node_modules/express/lib/router/index.js:346:12)
      at next (node_modules/express/lib/router/index.js:280:10)
      at next (src/middleware/csrf.js:14:47)
      at Layer.handle [as handle_request] (node_modules/express/lib/router/layer.js:95:5)
      at trim_prefix (node_modules/express/lib/router/index.js:328:13)
      at node_modules/express/lib/router/index.js:286:9
      at router.process_params (node_modules/express/lib/router/index.js:346:12)
      at next (node_modules/express/lib/router/index.js:280:10)
      at cookieParser (node_modules/cookie-parser/index.js:57:14)
      at Layer.handle [as handle_request] (node_modules/express/lib/router/layer.js:95:5)
      at trim_prefix (node_modules/express/lib/router/index.js:328:13)
      at node_modules/express/lib/router/index.js:286:9
      at router.process_params (node_modules/express/lib/router/index.js:346:12)
      at next (node_modules/express/lib/router/index.js:280:10)
      at urlencodedParser (node_modules/body-parser/lib/types/urlencoded.js:82:7)
      at Layer.handle [as handle_request] (node_modules/express/lib/router/layer.js:95:5)
      at trim_prefix (node_modules/express/lib/router/index.js:328:13)
      at node_modules/express/lib/router/index.js:286:9
      at router.process_params (node_modules/express/lib/router/index.js:346:12)
      at next (node_modules/express/lib/router/index.js:280:10)
      at node_modules/body-parser/lib/read.js:137:5
      at invokeCallback (node_modules/raw-body/index.js:238:16)
      at done (node_modules/raw-body/index.js:227:7)
      at IncomingMessage.onEnd (node_modules/raw-body/index.js:287:7)

    console.warn
      [client-error] 
{"kind":"error","message":"e2","filename":null,"lineno":null,"colno":null,"url":null,"userAgent":null}

    [0m [90m 363 |[39m   }
     [90m 364 |[39m
    [31m[1m>[22m[39m[90m 365 |[39m   console[33m.[39mwarn([32m'[client-error]'[39m[33m,[39m 
[33mJSON[39m[33m.[39mstringify({
     [90m     |[39m           [31m[1m^[22m[39m
     [90m 366 |[39m     kind[33m,[39m message[33m,[39m filename[33m,[39m lineno[33m,[39m colno[33m,[39m 
url[33m,[39m userAgent[33m,[39m
     [90m 367 |[39m     [90m// stack goes on its own line so Railway log UI doesn't collapse it.[39m
     [90m 368 |[39m   }))[33m;[39m[0m

      at warn (src/routes/diag.js:365:11)
      at Layer.handle [as handle_request] (node_modules/express/lib/router/layer.js:95:5)
      at next (node_modules/express/lib/router/route.js:149:13)
      at next (src/routes/diag.js:34:27)
      at Layer.handle [as handle_request] (node_modules/express/lib/router/layer.js:95:5)
      at next (node_modules/express/lib/router/route.js:149:13)
      at Route.dispatch (node_modules/express/lib/router/route.js:119:3)
      at Layer.handle [as handle_request] (node_modules/express/lib/router/layer.js:95:5)
      at node_modules/express/lib/router/index.js:284:15
      at router.process_params (node_modules/express/lib/router/index.js:346:12)
      at next (node_modules/express/lib/router/index.js:280:10)
      at router.handle (node_modules/express/lib/router/index.js:175:3)
      at router (node_modules/express/lib/router/index.js:47:12)
      at Layer.handle [as handle_request] (node_modules/express/lib/router/layer.js:95:5)
      at trim_prefix (node_modules/express/lib/router/index.js:328:13)
      at node_modules/express/lib/router/index.js:286:9
      at router.process_params (node_modules/express/lib/router/index.js:346:12)
      at next (node_modules/express/lib/router/index.js:280:10)
      at next (src/middleware/visitorLog.js:101:41)
      at Layer.handle [as handle_request] (node_modules/express/lib/router/layer.js:95:5)
      at trim_prefix (node_modules/express/lib/router/index.js:328:13)
      at node_modules/express/lib/router/index.js:286:9
      at router.process_params (node_modules/express/lib/router/index.js:346:12)
      at next (node_modules/express/lib/router/index.js:280:10)
      at next (src/middleware/csrf.js:37:47)
      at csrfProtection (src/index.js:205:10)
      at Layer.handle [as handle_request] (node_modules/express/lib/router/layer.js:95:5)
      at trim_prefix (node_modules/express/lib/router/index.js:328:13)
      at node_modules/express/lib/router/index.js:286:9
      at router.process_params (node_modules/express/lib/router/index.js:346:12)
      at next (node_modules/express/lib/router/index.js:280:10)
      at next (src/middleware/csrf.js:14:47)
      at Layer.handle [as handle_request] (node_modules/express/lib/router/layer.js:95:5)
      at trim_prefix (node_modules/express/lib/router/index.js:328:13)
      at node_modules/express/lib/router/index.js:286:9
      at router.process_params (node_modules/express/lib/router/index.js:346:12)
      at next (node_modules/express/lib/router/index.js:280:10)
      at cookieParser (node_modules/cookie-parser/index.js:57:14)
      at Layer.handle [as handle_request] (node_modules/express/lib/router/layer.js:95:5)
      at trim_prefix (node_modules/express/lib/router/index.js:328:13)
      at node_modules/express/lib/router/index.js:286:9
      at router.process_params (node_modules/express/lib/router/index.js:346:12)
      at next (node_modules/express/lib/router/index.js:280:10)
      at urlencodedParser (node_modules/body-parser/lib/types/urlencoded.js:82:7)
      at Layer.handle [as handle_request] (node_modules/express/lib/router/layer.js:95:5)
      at trim_prefix (node_modules/express/lib/router/index.js:328:13)
      at node_modules/express/lib/router/index.js:286:9
      at router.process_params (node_modules/express/lib/router/index.js:346:12)
      at next (node_modules/express/lib/router/index.js:280:10)
      at node_modules/body-parser/lib/read.js:137:5
      at invokeCallback (node_modules/raw-body/index.js:238:16)
      at done (node_modules/raw-body/index.js:227:7)
      at IncomingMessage.onEnd (node_modules/raw-body/index.js:287:7)

    console.warn
      [client-error] 
{"kind":"error","message":"e3","filename":null,"lineno":null,"colno":null,"url":null,"userAgent":null}

    [0m [90m 363 |[39m   }
     [90m 364 |[39m
    [31m[1m>[22m[39m[90m 365 |[39m   console[33m.[39mwarn([32m'[client-error]'[39m[33m,[39m 
[33mJSON[39m[33m.[39mstringify({
     [90m     |[39m           [31m[1m^[22m[39m
     [90m 366 |[39m     kind[33m,[39m message[33m,[39m filename[33m,[39m lineno[33m,[39m colno[33m,[39m 
url[33m,[39m userAgent[33m,[39m
     [90m 367 |[39m     [90m// stack goes on its own line so Railway log UI doesn't collapse it.[39m
     [90m 368 |[39m   }))[33m;[39m[0m

      at warn (src/routes/diag.js:365:11)
      at Layer.handle [as handle_request] (node_modules/express/lib/router/layer.js:95:5)
      at next (node_modules/express/lib/router/route.js:149:13)
      at next (src/routes/diag.js:34:27)
      at Layer.handle [as handle_request] (node_modules/express/lib/router/layer.js:95:5)
      at next (node_modules/express/lib/router/route.js:149:13)
      at Route.dispatch (node_modules/express/lib/router/route.js:119:3)
      at Layer.handle [as handle_request] (node_modules/express/lib/router/layer.js:95:5)
      at node_modules/express/lib/router/index.js:284:15
      at router.process_params (node_modules/express/lib/router/index.js:346:12)
      at next (node_modules/express/lib/router/index.js:280:10)
      at router.handle (node_modules/express/lib/router/index.js:175:3)
      at router (node_modules/express/lib/router/index.js:47:12)
      at Layer.handle [as handle_request] (node_modules/express/lib/router/layer.js:95:5)
      at trim_prefix (node_modules/express/lib/router/index.js:328:13)
      at node_modules/express/lib/router/index.js:286:9
      at router.process_params (node_modules/express/lib/router/index.js:346:12)
      at next (node_modules/express/lib/router/index.js:280:10)
      at next (src/middleware/visitorLog.js:101:41)
      at Layer.handle [as handle_request] (node_modules/express/lib/router/layer.js:95:5)
      at trim_prefix (node_modules/express/lib/router/index.js:328:13)
      at node_modules/express/lib/router/index.js:286:9
      at router.process_params (node_modules/express/lib/router/index.js:346:12)
      at next (node_modules/express/lib/router/index.js:280:10)
      at next (src/middleware/csrf.js:37:47)
      at csrfProtection (src/index.js:205:10)
      at Layer.handle [as handle_request] (node_modules/express/lib/router/layer.js:95:5)
      at trim_prefix (node_modules/express/lib/router/index.js:328:13)
      at node_modules/express/lib/router/index.js:286:9
      at router.process_params (node_modules/express/lib/router/index.js:346:12)
      at next (node_modules/express/lib/router/index.js:280:10)
      at next (src/middleware/csrf.js:14:47)
      at Layer.handle [as handle_request] (node_modules/express/lib/router/layer.js:95:5)
      at trim_prefix (node_modules/express/lib/router/index.js:328:13)
      at node_modules/express/lib/router/index.js:286:9
      at router.process_params (node_modules/express/lib/router/index.js:346:12)
      at next (node_modules/express/lib/router/index.js:280:10)
      at cookieParser (node_modules/cookie-parser/index.js:57:14)
      at Layer.handle [as handle_request] (node_modules/express/lib/router/layer.js:95:5)
      at trim_prefix (node_modules/express/lib/router/index.js:328:13)
      at node_modules/express/lib/router/index.js:286:9
      at router.process_params (node_modules/express/lib/router/index.js:346:12)
      at next (node_modules/express/lib/router/index.js:280:10)
      at urlencodedParser (node_modules/body-parser/lib/types/urlencoded.js:82:7)
      at Layer.handle [as handle_request] (node_modules/express/lib/router/layer.js:95:5)
      at trim_prefix (node_modules/express/lib/router/index.js:328:13)
      at node_modules/express/lib/router/index.js:286:9
      at router.process_params (node_modules/express/lib/router/index.js:346:12)
      at next (node_modules/express/lib/router/index.js:280:10)
      at node_modules/body-parser/lib/read.js:137:5
      at invokeCallback (node_modules/raw-body/index.js:238:16)
      at done (node_modules/raw-body/index.js:227:7)
      at IncomingMessage.onEnd (node_modules/raw-body/index.js:287:7)

    console.warn
      [client-error] 
{"kind":"error","message":"e4","filename":null,"lineno":null,"colno":null,"url":null,"userAgent":null}

    [0m [90m 363 |[39m   }
     [90m 364 |[39m
    [31m[1m>[22m[39m[90m 365 |[39m   console[33m.[39mwarn([32m'[client-error]'[39m[33m,[39m 
[33mJSON[39m[33m.[39mstringify({
     [90m     |[39m           [31m[1m^[22m[39m
     [90m 366 |[39m     kind[33m,[39m message[33m,[39m filename[33m,[39m lineno[33m,[39m colno[33m,[39m 
url[33m,[39m userAgent[33m,[39m
     [90m 367 |[39m     [90m// stack goes on its own line so Railway log UI doesn't collapse it.[39m
     [90m 368 |[39m   }))[33m;[39m[0m

      at warn (src/routes/diag.js:365:11)
      at Layer.handle [as handle_request] (node_modules/express/lib/router/layer.js:95:5)
      at next (node_modules/express/lib/router/route.js:149:13)
      at next (src/routes/diag.js:34:27)
      at Layer.handle [as handle_request] (node_modules/express/lib/router/layer.js:95:5)
      at next (node_modules/express/lib/router/route.js:149:13)
      at Route.dispatch (node_modules/express/lib/router/route.js:119:3)
      at Layer.handle [as handle_request] (node_modules/express/lib/router/layer.js:95:5)
      at node_modules/express/lib/router/index.js:284:15
      at router.process_params (node_modules/express/lib/router/index.js:346:12)
      at next (node_modules/express/lib/router/index.js:280:10)
      at router.handle (node_modules/express/lib/router/index.js:175:3)
      at router (node_modules/express/lib/router/index.js:47:12)
      at Layer.handle [as handle_request] (node_modules/express/lib/router/layer.js:95:5)
      at trim_prefix (node_modules/express/lib/router/index.js:328:13)
      at node_modules/express/lib/router/index.js:286:9
      at router.process_params (node_modules/express/lib/router/index.js:346:12)
      at next (node_modules/express/lib/router/index.js:280:10)
      at next (src/middleware/visitorLog.js:101:41)
      at Layer.handle [as handle_request] (node_modules/express/lib/router/layer.js:95:5)
      at trim_prefix (node_modules/express/lib/router/index.js:328:13)
      at node_modules/express/lib/router/index.js:286:9
      at router.process_params (node_modules/express/lib/router/index.js:346:12)
      at next (node_modules/express/lib/router/index.js:280:10)
      at next (src/middleware/csrf.js:37:47)
      at csrfProtection (src/index.js:205:10)
      at Layer.handle [as handle_request] (node_modules/express/lib/router/layer.js:95:5)
      at trim_prefix (node_modules/express/lib/router/index.js:328:13)
      at node_modules/express/lib/router/index.js:286:9
      at router.process_params (node_modules/express/lib/router/index.js:346:12)
      at next (node_modules/express/lib/router/index.js:280:10)
      at next (src/middleware/csrf.js:14:47)
      at Layer.handle [as handle_request] (node_modules/express/lib/router/layer.js:95:5)
      at trim_prefix (node_modules/express/lib/router/index.js:328:13)
      at node_modules/express/lib/router/index.js:286:9
      at router.process_params (node_modules/express/lib/router/index.js:346:12)
      at next (node_modules/express/lib/router/index.js:280:10)
      at cookieParser (node_modules/cookie-parser/index.js:57:14)
      at Layer.handle [as handle_request] (node_modules/express/lib/router/layer.js:95:5)
      at trim_prefix (node_modules/express/lib/router/index.js:328:13)
      at node_modules/express/lib/router/index.js:286:9
      at router.process_params (node_modules/express/lib/router/index.js:346:12)
      at next (node_modules/express/lib/router/index.js:280:10)
      at urlencodedParser (node_modules/body-parser/lib/types/urlencoded.js:82:7)
      at Layer.handle [as handle_request] (node_modules/express/lib/router/layer.js:95:5)
      at trim_prefix (node_modules/express/lib/router/index.js:328:13)
      at node_modules/express/lib/router/index.js:286:9
      at router.process_params (node_modules/express/lib/router/index.js:346:12)
      at next (node_modules/express/lib/router/index.js:280:10)
      at node_modules/body-parser/lib/read.js:137:5
      at invokeCallback (node_modules/raw-body/index.js:238:16)
      at done (node_modules/raw-body/index.js:227:7)
      at IncomingMessage.onEnd (node_modules/raw-body/index.js:287:7)

    console.warn
      [client-error] 
{"kind":"unhandledrejection","message":"r0","filename":null,"lineno":null,"colno":null,"url":null,"userAgent":null}

    [0m [90m 363 |[39m   }
     [90m 364 |[39m
    [31m[1m>[22m[39m[90m 365 |[39m   console[33m.[39mwarn([32m'[client-error]'[39m[33m,[39m 
[33mJSON[39m[33m.[39mstringify({
     [90m     |[39m           [31m[1m^[22m[39m
     [90m 366 |[39m     kind[33m,[39m message[33m,[39m filename[33m,[39m lineno[33m,[39m colno[33m,[39m 
url[33m,[39m userAgent[33m,[39m
     [90m 367 |[39m     [90m// stack goes on its own line so Railway log UI doesn't collapse it.[39m
     [90m 368 |[39m   }))[33m;[39m[0m

      at warn (src/routes/diag.js:365:11)
      at Layer.handle [as handle_request] (node_modules/express/lib/router/layer.js:95:5)
      at next (node_modules/express/lib/router/route.js:149:13)
      at next (src/routes/diag.js:34:27)
      at Layer.handle [as handle_request] (node_modules/express/lib/router/layer.js:95:5)
      at next (node_modules/express/lib/router/route.js:149:13)
      at Route.dispatch (node_modules/express/lib/router/route.js:119:3)
      at Layer.handle [as handle_request] (node_modules/express/lib/router/layer.js:95:5)
      at node_modules/express/lib/router/index.js:284:15
      at router.process_params (node_modules/express/lib/router/index.js:346:12)
      at next (node_modules/express/lib/router/index.js:280:10)
      at router.handle (node_modules/express/lib/router/index.js:175:3)
      at router (node_modules/express/lib/router/index.js:47:12)
      at Layer.handle [as handle_request] (node_modules/express/lib/router/layer.js:95:5)
      at trim_prefix (node_modules/express/lib/router/index.js:328:13)
      at node_modules/express/lib/router/index.js:286:9
      at router.process_params (node_modules/express/lib/router/index.js:346:12)
      at next (node_modules/express/lib/router/index.js:280:10)
      at next (src/middleware/visitorLog.js:101:41)
      at Layer.handle [as handle_request] (node_modules/express/lib/router/layer.js:95:5)
      at trim_prefix (node_modules/express/lib/router/index.js:328:13)
      at node_modules/express/lib/router/index.js:286:9
      at router.process_params (node_modules/express/lib/router/index.js:346:12)
      at next (node_modules/express/lib/router/index.js:280:10)
      at next (src/middleware/csrf.js:37:47)
      at csrfProtection (src/index.js:205:10)
      at Layer.handle [as handle_request] (node_modules/express/lib/router/layer.js:95:5)
      at trim_prefix (node_modules/express/lib/router/index.js:328:13)
      at node_modules/express/lib/router/index.js:286:9
      at router.process_params (node_modules/express/lib/router/index.js:346:12)
      at next (node_modules/express/lib/router/index.js:280:10)
      at next (src/middleware/csrf.js:14:47)
      at Layer.handle [as handle_request] (node_modules/express/lib/router/layer.js:95:5)
      at trim_prefix (node_modules/express/lib/router/index.js:328:13)
      at node_modules/express/lib/router/index.js:286:9
      at router.process_params (node_modules/express/lib/router/index.js:346:12)
      at next (node_modules/express/lib/router/index.js:280:10)
      at cookieParser (node_modules/cookie-parser/index.js:57:14)
      at Layer.handle [as handle_request] (node_modules/express/lib/router/layer.js:95:5)
      at trim_prefix (node_modules/express/lib/router/index.js:328:13)
      at node_modules/express/lib/router/index.js:286:9
      at router.process_params (node_modules/express/lib/router/index.js:346:12)
      at next (node_modules/express/lib/router/index.js:280:10)
      at urlencodedParser (node_modules/body-parser/lib/types/urlencoded.js:82:7)
      at Layer.handle [as handle_request] (node_modules/express/lib/router/layer.js:95:5)
      at trim_prefix (node_modules/express/lib/router/index.js:328:13)
      at node_modules/express/lib/router/index.js:286:9
      at router.process_params (node_modules/express/lib/router/index.js:346:12)
      at next (node_modules/express/lib/router/index.js:280:10)
      at node_modules/body-parser/lib/read.js:137:5
      at invokeCallback (node_modules/raw-body/index.js:238:16)
      at done (node_modules/raw-body/index.js:227:7)
      at IncomingMessage.onEnd (node_modules/raw-body/index.js:287:7)

    console.warn
      [client-error] 
{"kind":"unhandledrejection","message":"r1","filename":null,"lineno":null,"colno":null,"url":null,"userAgent":null}

    [0m [90m 363 |[39m   }
     [90m 364 |[39m
    [31m[1m>[22m[39m[90m 365 |[39m   console[33m.[39mwarn([32m'[client-error]'[39m[33m,[39m 
[33mJSON[39m[33m.[39mstringify({
     [90m     |[39m           [31m[1m^[22m[39m
     [90m 366 |[39m     kind[33m,[39m message[33m,[39m filename[33m,[39m lineno[33m,[39m colno[33m,[39m 
url[33m,[39m userAgent[33m,[39m
     [90m 367 |[39m     [90m// stack goes on its own line so Railway log UI doesn't collapse it.[39m
     [90m 368 |[39m   }))[33m;[39m[0m

      at warn (src/routes/diag.js:365:11)
      at Layer.handle [as handle_request] (node_modules/express/lib/router/layer.js:95:5)
      at next (node_modules/express/lib/router/route.js:149:13)
      at next (src/routes/diag.js:34:27)
      at Layer.handle [as handle_request] (node_modules/express/lib/router/layer.js:95:5)
      at next (node_modules/express/lib/router/route.js:149:13)
      at Route.dispatch (node_modules/express/lib/router/route.js:119:3)
      at Layer.handle [as handle_request] (node_modules/express/lib/router/layer.js:95:5)
      at node_modules/express/lib/router/index.js:284:15
      at router.process_params (node_modules/express/lib/router/index.js:346:12)
      at next (node_modules/express/lib/router/index.js:280:10)
      at router.handle (node_modules/express/lib/router/index.js:175:3)
      at router (node_modules/express/lib/router/index.js:47:12)
      at Layer.handle [as handle_request] (node_modules/express/lib/router/layer.js:95:5)
      at trim_prefix (node_modules/express/lib/router/index.js:328:13)
      at node_modules/express/lib/router/index.js:286:9
      at router.process_params (node_modules/express/lib/router/index.js:346:12)
      at next (node_modules/express/lib/router/index.js:280:10)
      at next (src/middleware/visitorLog.js:101:41)
      at Layer.handle [as handle_request] (node_modules/express/lib/router/layer.js:95:5)
      at trim_prefix (node_modules/express/lib/router/index.js:328:13)
      at node_modules/express/lib/router/index.js:286:9
      at router.process_params (node_modules/express/lib/router/index.js:346:12)
      at next (node_modules/express/lib/router/index.js:280:10)
      at next (src/middleware/csrf.js:37:47)
      at csrfProtection (src/index.js:205:10)
      at Layer.handle [as handle_request] (node_modules/express/lib/router/layer.js:95:5)
      at trim_prefix (node_modules/express/lib/router/index.js:328:13)
      at node_modules/express/lib/router/index.js:286:9
      at router.process_params (node_modules/express/lib/router/index.js:346:12)
      at next (node_modules/express/lib/router/index.js:280:10)
      at next (src/middleware/csrf.js:14:47)
      at Layer.handle [as handle_request] (node_modules/express/lib/router/layer.js:95:5)
      at trim_prefix (node_modules/express/lib/router/index.js:328:13)
      at node_modules/express/lib/router/index.js:286:9
      at router.process_params (node_modules/express/lib/router/index.js:346:12)
      at next (node_modules/express/lib/router/index.js:280:10)
      at cookieParser (node_modules/cookie-parser/index.js:57:14)
      at Layer.handle [as handle_request] (node_modules/express/lib/router/layer.js:95:5)
      at trim_prefix (node_modules/express/lib/router/index.js:328:13)
      at node_modules/express/lib/router/index.js:286:9
      at router.process_params (node_modules/express/lib/router/index.js:346:12)
      at next (node_modules/express/lib/router/index.js:280:10)
      at urlencodedParser (node_modules/body-parser/lib/types/urlencoded.js:82:7)
      at Layer.handle [as handle_request] (node_modules/express/lib/router/layer.js:95:5)
      at trim_prefix (node_modules/express/lib/router/index.js:328:13)
      at node_modules/express/lib/router/index.js:286:9
      at router.process_params (node_modules/express/lib/router/index.js:346:12)
      at next (node_modules/express/lib/router/index.js:280:10)
      at node_modules/body-parser/lib/read.js:137:5
      at invokeCallback (node_modules/raw-body/index.js:238:16)
      at done (node_modules/raw-body/index.js:227:7)
      at IncomingMessage.onEnd (node_modules/raw-body/index.js:287:7)

    console.warn
      [client-error] 
{"kind":"unhandledrejection","message":"r2","filename":null,"lineno":null,"colno":null,"url":null,"userAgent":null}

    [0m [90m 363 |[39m   }
     [90m 364 |[39m
    [31m[1m>[22m[39m[90m 365 |[39m   console[33m.[39mwarn([32m'[client-error]'[39m[33m,[39m 
[33mJSON[39m[33m.[39mstringify({
     [90m     |[39m           [31m[1m^[22m[39m
     [90m 366 |[39m     kind[33m,[39m message[33m,[39m filename[33m,[39m lineno[33m,[39m colno[33m,[39m 
url[33m,[39m userAgent[33m,[39m
     [90m 367 |[39m     [90m// stack goes on its own line so Railway log UI doesn't collapse it.[39m
     [90m 368 |[39m   }))[33m;[39m[0m

      at warn (src/routes/diag.js:365:11)
      at Layer.handle [as handle_request] (node_modules/express/lib/router/layer.js:95:5)
      at next (node_modules/express/lib/router/route.js:149:13)
      at next (src/routes/diag.js:34:27)
      at Layer.handle [as handle_request] (node_modules/express/lib/router/layer.js:95:5)
      at next (node_modules/express/lib/router/route.js:149:13)
      at Route.dispatch (node_modules/express/lib/router/route.js:119:3)
      at Layer.handle [as handle_request] (node_modules/express/lib/router/layer.js:95:5)
      at node_modules/express/lib/router/index.js:284:15
      at router.process_params (node_modules/express/lib/router/index.js:346:12)
      at next (node_modules/express/lib/router/index.js:280:10)
      at router.handle (node_modules/express/lib/router/index.js:175:3)
      at router (node_modules/express/lib/router/index.js:47:12)
      at Layer.handle [as handle_request] (node_modules/express/lib/router/layer.js:95:5)
      at trim_prefix (node_modules/express/lib/router/index.js:328:13)
      at node_modules/express/lib/router/index.js:286:9
      at router.process_params (node_modules/express/lib/router/index.js:346:12)
      at next (node_modules/express/lib/router/index.js:280:10)
      at next (src/middleware/visitorLog.js:101:41)
      at Layer.handle [as handle_request] (node_modules/express/lib/router/layer.js:95:5)
      at trim_prefix (node_modules/express/lib/router/index.js:328:13)
      at node_modules/express/lib/router/index.js:286:9
      at router.process_params (node_modules/express/lib/router/index.js:346:12)
      at next (node_modules/express/lib/router/index.js:280:10)
      at next (src/middleware/csrf.js:37:47)
      at csrfProtection (src/index.js:205:10)
      at Layer.handle [as handle_request] (node_modules/express/lib/router/layer.js:95:5)
      at trim_prefix (node_modules/express/lib/router/index.js:328:13)
      at node_modules/express/lib/router/index.js:286:9
      at router.process_params (node_modules/express/lib/router/index.js:346:12)
      at next (node_modules/express/lib/router/index.js:280:10)
      at next (src/middleware/csrf.js:14:47)
      at Layer.handle [as handle_request] (node_modules/express/lib/router/layer.js:95:5)
      at trim_prefix (node_modules/express/lib/router/index.js:328:13)
      at node_modules/express/lib/router/index.js:286:9
      at router.process_params (node_modules/express/lib/router/index.js:346:12)
      at next (node_modules/express/lib/router/index.js:280:10)
      at cookieParser (node_modules/cookie-parser/index.js:57:14)
      at Layer.handle [as handle_request] (node_modules/express/lib/router/layer.js:95:5)
      at trim_prefix (node_modules/express/lib/router/index.js:328:13)
      at node_modules/express/lib/router/index.js:286:9
      at router.process_params (node_modules/express/lib/router/index.js:346:12)
      at next (node_modules/express/lib/router/index.js:280:10)
      at urlencodedParser (node_modules/body-parser/lib/types/urlencoded.js:82:7)
      at Layer.handle [as handle_request] (node_modules/express/lib/router/layer.js:95:5)
      at trim_prefix (node_modules/express/lib/router/index.js:328:13)
      at node_modules/express/lib/router/index.js:286:9
      at router.process_params (node_modules/express/lib/router/index.js:346:12)
      at next (node_modules/express/lib/router/index.js:280:10)
      at node_modules/body-parser/lib/read.js:137:5
      at invokeCallback (node_modules/raw-body/index.js:238:16)
      at done (node_modules/raw-body/index.js:227:7)
      at IncomingMessage.onEnd (node_modules/raw-body/index.js:287:7)

    console.warn
      [client-error] 
{"kind":"error","message":"probe","filename":null,"lineno":null,"colno":null,"url":null,"userAgent":null}

    [0m [90m 363 |[39m   }
     [90m 364 |[39m
    [31m[1m>[22m[39m[90m 365 |[39m   console[33m.[39mwarn([32m'[client-error]'[39m[33m,[39m 
[33mJSON[39m[33m.[39mstringify({
     [90m     |[39m           [31m[1m^[22m[39m
     [90m 366 |[39m     kind[33m,[39m message[33m,[39m filename[33m,[39m lineno[33m,[39m colno[33m,[39m 
url[33m,[39m userAgent[33m,[39m
     [90m 367 |[39m     [90m// stack goes on its own line so Railway log UI doesn't collapse it.[39m
     [90m 368 |[39m   }))[33m;[39m[0m

      at warn (src/routes/diag.js:365:11)
      at Layer.handle [as handle_request] (node_modules/express/lib/router/layer.js:95:5)
      at next (node_modules/express/lib/router/route.js:149:13)
      at next (src/routes/diag.js:34:27)
      at Layer.handle [as handle_request] (node_modules/express/lib/router/layer.js:95:5)
      at next (node_modules/express/lib/router/route.js:149:13)
      at Route.dispatch (node_modules/express/lib/router/route.js:119:3)
      at Layer.handle [as handle_request] (node_modules/express/lib/router/layer.js:95:5)
      at node_modules/express/lib/router/index.js:284:15
      at router.process_params (node_modules/express/lib/router/index.js:346:12)
      at next (node_modules/express/lib/router/index.js:280:10)
      at router.handle (node_modules/express/lib/router/index.js:175:3)
      at router (node_modules/express/lib/router/index.js:47:12)
      at Layer.handle [as handle_request] (node_modules/express/lib/router/layer.js:95:5)
      at trim_prefix (node_modules/express/lib/router/index.js:328:13)
      at node_modules/express/lib/router/index.js:286:9
      at router.process_params (node_modules/express/lib/router/index.js:346:12)
      at next (node_modules/express/lib/router/index.js:280:10)
      at next (src/middleware/visitorLog.js:101:41)
      at Layer.handle [as handle_request] (node_modules/express/lib/router/layer.js:95:5)
      at trim_prefix (node_modules/express/lib/router/index.js:328:13)
      at node_modules/express/lib/router/index.js:286:9
      at router.process_params (node_modules/express/lib/router/index.js:346:12)
      at next (node_modules/express/lib/router/index.js:280:10)
      at next (src/middleware/csrf.js:37:47)
      at csrfProtection (src/index.js:205:10)
      at Layer.handle [as handle_request] (node_modules/express/lib/router/layer.js:95:5)
      at trim_prefix (node_modules/express/lib/router/index.js:328:13)
      at node_modules/express/lib/router/index.js:286:9
      at router.process_params (node_modules/express/lib/router/index.js:346:12)
      at next (node_modules/express/lib/router/index.js:280:10)
      at next (src/middleware/csrf.js:14:47)
      at Layer.handle [as handle_request] (node_modules/express/lib/router/layer.js:95:5)
      at trim_prefix (node_modules/express/lib/router/index.js:328:13)
      at node_modules/express/lib/router/index.js:286:9
      at router.process_params (node_modules/express/lib/router/index.js:346:12)
      at next (node_modules/express/lib/router/index.js:280:10)
      at cookieParser (node_modules/cookie-parser/index.js:57:14)
      at Layer.handle [as handle_request] (node_modules/express/lib/router/layer.js:95:5)
      at trim_prefix (node_modules/express/lib/router/index.js:328:13)
      at node_modules/express/lib/router/index.js:286:9
      at router.process_params (node_modules/express/lib/router/index.js:346:12)
      at next (node_modules/express/lib/router/index.js:280:10)
      at urlencodedParser (node_modules/body-parser/lib/types/urlencoded.js:82:7)
      at Layer.handle [as handle_request] (node_modules/express/lib/router/layer.js:95:5)
      at trim_prefix (node_modules/express/lib/router/index.js:328:13)
      at node_modules/express/lib/router/index.js:286:9
      at router.process_params (node_modules/express/lib/router/index.js:346:12)
      at next (node_modules/express/lib/router/index.js:280:10)
      at node_modules/body-parser/lib/read.js:137:5
      at invokeCallback (node_modules/raw-body/index.js:238:16)
      at done (node_modules/raw-body/index.js:227:7)
      at IncomingMessage.onEnd (node_modules/raw-body/index.js:287:7)

PASS __tests__/admin-user-mgmt.test.js (5.29 s)
  ÔùÅ Console

    console.log
      [kelion-startup] dist folder FOUND. Files: ["assets","audio-capture-worklet.js","favicon.svg","icons.svg","index.
html","kelion-rpm_e27cb94d.glb","manifest.webmanifest","sw.js"]

      at Object.log (src/index.js:100:11)

    console.log
      [kelion-startup] Database initialized

      at log (src/index.js:60:11)

    console.log
      [adminBootstrap] skipped ÔÇö ADMIN_BOOTSTRAP_PASSWORD not set (target email: adrianenc11@gmail.com)

      at log (src/services/adminBootstrap.js:62:13)

    console.warn
      [adminBootstrap] credit heal skipped ÔÇö admin user not found (adrianenc11@gmail.com)

    [0m [90m 150 |[39m       [36mconst[39m r [33m=[39m { healed[33m:[39m [36mfalse[39m[33m,[39m 
reason[33m:[39m [32m'admin user missing'[39m[33m,[39m email[33m,[39m floor }[33m;[39m
     [90m 151 |[39m       lastCreditHealResult [33m=[39m { ranAt[33m:[39m [36mnew[39m 
[33mDate[39m()[33m.[39mtoISOString()[33m,[39m result[33m:[39m r }[33m;[39m
    [31m[1m>[22m[39m[90m 152 |[39m       console[33m.[39mwarn([32m`[adminBootstrap] credit heal skipped ÔÇö 
admin user not found (${email})`[39m)[33m;[39m
     [90m     |[39m               [31m[1m^[22m[39m
     [90m 153 |[39m       [36mreturn[39m r[33m;[39m
     [90m 154 |[39m     }
     [90m 155 |[39m     [36mconst[39m current [33m=[39m [36mawait[39m 
getCreditsBalance(user[33m.[39mid)[33m;[39m[0m

      at warn (src/services/adminBootstrap.js:152:15)
      at src/index.js:75:15

PASS __tests__/auth.callback.test.js
  ÔùÅ Console

    console.log
      [kelion-startup] dist folder FOUND. Files: ["assets","audio-capture-worklet.js","favicon.svg","icons.svg","index.
html","kelion-rpm_e27cb94d.glb","manifest.webmanifest","sw.js"]

      at Object.log (src/index.js:100:11)

    console.log
      [kelion-startup] Database initialized

      at log (src/index.js:60:11)

    console.log
      [adminBootstrap] skipped ÔÇö ADMIN_BOOTSTRAP_PASSWORD not set (target email: adrianenc11@gmail.com)

      at log (src/services/adminBootstrap.js:62:13)

    console.error
      [adminBootstrap] credit heal failed: getUserByEmail is not a function

    [0m [90m 171 |[39m     [36mreturn[39m r[33m;[39m
     [90m 172 |[39m   } [36mcatch[39m (err) {
    [31m[1m>[22m[39m[90m 173 |[39m     console[33m.[39merror([32m'[adminBootstrap] credit heal 
failed:'[39m[33m,[39m err [33m&&[39m err[33m.[39mmessage)[33m;[39m
     [90m     |[39m             [31m[1m^[22m[39m
     [90m 174 |[39m     [36mconst[39m r [33m=[39m { healed[33m:[39m [36mfalse[39m[33m,[39m 
error[33m:[39m err [33m&&[39m err[33m.[39mmessage[33m,[39m email[33m,[39m floor }[33m;[39m
     [90m 175 |[39m     lastCreditHealResult [33m=[39m { ranAt[33m:[39m [36mnew[39m 
[33mDate[39m()[33m.[39mtoISOString()[33m,[39m result[33m:[39m r }[33m;[39m
     [90m 176 |[39m     [36mreturn[39m r[33m;[39m[0m

      at error (src/services/adminBootstrap.js:173:13)
      at healAdminCredits (src/index.js:75:21)

    console.error
      [auth] Callback error: Token exchange failed

    [0m [90m 137 |[39m     res[33m.[39mredirect(config[33m.[39mappBaseUrl)[33m;[39m
     [90m 138 |[39m   } [36mcatch[39m (err) {
    [31m[1m>[22m[39m[90m 139 |[39m     console[33m.[39merror([32m'[auth] Callback error:'[39m[33m,[39m 
err[33m.[39mmessage)[33m;[39m
     [90m     |[39m             [31m[1m^[22m[39m
     [90m 140 |[39m     [36mif[39m (mode [33m===[39m [32m'mobile'[39m) {
     [90m 141 |[39m       [36mreturn[39m res[33m.[39mstatus([35m500[39m)[33m.[39mjson({ error[33m:[39m 
[32m'Authentication failed'[39m })[33m;[39m
     [90m 142 |[39m     }[0m

      at error (src/routes/auth.js:139:13)

    console.error
      [auth] Callback error: Token exchange failed

    [0m [90m 137 |[39m     res[33m.[39mredirect(config[33m.[39mappBaseUrl)[33m;[39m
     [90m 138 |[39m   } [36mcatch[39m (err) {
    [31m[1m>[22m[39m[90m 139 |[39m     console[33m.[39merror([32m'[auth] Callback error:'[39m[33m,[39m 
err[33m.[39mmessage)[33m;[39m
     [90m     |[39m             [31m[1m^[22m[39m
     [90m 140 |[39m     [36mif[39m (mode [33m===[39m [32m'mobile'[39m) {
     [90m 141 |[39m       [36mreturn[39m res[33m.[39mstatus([35m500[39m)[33m.[39mjson({ error[33m:[39m 
[32m'Authentication failed'[39m })[33m;[39m
     [90m 142 |[39m     }[0m

      at error (src/routes/auth.js:139:13)

    console.error
      [auth] Callback error: Google account email is not verified

    [0m [90m 137 |[39m     res[33m.[39mredirect(config[33m.[39mappBaseUrl)[33m;[39m
     [90m 138 |[39m   } [36mcatch[39m (err) {
    [31m[1m>[22m[39m[90m 139 |[39m     console[33m.[39merror([32m'[auth] Callback error:'[39m[33m,[39m 
err[33m.[39mmessage)[33m;[39m
     [90m     |[39m             [31m[1m^[22m[39m
     [90m 140 |[39m     [36mif[39m (mode [33m===[39m [32m'mobile'[39m) {
     [90m 141 |[39m       [36mreturn[39m res[33m.[39mstatus([35m500[39m)[33m.[39mjson({ error[33m:[39m 
[32m'Authentication failed'[39m })[33m;[39m
     [90m 142 |[39m     }[0m

      at error (src/routes/auth.js:139:13)

PASS __tests__/docs-ocr-tools.test.js
PASS __tests__/api.routes.test.js
  ÔùÅ Console

    console.log
      [kelion-startup] dist folder FOUND. Files: ["assets","audio-capture-worklet.js","favicon.svg","icons.svg","index.
html","kelion-rpm_e27cb94d.glb","manifest.webmanifest","sw.js"]

      at Object.log (src/index.js:100:11)

    console.log
      [kelion-startup] Database initialized

      at log (src/index.js:60:11)

    console.log
      [adminBootstrap] skipped ÔÇö ADMIN_BOOTSTRAP_PASSWORD not set (target email: adrianenc11@gmail.com)

      at log (src/services/adminBootstrap.js:62:13)

    console.warn
      [adminBootstrap] credit heal skipped ÔÇö admin user not found (adrianenc11@gmail.com)

    [0m [90m 150 |[39m       [36mconst[39m r [33m=[39m { healed[33m:[39m [36mfalse[39m[33m,[39m 
reason[33m:[39m [32m'admin user missing'[39m[33m,[39m email[33m,[39m floor }[33m;[39m
     [90m 151 |[39m       lastCreditHealResult [33m=[39m { ranAt[33m:[39m [36mnew[39m 
[33mDate[39m()[33m.[39mtoISOString()[33m,[39m result[33m:[39m r }[33m;[39m
    [31m[1m>[22m[39m[90m 152 |[39m       console[33m.[39mwarn([32m`[adminBootstrap] credit heal skipped ÔÇö 
admin user not found (${email})`[39m)[33m;[39m
     [90m     |[39m               [31m[1m^[22m[39m
     [90m 153 |[39m       [36mreturn[39m r[33m;[39m
     [90m 154 |[39m     }
     [90m 155 |[39m     [36mconst[39m current [33m=[39m [36mawait[39m 
getCreditsBalance(user[33m.[39mid)[33m;[39m[0m

      at warn (src/services/adminBootstrap.js:152:15)
      at src/index.js:75:15

PASS __tests__/pr-d-tools.test.js
PASS __tests__/image-gen.test.js
PASS __tests__/studio-sandbox.test.js
  ÔùÅ Console

    console.log
      [db] using SQLite at C:\Users\adria\.antigravity\extensions\kelionai-v2\server\:memory: (exists=false, 
looksPersistent=false)

      at log (src/db/index.js:46:13)

    console.warn
      [db] *** WARNING: SQLite path is NOT under a typical Railway volume mount.

    [0m [90m 46 |[39m     console[33m.[39mlog([32m`[db] using SQLite at ${absPath} 
(exists=${fs.existsSync(absPath)}, looksPersistent=${looksPersistent})`[39m)[33m;[39m
     [90m 47 |[39m     [36mif[39m ([33m![39mlooksPersistent) {
    [31m[1m>[22m[39m[90m 48 |[39m       console[33m.[39mwarn([32m'[db] *** WARNING: SQLite path is NOT under 
a typical Railway volume mount.'[39m)[33m;[39m
     [90m    |[39m               [31m[1m^[22m[39m
     [90m 49 |[39m       console[33m.[39mwarn([32m'[db] *** Data WILL be wiped on every redeploy. Attach a 
Railway Volume to /app/server/data, OR set DATABASE_URL to a managed Postgres and redeploy.'[39m)[33m;[39m
     [90m 50 |[39m     }
     [90m 51 |[39m   } [36mcatch[39m (err) {[0m

      at warn (src/db/index.js:48:15)
      at Object.logAndMigrateDbLocation [as initDb] (src/db/index.js:65:3)
      at Object.initDb (__tests__/studio-sandbox.test.js:53:15)

    console.warn
      [db] *** Data WILL be wiped on every redeploy. Attach a Railway Volume to /app/server/data, OR set DATABASE_URL 
to a managed Postgres and redeploy.

    [0m [90m 47 |[39m     [36mif[39m ([33m![39mlooksPersistent) {
     [90m 48 |[39m       console[33m.[39mwarn([32m'[db] *** WARNING: SQLite path is NOT under a typical Railway 
volume mount.'[39m)[33m;[39m
    [31m[1m>[22m[39m[90m 49 |[39m       console[33m.[39mwarn([32m'[db] *** Data WILL be wiped on every 
redeploy. Attach a Railway Volume to /app/server/data, OR set DATABASE_URL to a managed Postgres and 
redeploy.'[39m)[33m;[39m
     [90m    |[39m               [31m[1m^[22m[39m
     [90m 50 |[39m     }
     [90m 51 |[39m   } [36mcatch[39m (err) {
     [90m 52 |[39m     console[33m.[39mwarn([32m'[db] startup location check failed:'[39m[33m,[39m err 
[33m&&[39m err[33m.[39mmessage)[33m;[39m[0m

      at warn (src/db/index.js:49:15)
      at Object.logAndMigrateDbLocation [as initDb] (src/db/index.js:65:3)
      at Object.initDb (__tests__/studio-sandbox.test.js:53:15)

PASS __tests__/memory-consolidate-endpoint.test.js
PASS __tests__/preferred-language.test.js
  ÔùÅ Console

    console.log
      [db] using SQLite at C:\Users\adria\.antigravity\extensions\kelionai-v2\server\:memory: (exists=false, 
looksPersistent=false)

      at log (src/db/index.js:46:13)

    console.warn
      [db] *** WARNING: SQLite path is NOT under a typical Railway volume mount.

    [0m [90m 46 |[39m     console[33m.[39mlog([32m`[db] using SQLite at ${absPath} 
(exists=${fs.existsSync(absPath)}, looksPersistent=${looksPersistent})`[39m)[33m;[39m
     [90m 47 |[39m     [36mif[39m ([33m![39mlooksPersistent) {
    [31m[1m>[22m[39m[90m 48 |[39m       console[33m.[39mwarn([32m'[db] *** WARNING: SQLite path is NOT under 
a typical Railway volume mount.'[39m)[33m;[39m
     [90m    |[39m               [31m[1m^[22m[39m
     [90m 49 |[39m       console[33m.[39mwarn([32m'[db] *** Data WILL be wiped on every redeploy. Attach a 
Railway Volume to /app/server/data, OR set DATABASE_URL to a managed Postgres and redeploy.'[39m)[33m;[39m
     [90m 50 |[39m     }
     [90m 51 |[39m   } [36mcatch[39m (err) {[0m

      at warn (src/db/index.js:48:15)
      at Object.logAndMigrateDbLocation [as initDb] (src/db/index.js:65:3)
      at Object.initDb (__tests__/preferred-language.test.js:123:20)

    console.warn
      [db] *** Data WILL be wiped on every redeploy. Attach a Railway Volume to /app/server/data, OR set DATABASE_URL 
to a managed Postgres and redeploy.

    [0m [90m 47 |[39m     [36mif[39m ([33m![39mlooksPersistent) {
     [90m 48 |[39m       console[33m.[39mwarn([32m'[db] *** WARNING: SQLite path is NOT under a typical Railway 
volume mount.'[39m)[33m;[39m
    [31m[1m>[22m[39m[90m 49 |[39m       console[33m.[39mwarn([32m'[db] *** Data WILL be wiped on every 
redeploy. Attach a Railway Volume to /app/server/data, OR set DATABASE_URL to a managed Postgres and 
redeploy.'[39m)[33m;[39m
     [90m    |[39m               [31m[1m^[22m[39m
     [90m 50 |[39m     }
     [90m 51 |[39m   } [36mcatch[39m (err) {
     [90m 52 |[39m     console[33m.[39mwarn([32m'[db] startup location check failed:'[39m[33m,[39m err 
[33m&&[39m err[33m.[39mmessage)[33m;[39m[0m

      at warn (src/db/index.js:49:15)
      at Object.logAndMigrateDbLocation [as initDb] (src/db/index.js:65:3)
      at Object.initDb (__tests__/preferred-language.test.js:123:20)

    console.log
      [db] using SQLite at C:\Users\adria\.antigravity\extensions\kelionai-v2\server\:memory: (exists=false, 
looksPersistent=false)

      at log (src/db/index.js:46:13)

    console.warn
      [db] *** WARNING: SQLite path is NOT under a typical Railway volume mount.

    [0m [90m 46 |[39m     console[33m.[39mlog([32m`[db] using SQLite at ${absPath} 
(exists=${fs.existsSync(absPath)}, looksPersistent=${looksPersistent})`[39m)[33m;[39m
     [90m 47 |[39m     [36mif[39m ([33m![39mlooksPersistent) {
    [31m[1m>[22m[39m[90m 48 |[39m       console[33m.[39mwarn([32m'[db] *** WARNING: SQLite path is NOT under 
a typical Railway volume mount.'[39m)[33m;[39m
     [90m    |[39m               [31m[1m^[22m[39m
     [90m 49 |[39m       console[33m.[39mwarn([32m'[db] *** Data WILL be wiped on every redeploy. Attach a 
Railway Volume to /app/server/data, OR set DATABASE_URL to a managed Postgres and redeploy.'[39m)[33m;[39m
     [90m 50 |[39m     }
     [90m 51 |[39m   } [36mcatch[39m (err) {[0m

      at warn (src/db/index.js:48:15)
      at Object.logAndMigrateDbLocation [as initDb] (src/db/index.js:65:3)
      at Object.initDb (__tests__/preferred-language.test.js:195:17)

    console.warn
      [db] *** Data WILL be wiped on every redeploy. Attach a Railway Volume to /app/server/data, OR set DATABASE_URL 
to a managed Postgres and redeploy.

    [0m [90m 47 |[39m     [36mif[39m ([33m![39mlooksPersistent) {
     [90m 48 |[39m       console[33m.[39mwarn([32m'[db] *** WARNING: SQLite path is NOT under a typical Railway 
volume mount.'[39m)[33m;[39m
    [31m[1m>[22m[39m[90m 49 |[39m       console[33m.[39mwarn([32m'[db] *** Data WILL be wiped on every 
redeploy. Attach a Railway Volume to /app/server/data, OR set DATABASE_URL to a managed Postgres and 
redeploy.'[39m)[33m;[39m
     [90m    |[39m               [31m[1m^[22m[39m
     [90m 50 |[39m     }
     [90m 51 |[39m   } [36mcatch[39m (err) {
     [90m 52 |[39m     console[33m.[39mwarn([32m'[db] startup location check failed:'[39m[33m,[39m err 
[33m&&[39m err[33m.[39mmessage)[33m;[39m[0m

      at warn (src/db/index.js:49:15)
      at Object.logAndMigrateDbLocation [as initDb] (src/db/index.js:65:3)
      at Object.initDb (__tests__/preferred-language.test.js:195:17)

PASS __tests__/pr-c-tools.test.js
PASS __tests__/conversations.test.js
PASS __tests__/update-user-allowlist.test.js
  ÔùÅ Console

    console.log
      [db] using SQLite at C:\Users\adria\.antigravity\extensions\kelionai-v2\server\:memory: (exists=false, 
looksPersistent=false)

      at log (src/db/index.js:46:13)

    console.warn
      [db] *** WARNING: SQLite path is NOT under a typical Railway volume mount.

    [0m [90m 46 |[39m     console[33m.[39mlog([32m`[db] using SQLite at ${absPath} 
(exists=${fs.existsSync(absPath)}, looksPersistent=${looksPersistent})`[39m)[33m;[39m
     [90m 47 |[39m     [36mif[39m ([33m![39mlooksPersistent) {
    [31m[1m>[22m[39m[90m 48 |[39m       console[33m.[39mwarn([32m'[db] *** WARNING: SQLite path is NOT under 
a typical Railway volume mount.'[39m)[33m;[39m
     [90m    |[39m               [31m[1m^[22m[39m
     [90m 49 |[39m       console[33m.[39mwarn([32m'[db] *** Data WILL be wiped on every redeploy. Attach a 
Railway Volume to /app/server/data, OR set DATABASE_URL to a managed Postgres and redeploy.'[39m)[33m;[39m
     [90m 50 |[39m     }
     [90m 51 |[39m   } [36mcatch[39m (err) {[0m

      at warn (src/db/index.js:48:15)
      at Object.logAndMigrateDbLocation [as initDb] (src/db/index.js:65:3)
      at Object.initDb (__tests__/update-user-allowlist.test.js:22:12)

    console.warn
      [db] *** Data WILL be wiped on every redeploy. Attach a Railway Volume to /app/server/data, OR set DATABASE_URL 
to a managed Postgres and redeploy.

    [0m [90m 47 |[39m     [36mif[39m ([33m![39mlooksPersistent) {
     [90m 48 |[39m       console[33m.[39mwarn([32m'[db] *** WARNING: SQLite path is NOT under a typical Railway 
volume mount.'[39m)[33m;[39m
    [31m[1m>[22m[39m[90m 49 |[39m       console[33m.[39mwarn([32m'[db] *** Data WILL be wiped on every 
redeploy. Attach a Railway Volume to /app/server/data, OR set DATABASE_URL to a managed Postgres and 
redeploy.'[39m)[33m;[39m
     [90m    |[39m               [31m[1m^[22m[39m
     [90m 50 |[39m     }
     [90m 51 |[39m   } [36mcatch[39m (err) {
     [90m 52 |[39m     console[33m.[39mwarn([32m'[db] startup location check failed:'[39m[33m,[39m err 
[33m&&[39m err[33m.[39mmessage)[33m;[39m[0m

      at warn (src/db/index.js:49:15)
      at Object.logAndMigrateDbLocation [as initDb] (src/db/index.js:65:3)
      at Object.initDb (__tests__/update-user-allowlist.test.js:22:12)

PASS __tests__/vertex-live-proxy.test.js
PASS __tests__/ai-credits-groq.test.js
PASS __tests__/credits-consume-db-backed.test.js
  ÔùÅ Console

    console.warn
      [credits/consume] db load error connect ECONNREFUSED

    [0m [90m 369 |[39m       [36mreturn[39m {}[33m;[39m
     [90m 370 |[39m     } [36mcatch[39m (e) {
    [31m[1m>[22m[39m[90m 371 |[39m       console[33m.[39mwarn([32m'[credits/consume] db load 
error'[39m[33m,[39m e [33m&&[39m e[33m.[39mmessage)[33m;[39m
     [90m     |[39m               [31m[1m^[22m[39m
     [90m 372 |[39m       [90m// Fall through to the cache fallback below.[39m
     [90m 373 |[39m     }
     [90m 374 |[39m   }[0m

      at warn (src/routes/credits.js:371:15)
      at Object.<anonymous> (__tests__/credits-consume-db-backed.test.js:141:17)

    console.warn
      [credits/consume] db load error db down

    [0m [90m 369 |[39m       [36mreturn[39m {}[33m;[39m
     [90m 370 |[39m     } [36mcatch[39m (e) {
    [31m[1m>[22m[39m[90m 371 |[39m       console[33m.[39mwarn([32m'[credits/consume] db load 
error'[39m[33m,[39m e [33m&&[39m e[33m.[39mmessage)[33m;[39m
     [90m     |[39m               [31m[1m^[22m[39m
     [90m 372 |[39m       [90m// Fall through to the cache fallback below.[39m
     [90m 373 |[39m     }
     [90m 374 |[39m   }[0m

      at warn (src/routes/credits.js:371:15)
      at Object.<anonymous> (__tests__/credits-consume-db-backed.test.js:150:17)

    console.warn
      [credits/consume] db save error db disconnected

    [0m [90m 395 |[39m     [36mawait[39m _dbSaveConsumeState(userId[33m,[39m nextState[33m,[39m 
nowMs)[33m;[39m
     [90m 396 |[39m   } [36mcatch[39m (e) {
    [31m[1m>[22m[39m[90m 397 |[39m     console[33m.[39mwarn([32m'[credits/consume] db save 
error'[39m[33m,[39m e [33m&&[39m e[33m.[39mmessage)[33m;[39m
     [90m     |[39m             [31m[1m^[22m[39m
     [90m 398 |[39m   }
     [90m 399 |[39m }
     [90m 400 |[39m[0m

      at warn (src/routes/credits.js:397:13)
      at Object.<anonymous> (__tests__/credits-consume-db-backed.test.js:190:5)

PASS __tests__/voice-style.test.js
PASS __tests__/voice-clone-byte-cap.test.js
PASS __tests__/camera-voice-controls.test.js
PASS __tests__/mobile-gps-camera-tools.test.js
PASS __tests__/credits-refund.test.js
  ÔùÅ Console

    console.log
      [credits/webhook] refunded {
        charge: 'ch_1',
        refund: 're_1',
        userId: 1,
        topupId: 101,
        minutesReverted: 33,
        duplicate: false
      }

      at log (src/routes/credits.js:715:11)

    console.log
      [credits/webhook] refunded {
        charge: 'ch_1',
        refund: 're_partial',
        userId: 1,
        topupId: 101,
        minutesReverted: 33,
        duplicate: false
      }

      at log (src/routes/credits.js:715:11)

    console.log
      [credits/webhook] refunded {
        charge: 'ch_1',
        refund: 're_over',
        userId: 1,
        topupId: 101,
        minutesReverted: 10,
        duplicate: false
      }

      at log (src/routes/credits.js:715:11)

    console.log
      [credits/webhook] refunded {
        charge: 'ch_1',
        refund: 're_dust',
        userId: 1,
        topupId: 101,
        minutesReverted: 1,
        duplicate: false
      }

      at log (src/routes/credits.js:715:11)

    console.log
      [credits/webhook] refunded {
        charge: 'ch_1',
        refund: 're_newest',
        userId: 1,
        topupId: 101,
        minutesReverted: 30,
        duplicate: false
      }

      at log (src/routes/credits.js:715:11)

    console.warn
      [credits/webhook] charge.refunded has no matching top-up { charge: 'ch_1', pi: 'pi_1' }

    [0m [90m 666 |[39m   [36mconst[39m topup [33m=[39m [36mawait[39m 
getCreditTopupByPaymentIntent(paymentIntent)[33m;[39m
     [90m 667 |[39m   [36mif[39m ([33m![39mtopup) {
    [31m[1m>[22m[39m[90m 668 |[39m     console[33m.[39mwarn([32m'[credits/webhook] charge.refunded has no 
matching top-up'[39m[33m,[39m {
     [90m     |[39m             [31m[1m^[22m[39m
     [90m 669 |[39m       charge[33m:[39m charge[33m.[39mid[33m,[39m pi[33m:[39m paymentIntent[33m,[39m
     [90m 670 |[39m     })[33m;[39m
     [90m 671 |[39m     [36mreturn[39m[33m;[39m[0m

      at warn (src/routes/credits.js:668:13)
      at Object.<anonymous> (__tests__/credits-refund.test.js:165:5)

    console.warn
      [credits/webhook] charge.refunded missing payment_intent ch_1

    [0m [90m 661 |[39m     [33m?[39m charge[33m.[39mpayment_intent [33m:[39m [36mnull[39m[33m;[39m
     [90m 662 |[39m   [36mif[39m ([33m![39mpaymentIntent) {
    [31m[1m>[22m[39m[90m 663 |[39m     console[33m.[39mwarn([32m'[credits/webhook] charge.refunded missing 
payment_intent'[39m[33m,[39m charge[33m.[39mid)[33m;[39m
     [90m     |[39m             [31m[1m^[22m[39m
     [90m 664 |[39m     [36mreturn[39m[33m;[39m
     [90m 665 |[39m   }
     [90m 666 |[39m   [36mconst[39m topup [33m=[39m [36mawait[39m 
getCreditTopupByPaymentIntent(paymentIntent)[33m;[39m[0m

      at warn (src/routes/credits.js:663:13)
      at Object.handleChargeRefunded (__tests__/credits-refund.test.js:178:11)

    console.warn
      [credits/webhook] charge.refunded missing object evt_empty

    [0m [90m 655 |[39m   [36mconst[39m charge [33m=[39m event [33m&&[39m event[33m.[39mdata [33m&&[39m 
event[33m.[39mdata[33m.[39mobject[33m;[39m
     [90m 656 |[39m   [36mif[39m ([33m![39mcharge [33m||[39m [36mtypeof[39m charge [33m!==[39m 
[32m'object'[39m) {
    [31m[1m>[22m[39m[90m 657 |[39m     console[33m.[39mwarn([32m'[credits/webhook] charge.refunded missing 
object'[39m[33m,[39m event[33m?[39m[33m.[39mid)[33m;[39m
     [90m     |[39m             [31m[1m^[22m[39m
     [90m 658 |[39m     [36mreturn[39m[33m;[39m
     [90m 659 |[39m   }
     [90m 660 |[39m   [36mconst[39m paymentIntent [33m=[39m [36mtypeof[39m charge[33m.[39mpayment_intent 
[33m===[39m [32m'string'[39m[0m

      at warn (src/routes/credits.js:657:13)
      at Object.handleChargeRefunded (__tests__/credits-refund.test.js:185:11)

    console.warn
      [credits/webhook] charge.refunded top-up has zero base { charge: 'ch_1', topupId: 101 }

    [0m [90m 674 |[39m   [36mconst[39m originalMinutes [33m=[39m [33mNumber[39m(topup[33m.[39mdelta_minutes 
[33m||[39m [35m0[39m)[33m;[39m
     [90m 675 |[39m   [36mif[39m ([33m![39m(originalCents [33m>[39m [35m0[39m) [33m||[39m 
[33m![39m(originalMinutes [33m>[39m [35m0[39m)) {
    [31m[1m>[22m[39m[90m 676 |[39m     console[33m.[39mwarn([32m'[credits/webhook] charge.refunded top-up has 
zero base'[39m[33m,[39m {
     [90m     |[39m             [31m[1m^[22m[39m
     [90m 677 |[39m       charge[33m:[39m charge[33m.[39mid[33m,[39m topupId[33m:[39m 
topup[33m.[39mid[33m,[39m
     [90m 678 |[39m     })[33m;[39m
     [90m 679 |[39m     [36mreturn[39m[33m;[39m[0m

      at warn (src/routes/credits.js:676:13)
      at Object.<anonymous> (__tests__/credits-refund.test.js:195:5)

    console.warn
      [credits/webhook] charge.refunded missing refunds.data[0] ch_1

    [0m [90m 687 |[39m   [36mconst[39m latest [33m=[39m refunds[[35m0[39m][33m;[39m
     [90m 688 |[39m   [36mif[39m ([33m![39mlatest [33m||[39m [33m![39mlatest[33m.[39mid) {
    [31m[1m>[22m[39m[90m 689 |[39m     console[33m.[39mwarn([32m'[credits/webhook] charge.refunded missing 
refunds.data[0]'[39m[33m,[39m charge[33m.[39mid)[33m;[39m
     [90m     |[39m             [31m[1m^[22m[39m
     [90m 690 |[39m     [36mreturn[39m[33m;[39m
     [90m 691 |[39m   }
     [90m 692 |[39m   [36mconst[39m refundCents [33m=[39m [33mNumber[39m(latest[33m.[39mamount [33m||[39m 
[35m0[39m)[33m;[39m[0m

      at warn (src/routes/credits.js:689:13)
      at Object.<anonymous> (__tests__/credits-refund.test.js:204:5)

    console.warn
      [credits/webhook] charge.refunded missing refunds.data[0] ch_1

    [0m [90m 687 |[39m   [36mconst[39m latest [33m=[39m refunds[[35m0[39m][33m;[39m
     [90m 688 |[39m   [36mif[39m ([33m![39mlatest [33m||[39m [33m![39mlatest[33m.[39mid) {
    [31m[1m>[22m[39m[90m 689 |[39m     console[33m.[39mwarn([32m'[credits/webhook] charge.refunded missing 
refunds.data[0]'[39m[33m,[39m charge[33m.[39mid)[33m;[39m
     [90m     |[39m             [31m[1m^[22m[39m
     [90m 690 |[39m     [36mreturn[39m[33m;[39m
     [90m 691 |[39m   }
     [90m 692 |[39m   [36mconst[39m refundCents [33m=[39m [33mNumber[39m(latest[33m.[39mamount [33m||[39m 
[35m0[39m)[33m;[39m[0m

      at warn (src/routes/credits.js:689:13)
      at Object.<anonymous> (__tests__/credits-refund.test.js:209:5)

    console.warn
      [credits/webhook] charge.refunded missing refunds.data[0] ch_1

    [0m [90m 687 |[39m   [36mconst[39m latest [33m=[39m refunds[[35m0[39m][33m;[39m
     [90m 688 |[39m   [36mif[39m ([33m![39mlatest [33m||[39m [33m![39mlatest[33m.[39mid) {
    [31m[1m>[22m[39m[90m 689 |[39m     console[33m.[39mwarn([32m'[credits/webhook] charge.refunded missing 
refunds.data[0]'[39m[33m,[39m charge[33m.[39mid)[33m;[39m
     [90m     |[39m             [31m[1m^[22m[39m
     [90m 690 |[39m     [36mreturn[39m[33m;[39m
     [90m 691 |[39m   }
     [90m 692 |[39m   [36mconst[39m refundCents [33m=[39m [33mNumber[39m(latest[33m.[39mamount [33m||[39m 
[35m0[39m)[33m;[39m[0m

      at warn (src/routes/credits.js:689:13)
      at Object.<anonymous> (__tests__/credits-refund.test.js:215:5)

    console.warn
      [credits/webhook] charge.refunded has zero amount { charge: 'ch_1', refund: 're_zero' }

    [0m [90m 692 |[39m   [36mconst[39m refundCents [33m=[39m [33mNumber[39m(latest[33m.[39mamount 
[33m||[39m [35m0[39m)[33m;[39m
     [90m 693 |[39m   [36mif[39m ([33m![39m(refundCents [33m>[39m [35m0[39m)) {
    [31m[1m>[22m[39m[90m 694 |[39m     console[33m.[39mwarn([32m'[credits/webhook] charge.refunded has zero 
amount'[39m[33m,[39m {
     [90m     |[39m             [31m[1m^[22m[39m
     [90m 695 |[39m       charge[33m:[39m charge[33m.[39mid[33m,[39m refund[33m:[39m 
latest[33m.[39mid[33m,[39m
     [90m 696 |[39m     })[33m;[39m
     [90m 697 |[39m     [36mreturn[39m[33m;[39m[0m

      at warn (src/routes/credits.js:694:13)
      at Object.<anonymous> (__tests__/credits-refund.test.js:218:5)

    console.log
      [credits/webhook] refunded {
        charge: 'ch_1',
        refund: 're_replay',
        userId: 1,
        topupId: 101,
        minutesReverted: 33,
        duplicate: true
      }

      at log (src/routes/credits.js:715:11)

    console.log
      [credits/webhook] refunded {
        charge: 'ch_1',
        refund: 're_eur',
        userId: 1,
        topupId: 101,
        minutesReverted: 16,
        duplicate: false
      }

      at log (src/routes/credits.js:715:11)

PASS __tests__/credits-consume-gc.test.js
PASS __tests__/credits.test.js
PASS __tests__/memory-subject-tagging.test.js
PASS __tests__/auto-topup.test.js
  ÔùÅ Console

    console.log
      [alert] {"to":"contact@kelionai.app","subject":"[Kelion] Auto-topup triggered for ElevenLabs (20 
EUR)","text":"ElevenLabs dropped to 5.0% of its 10000 quota.\nCharged 20 EUR on the saved card.\nStripe PaymentIntent: 
pi_test_123 (status: succeeded).\nThreshold: 20% ┬À Cooldown: 24h.\nManage saved card: 
https://dashboard.stripe.com/customers"}

      at log (src/services/emailAlerts.js:80:11)

    console.log
      [alert] {"to":"contact@kelionai.app","subject":"[Kelion] Auto-topup triggered for ElevenLabs (20 
EUR)","text":"ElevenLabs dropped to 5.0% of its 10000 quota.\nCharged 20 EUR on the saved card.\nStripe PaymentIntent: 
pi_test_123 (status: succeeded).\nThreshold: 20% ┬À Cooldown: 0h.\nManage saved card: 
https://dashboard.stripe.com/customers"}

      at log (src/services/emailAlerts.js:80:11)

    console.log
      [alert] {"to":"contact@kelionai.app","subject":"[Kelion] Auto-topup FAILED for ElevenLabs","text":"ElevenLabs 
dropped to 5.0% of its 10000 quota.\nAuto-topup of 20 EUR failed:\ncard_declined\n\nOpen 
https://dashboard.stripe.com/payments to investigate, or\nhttps://dashboard.stripe.com/customers to rotate the saved 
payment method."}

      at log (src/services/emailAlerts.js:80:11)

    console.log
      [alert] {"to":"contact@kelionai.app","subject":"[Kelion] Auto-topup triggered for ElevenLabs (20 
EUR)","text":"ElevenLabs dropped to 5.0% of its 10000 quota.\nCharged 20 EUR on the saved card.\nStripe PaymentIntent: 
pi_test_123 (status: succeeded).\nThreshold: 20% ┬À Cooldown: 24h.\nManage saved card: 
https://dashboard.stripe.com/customers"}

      at log (src/services/emailAlerts.js:80:11)

    console.log
      [alert] {"to":"contact@kelionai.app","subject":"[Kelion] Auto-topup triggered for ElevenLabs (20 
EUR)","text":"ElevenLabs dropped to 5.0% of its 10000 quota.\nCharged 20 EUR on the saved card.\nStripe PaymentIntent: 
pi_test_123 (status: succeeded).\nThreshold: 20% ┬À Cooldown: 24h.\nManage saved card: 
https://dashboard.stripe.com/customers"}

      at log (src/services/emailAlerts.js:80:11)

    console.log
      [alert] {"to":"contact@kelionai.app","subject":"[Kelion] Auto-topup FAILED for ElevenLabs","text":"ElevenLabs 
dropped to 5.0% of its 10000 quota.\nAuto-topup of 20 EUR failed:\nStripe request timed out after 10000ms\n\nOpen 
https://dashboard.stripe.com/payments to investigate, or\nhttps://dashboard.stripe.com/customers to rotate the saved 
payment method."}

      at log (src/services/emailAlerts.js:80:11)

    console.log
      [alert] {"to":"contact@kelionai.app","subject":"[Kelion] Auto-topup triggered for ElevenLabs (25 
EUR)","text":"ElevenLabs dropped to 5.0% of its 10000 quota.\nCharged 25 EUR on the saved card.\nStripe PaymentIntent: 
pi_test_123 (status: succeeded).\nThreshold: 15% ┬À Cooldown: 24h.\nManage saved card: 
https://dashboard.stripe.com/customers"}

      at log (src/services/emailAlerts.js:80:11)

PASS __tests__/payouts.test.js
PASS __tests__/process-handlers.test.js
PASS __tests__/ui-action-tools.test.js
PASS __tests__/db.test.js
PASS __tests__/error-reporter.test.js
PASS __tests__/credits-consume-decision.test.js
PASS __tests__/sanitize-prior-turns.test.js
PASS __tests__/memory-consolidator.test.js
PASS __tests__/proactive.test.js
PASS __tests__/visitor-log.test.js
PASS __tests__/google.utils.test.js
PASS __tests__/visitor-analytics.test.js
PASS __tests__/prior-turns-selector.test.js
PASS __tests__/optional-auth.test.js
PASS __tests__/subscription.test.js
  ÔùÅ Console

    console.log
      [kelion-startup] dist folder FOUND. Files: ["assets","audio-capture-worklet.js","favicon.svg","icons.svg","index.
html","kelion-rpm_e27cb94d.glb","manifest.webmanifest","sw.js"]

      at Object.log (src/index.js:100:11)

    console.log
      [kelion-startup] Database initialized

      at log (src/index.js:60:11)

    console.log
      [adminBootstrap] skipped ÔÇö ADMIN_BOOTSTRAP_PASSWORD not set (target email: adrianenc11@gmail.com)

      at log (src/services/adminBootstrap.js:62:13)

    console.warn
      [adminBootstrap] credit heal skipped ÔÇö admin user not found (adrianenc11@gmail.com)

    [0m [90m 150 |[39m       [36mconst[39m r [33m=[39m { healed[33m:[39m [36mfalse[39m[33m,[39m 
reason[33m:[39m [32m'admin user missing'[39m[33m,[39m email[33m,[39m floor }[33m;[39m
     [90m 151 |[39m       lastCreditHealResult [33m=[39m { ranAt[33m:[39m [36mnew[39m 
[33mDate[39m()[33m.[39mtoISOString()[33m,[39m result[33m:[39m r }[33m;[39m
    [31m[1m>[22m[39m[90m 152 |[39m       console[33m.[39mwarn([32m`[adminBootstrap] credit heal skipped ÔÇö 
admin user not found (${email})`[39m)[33m;[39m
     [90m     |[39m               [31m[1m^[22m[39m
     [90m 153 |[39m       [36mreturn[39m r[33m;[39m
     [90m 154 |[39m     }
     [90m 155 |[39m     [36mconst[39m current [33m=[39m [36mawait[39m 
getCreditsBalance(user[33m.[39mid)[33m;[39m[0m

      at warn (src/services/adminBootstrap.js:152:15)
      at src/index.js:75:15

PASS __tests__/admin-user-merge.test.js
  ÔùÅ Console

    console.log
      [kelion-startup] dist folder FOUND. Files: ["assets","audio-capture-worklet.js","favicon.svg","icons.svg","index.
html","kelion-rpm_e27cb94d.glb","manifest.webmanifest","sw.js"]

      at Object.log (src/index.js:100:11)

    console.log
      [kelion-startup] Database initialized

      at log (src/index.js:60:11)

    console.log
      [adminBootstrap] skipped ÔÇö ADMIN_BOOTSTRAP_PASSWORD not set (target email: adrianenc11@gmail.com)

      at log (src/services/adminBootstrap.js:62:13)

    console.warn
      [adminBootstrap] credit heal skipped ÔÇö admin user not found (adrianenc11@gmail.com)

    [0m [90m 150 |[39m       [36mconst[39m r [33m=[39m { healed[33m:[39m [36mfalse[39m[33m,[39m 
reason[33m:[39m [32m'admin user missing'[39m[33m,[39m email[33m,[39m floor }[33m;[39m
     [90m 151 |[39m       lastCreditHealResult [33m=[39m { ranAt[33m:[39m [36mnew[39m 
[33mDate[39m()[33m.[39mtoISOString()[33m,[39m result[33m:[39m r }[33m;[39m
    [31m[1m>[22m[39m[90m 152 |[39m       console[33m.[39mwarn([32m`[adminBootstrap] credit heal skipped ÔÇö 
admin user not found (${email})`[39m)[33m;[39m
     [90m     |[39m               [31m[1m^[22m[39m
     [90m 153 |[39m       [36mreturn[39m r[33m;[39m
     [90m 154 |[39m     }
     [90m 155 |[39m     [36mconst[39m current [33m=[39m [36mawait[39m 
getCreditsBalance(user[33m.[39mid)[33m;[39m[0m

      at warn (src/services/adminBootstrap.js:152:15)
      at src/index.js:75:15

    console.error
      [admin/users/merge] Error: source and target must differ

    [0m [90m 529 |[39m   } [36mcatch[39m (err) {
     [90m 530 |[39m     [36mconst[39m msg [33m=[39m err [33m&&[39m err[33m.[39mmessage [33m?[39m 
err[33m.[39mmessage [33m:[39m [33mString[39m(err)[33m;[39m
    [31m[1m>[22m[39m[90m 531 |[39m     console[33m.[39merror([32m'[admin/users/merge] Error:'[39m[33m,[39m 
msg)[33m;[39m
     [90m     |[39m             [31m[1m^[22m[39m
     [90m 532 |[39m     [90m// Client errors (bad IDs, different emails) get 400 so the UI[39m
     [90m 533 |[39m     [90m// can surface the message; genuine server crashes stay 500.[39m
     [90m 534 |[39m     [36mconst[39m is4xx [33m=[39m [35m/not found|must differ|required|different 
email/i[39m[33m.[39mtest(msg)[33m;[39m[0m

      at error (src/routes/admin.js:531:13)
      at Layer.handle [as handle_request] (node_modules/express/lib/router/layer.js:95:5)
      at next (node_modules/express/lib/router/route.js:149:13)
      at Route.dispatch (node_modules/express/lib/router/route.js:119:3)
      at Layer.handle [as handle_request] (node_modules/express/lib/router/layer.js:95:5)
      at node_modules/express/lib/router/index.js:284:15
      at router.process_params (node_modules/express/lib/router/index.js:346:12)
      at next (node_modules/express/lib/router/index.js:280:10)
      at next (src/middleware/auth.js:215:14)

    console.error
      [admin/users/merge] Error: source user uid-missing not found

    [0m [90m 529 |[39m   } [36mcatch[39m (err) {
     [90m 530 |[39m     [36mconst[39m msg [33m=[39m err [33m&&[39m err[33m.[39mmessage [33m?[39m 
err[33m.[39mmessage [33m:[39m [33mString[39m(err)[33m;[39m
    [31m[1m>[22m[39m[90m 531 |[39m     console[33m.[39merror([32m'[admin/users/merge] Error:'[39m[33m,[39m 
msg)[33m;[39m
     [90m     |[39m             [31m[1m^[22m[39m
     [90m 532 |[39m     [90m// Client errors (bad IDs, different emails) get 400 so the UI[39m
     [90m 533 |[39m     [90m// can surface the message; genuine server crashes stay 500.[39m
     [90m 534 |[39m     [36mconst[39m is4xx [33m=[39m [35m/not found|must differ|required|different 
email/i[39m[33m.[39mtest(msg)[33m;[39m[0m

      at error (src/routes/admin.js:531:13)
      at Layer.handle [as handle_request] (node_modules/express/lib/router/layer.js:95:5)
      at next (node_modules/express/lib/router/route.js:149:13)
      at Route.dispatch (node_modules/express/lib/router/route.js:119:3)
      at Layer.handle [as handle_request] (node_modules/express/lib/router/layer.js:95:5)
      at node_modules/express/lib/router/index.js:284:15
      at router.process_params (node_modules/express/lib/router/index.js:346:12)
      at next (node_modules/express/lib/router/index.js:280:10)
      at next (src/middleware/auth.js:215:14)

    console.error
      [admin/users/merge] Error: target user uid-missing not found

    [0m [90m 529 |[39m   } [36mcatch[39m (err) {
     [90m 530 |[39m     [36mconst[39m msg [33m=[39m err [33m&&[39m err[33m.[39mmessage [33m?[39m 
err[33m.[39mmessage [33m:[39m [33mString[39m(err)[33m;[39m
    [31m[1m>[22m[39m[90m 531 |[39m     console[33m.[39merror([32m'[admin/users/merge] Error:'[39m[33m,[39m 
msg)[33m;[39m
     [90m     |[39m             [31m[1m^[22m[39m
     [90m 532 |[39m     [90m// Client errors (bad IDs, different emails) get 400 so the UI[39m
     [90m 533 |[39m     [90m// can surface the message; genuine server crashes stay 500.[39m
     [90m 534 |[39m     [36mconst[39m is4xx [33m=[39m [35m/not found|must differ|required|different 
email/i[39m[33m.[39mtest(msg)[33m;[39m[0m

      at error (src/routes/admin.js:531:13)
      at Layer.handle [as handle_request] (node_modules/express/lib/router/layer.js:95:5)
      at next (node_modules/express/lib/router/route.js:149:13)
      at Route.dispatch (node_modules/express/lib/router/route.js:119:3)
      at Layer.handle [as handle_request] (node_modules/express/lib/router/layer.js:95:5)
      at node_modules/express/lib/router/index.js:284:15
      at router.process_params (node_modules/express/lib/router/index.js:346:12)
      at next (node_modules/express/lib/router/index.js:280:10)
      at next (src/middleware/auth.js:215:14)

    console.error
      [admin/users/merge] Error: refusing to merge users with different email addresses

    [0m [90m 529 |[39m   } [36mcatch[39m (err) {
     [90m 530 |[39m     [36mconst[39m msg [33m=[39m err [33m&&[39m err[33m.[39mmessage [33m?[39m 
err[33m.[39mmessage [33m:[39m [33mString[39m(err)[33m;[39m
    [31m[1m>[22m[39m[90m 531 |[39m     console[33m.[39merror([32m'[admin/users/merge] Error:'[39m[33m,[39m 
msg)[33m;[39m
     [90m     |[39m             [31m[1m^[22m[39m
     [90m 532 |[39m     [90m// Client errors (bad IDs, different emails) get 400 so the UI[39m
     [90m 533 |[39m     [90m// can surface the message; genuine server crashes stay 500.[39m
     [90m 534 |[39m     [36mconst[39m is4xx [33m=[39m [35m/not found|must differ|required|different 
email/i[39m[33m.[39mtest(msg)[33m;[39m[0m

      at error (src/routes/admin.js:531:13)
      at Layer.handle [as handle_request] (node_modules/express/lib/router/layer.js:95:5)
      at next (node_modules/express/lib/router/route.js:149:13)
      at Route.dispatch (node_modules/express/lib/router/route.js:119:3)
      at Layer.handle [as handle_request] (node_modules/express/lib/router/layer.js:95:5)
      at node_modules/express/lib/router/index.js:284:15
      at router.process_params (node_modules/express/lib/router/index.js:346:12)
      at next (node_modules/express/lib/router/index.js:280:10)
      at next (src/middleware/auth.js:215:14)

-----------------------------|---------|----------|---------|---------|------------------------------------------------------------------------------------------------------------------------------------------------------------------------------------------------------------------------------------------------------------------------------------------------------------------------------------------------------------------------------------
File                         | % Stmts | % Branch | % Funcs | % Lines | Uncovered Line #s                                                                                                                                                                                                                                                                                                                                                                  
-----------------------------|---------|----------|---------|---------|------------------------------------------------------------------------------------------------------------------------------------------------------------------------------------------------------------------------------------------------------------------------------------------------------------------------------------------------------------------------------------
All files                    |   45.48 |    35.85 |   47.46 |   46.38 |                                                                                                                                                                                                                                                                                                                                                                                    
 __tests__/helpers           |   77.92 |    67.59 |   81.25 |    91.3 |                                                                                                                                                                                                                                                                                                                                                                                    
  mockDb.js                  |   77.92 |    67.59 |   81.25 |    91.3 | 36-37,41-42,69,72,145-146                                                                                                                                                                                                                                                                                                                                                          
 src                         |   70.43 |    46.21 |   53.57 |   73.36 |                                                                                                                                                                                                                                                                                                                                                                                    
  config.js                  |      75 |    66.66 |   83.33 |   77.77 | 17-19,31-33                                                                                                                                                                                                                                                                                                                                                                        
  index.js                   |   69.69 |    40.21 |   45.45 |   72.72 | 64-67,77-83,88-93,102,140-141,178,230,242,254,265-268,343,356-357,390-394,414-456,465-466,479-487                                                                                                                                                                                                                                                                                  
 src/db                      |    41.6 |    29.12 |   37.19 |   41.48 |                                                                                                                                                                                                                                                                                                                                                                                    
  index.js                   |   45.53 |    32.63 |   41.78 |   45.28 | 32,38-42,52,58-62,97,205,208-209,212,215,316,513-563,580-581,598-832,886-1075,1083,1167-1212,1220-1293,1315-1427,1448,1500-1502,1536,1539,1542,1548-1555,1560-1561,1568-1578,1591-1592,1615-1674,1744-1759,1809,1878,1959,1967,2161-2215,2225-2428,2446-2489                                                                                                                       
  pg-adapter.js              |    6.31 |        0 |       0 |     7.4 | 35-50,59-79,90-215                                                                                                                                                                                                                                                                                                                                                                 
  postgres-schema.js         |     100 |      100 |     100 |     100 |                                                                                                                                                                                                                                                                                                                                                                                    
 src/middleware              |   50.57 |    39.92 |   71.42 |   49.14 |                                                                                                                                                                                                                                                                                                                                                                                    
  auth.js                    |   38.37 |    36.36 |     100 |   38.82 | 40-157,180-183,189-190,196-197,207,222                                                                                                                                                                                                                                                                                                                                             
  csrf.js                    |   38.09 |    11.76 |     100 |   33.33 | 16-26,39-51                                                                                                                                                                                                                                                                                                                                                                        
  optionalAuth.js            |   85.71 |     74.5 |   83.33 |   86.66 | 109,152-163                                                                                                                                                                                                                                                                                                                                                                        
  subscription.js            |   16.27 |     3.33 |      50 |   16.66 | 49-51,60-157                                                                                                                                                                                                                                                                                                                                                                       
  visitorLog.js              |   64.91 |     40.9 |      50 |   68.18 | 24-39,96,102-117                                                                                                                                                                                                                                                                                                                                                                   
 src/routes                  |   39.48 |    31.03 |   37.33 |   40.19 |                                                                                                                                                                                                                                                                                                                                                                                    
  admin.js                   |   41.45 |    34.13 |   31.81 |   41.94 | 54-55,65-85,95-105,135-143,166-213,218-225,238-258,273-296,304-348,360-364,378-402,414-420,445,480-481,498-499,575-576,598-599,647-648,685-686,715-716,745,761-762,782,791-792,801-814,829-862,871-883,892-904,914-942,952-975,988-1010,1016-1017                                                                                                                                  
  auth.js                    |   81.91 |    73.77 |      90 |   82.12 | 35-39,97,174,193,198-199,260-266,296-297,343-344,381-382,397-398,408-423                                                                                                                                                                                                                                                                                                           
  conversations.js           |   68.57 |    73.52 |   83.33 |   70.49 | 33-34,46-47,60-61,91-92,99-107,120-121                                                                                                                                                                                                                                                                                                                                             
  credits.js                 |   51.02 |    44.23 |      52 |   52.39 | 91,102-103,288-317,322-323,402-493,503-595,632,726-810                                                                                                                                                                                                                                                                                                                             
  demo.js                    |   13.91 |        0 |       0 |   14.67 | 29-72,78-96,102-139,145-162,170-247,253-271                                                                                                                                                                                                                                                                                                                                        
  diag.js                    |   33.82 |       26 |      50 |   38.13 | 56-126,144-174,212-244,260-312                                                                                                                                                                                                                                                                                                                                                     
  generatedImages.js         |   33.33 |        0 |       0 |   33.33 | 22-36                                                                                                                                                                                                                                                                                                                                                                              
  memory.js                  |   47.88 |    53.84 |      20 |      50 | 30-39,45-51,57-65,71-76,117-119,132-133                                                                                                                                                                                                                                                                                                                                            
  passkey.js                 |   16.21 |        0 |      10 |   16.03 | 42-55,65-100,107-144,153-169,176-220,228-274,280-281                                                                                                                                                                                                                                                                                                                               
  proxy.js                   |   12.06 |        0 |       0 |   12.96 | 21-31,35-37,55-129                                                                                                                                                                                                                                                                                                                                                                 
  push.js                    |   22.72 |    14.63 |       0 |      25 | 29-33,38,44-61,67-76,82-94,102-165                                                                                                                                                                                                                                                                                                                                                 
  realtime.js                |   28.28 |    16.81 |   55.55 |   26.87 | 10,46-49,53-96,175-180,1185-1187,1199-1566,1579-1692,1702-1881,1888-1895                                                                                                                                                                                                                                                                                                           
  studio.js                  |   80.42 |    77.69 |     100 |   83.13 | 85-86,97-98,121-122,144-145,160-161,175-176,193-194,211-212,228-229,252,263,308-309,398-399,411-415                                                                                                                                                                                                                                                                                
  tools.js                   |   11.29 |     0.85 |       0 |   12.19 | 29-42,53-67,73-79,89-160,170-188,193-211,216-234,240-248,258-306,313                                                                                                                                                                                                                                                                                                               
  trial.js                   |   58.33 |        0 |       0 |   58.33 | 42-56                                                                                                                                                                                                                                                                                                                                                                              
  users.js                   |      50 |    43.33 |   42.85 |      50 | 19,47-48,69-72,88-89,98-103,112-129,138-160                                                                                                                                                                                                                                                                                                                                        
  vertexLiveProxy.js         |    19.6 |     32.3 |   15.78 |    21.5 | 47-80,126-136,144-239                                                                                                                                                                                                                                                                                                                                                              
  voiceClone.js              |   21.96 |    13.07 |    7.14 |   22.75 | 53-55,89,107-116,122-127,134-225,245-293,298-326,335-403,418-444,451-468                                                                                                                                                                                                                                                                                                           
 src/services                |   45.31 |    37.22 |      50 |   47.07 |                                                                                                                                                                                                                                                                                                                                                                                    
  actionHistorySummarizer.js |   79.48 |    59.42 |     100 |      80 | 47,68,71-72,75,78,93                                                                                                                                                                                                                                                                                                                                                               
  adminBootstrap.js          |      40 |    40.62 |      40 |      40 | 51-53,70-128,155-171,181                                                                                                                                                                                                                                                                                                                                                           
  aiCredits.js               |   27.89 |    17.69 |   44.44 |   29.62 | 64-66,74-75,82-83,131-164,189-217,292-391                                                                                                                                                                                                                                                                                                                                          
  autoTopup.js               |   94.01 |    84.15 |   72.72 |   97.19 | 177,268,294                                                                                                                                                                                                                                                                                                                                                                        
  banCache.js                |   96.15 |    88.88 |     100 |     100 | 18,43                                                                                                                                                                                                                                                                                                                                                                              
  emailAlerts.js             |   41.66 |    39.13 |      50 |   43.47 | 37-58,64-75                                                                                                                                                                                                                                                                                                                                                                        
  factExtractor.js           |    77.5 |    79.48 |     100 |   87.87 | 86-87,91-92                                                                                                                                                                                                                                                                                                                                                                        
  googleMcp.js               |    7.61 |        0 |       0 |    8.88 | 13,25-247                                                                                                                                                                                                                                                                                                                                                                          
  imageGen.js                |   56.66 |    52.38 |   33.33 |   58.62 | 29-45                                                                                                                                                                                                                                                                                                                                                                              
  ipGeo.js                   |    6.84 |        0 |       0 |    9.43 | 21-111                                                                                                                                                                                                                                                                                                                                                                             
  memoryConsolidator.js      |   93.58 |    84.25 |     100 |   98.27 | 294-295                                                                                                                                                                                                                                                                                                                                                                            
  payouts.js                 |   93.02 |    72.46 |   81.81 |   97.36 | 94,162                                                                                                                                                                                                                                                                                                                                                                             
  proactive.js               |   69.79 |    54.28 |   54.54 |   71.42 | 56-60,72-91,135,147-154                                                                                                                                                                                                                                                                                                                                                            
  realTools.js               |   33.01 |    28.37 |   40.39 |   33.99 | 48-100,112-115,176-178,210-255,270-273,297,328-735,752-853,868-980,990-1079,1092-1213,1238-1338,1395,1412-1507,1533-1544,1555-1641,1709-1714,1742-1764,1770-1776,1781-1786,1815-1849,1869,1888,1934,2048-2049,2053,2066-2067,2082,2119,2144-2174,2196,2218,2239,2261,2308,2332-2397,2518,2525,2547,2560-2613,2650,2704,2743,2775-2815,2818,2821-2832,2838-2847,2858-2951,2968-3009 
  studioSandbox.js           |   92.85 |    75.64 |     100 |    92.3 | 38-46                                                                                                                                                                                                                                                                                                                                                                              
  trialQuota.js              |   11.11 |        0 |       0 |    12.5 | 34-172                                                                                                                                                                                                                                                                                                                                                                             
  visitorAnalytics.js        |   87.91 |     72.5 |   95.45 |   94.87 | 82-84,100,176,275                                                                                                                                                                                                                                                                                                                                                                  
  voiceClone.js              |   10.66 |     1.36 |    12.5 |    12.5 | 39-167                                                                                                                                                                                                                                                                                                                                                                             
 src/utils                   |   90.58 |    84.54 |    90.9 |    91.6 |                                                                                                                                                                                                                                                                                                                                                                                    
  google.js                  |   47.82 |       10 |      60 |   47.82 | 56-95                                                                                                                                                                                                                                                                                                                                                                              
  language.js                |     100 |    86.36 |     100 |     100 | 66-68,89                                                                                                                                                                                                                                                                                                                                                                           
  priorTurnsSelector.js      |     100 |      100 |     100 |     100 |                                                                                                                                                                                                                                                                                                                                                                                    
  processHandlers.js         |   97.72 |    92.85 |   88.88 |     100 | 64,85                                                                                                                                                                                                                                                                                                                                                                              
  sanitizePriorTurns.js      |   94.11 |       90 |     100 |     100 | 118,141,149                                                                                                                                                                                                                                                                                                                                                                        
-----------------------------|---------|----------|---------|---------|------------------------------------------------------------------------------------------------------------------------------------------------------------------------------------------------------------------------------------------------------------------------------------------------------------------------------------------------------------------------------------

Test Suites: 1 skipped, 49 passed, 49 of 50 total
Tests:       6 skipped, 763 passed, 769 total
Snapshots:   0 total
Time:        8.675 s
Ran all test suites.
